******************************************************************************
                  TI ARM Linker Unix v20.2.5                   
******************************************************************************
>> Linked Thu Sep 30 11:54:25 2021

OUTPUT FILE NAME:   <rfPacketTx_CC1310_LAUNCHXL_nortos_ccs.out>
ENTRY POINT SYMBOL: "resetISR"  address: 00004e65


MEMORY CONFIGURATION

         name            origin    length      used     unused   attr    fill
----------------------  --------  ---------  --------  --------  ----  --------
  FLASH                 00000000   00020000  00005e71  0001a18f  R  X
  SRAM                  20000000   00005000  000010db  00003f25  RW X


SEGMENT ALLOCATION MAP

run origin  load origin   length   init length attrs members
----------  ----------- ---------- ----------- ----- -------
00000000    00000000    00005c89   00005c89    r-x
  00000000    00000000    000000c8   000000c8    r-- .intvecs
  000000c8    000000c8    00004ffc   00004ffc    r-x .text
  000050c4    000050c4    00000bc5   00000bc5    r-- .const
00005c8c    00005c8c    00000008   00000008    rw-
  00005c8c    00005c8c    00000008   00000008    rw- .args
00005c98    00005c98    00000188   00000188    r--
  00005c98    00005c98    00000188   00000188    r-- .cinit
0001ffa8    0001ffa8    00000058   00000058    r--
  0001ffa8    0001ffa8    00000058   00000058    r-- .ccfg
20000000    20000000    00000c18   00000000    rw-
  20000000    20000000    000005f8   00000000    rw- .bss
  200005f8    200005f8    0000051b   00000000    rw- .data
  20000b18    20000b18    00000100   00000000    rw- .sysmem
20000d00    20000d00    000000c8   00000000    rw-
  20000d00    20000d00    000000c8   00000000    rw- .vtable_ram
20004c00    20004c00    00000400   00000000    rw-
  20004c00    20004c00    00000400   00000000    rw- .stack


SECTION ALLOCATION MAP

 output                                  attributes/
section   page    origin      length       input sections
--------  ----  ----------  ----------   ----------------
.intvecs   0    00000000    000000c8     
                  00000000    000000c8     nortos_cc13x0.aem3 : startup_cc13xx_cc26xx_ccs.oem3 (.intvecs)

.text      0    000000c8    00004ffc     
                  000000c8    0000048c     rf_multiMode_cc13x0.aem3 : RFCC26XX_multiMode.oem3 (.text:RF_fsmActiveState)
                  00000554    0000030c     drivers_cc13x0.aem3 : PowerCC26XX_calibrateRCOSC.oem3 (.text:PowerCC26XX_auxISR)
                  00000860    00000238     driverlib.lib : sys_ctrl.obj (.text:NOROM_SysCtrlSetRechargeBeforePowerDown)
                  00000a98    00000224     drivers_cc13x0.aem3 : PowerCC26XX.oem3 (.text:Power_sleep)
                  00000cbc    000001d8     rf_multiMode_cc13x0.aem3 : RFCC26XX_multiMode.oem3 (.text:RF_open)
                  00000e94    000001d4     HardLink.obj (.text:HardLink_init)
                  00001068    000001b0     drivers_cc13x0.aem3 : PINCC26XX.oem3 (.text:PIN_init)
                  00001218    00000190                         : PowerCC26XX_calibrateRCOSC.oem3 (.text:PowerCC26XX_doCalibrate)
                  000013a8    00000154     rf_multiMode_cc13x0.aem3 : RFCC26XX_multiMode.oem3 (.text:RF_fsmSetupState)
                  000014fc    00000128     smartrf_settings.obj (.text:rf_patch_rfe_genfsk)
                  00001624    00000124     driverlib.lib : setup_rom.obj (.text:NOROM_SetupAfterColdResetWakeupFromShutDownCfg3)
                  00001748    00000124     rf_multiMode_cc13x0.aem3 : RFCC26XX_multiMode.oem3 (.text:RF_dispatchNextCmd)
                  0000186c    00000118                              : RFCC26XX_multiMode.oem3 (.text:RF_radioOpDoneCb)
                  00001984    00000114     drivers_cc13x0.aem3 : PowerCC26XX.oem3 (.text:Power_init)
                  00001a98    00000100     nortos_cc13x0.aem3 : PowerCC26XX_nortos.oem3 (.text:PowerCC26XX_standbyPolicy)
                  00001b98    000000f0     driverlib.lib : setup_rom.obj (.text:NOROM_SetupAfterColdResetWakeupFromShutDownCfg2)
                  00001c88    000000f0     drivers_cc13x0.aem3 : PINCC26XX.oem3 (.text:PINCC26XX_setIoCfg)
                  00001d78    000000e8     rf_multiMode_cc13x0.aem3 : RFCC26XX_multiMode.oem3 (.text:RF_fsmPowerUpState)
                  00001e60    000000d8     nortos_cc13x0.aem3 : SwiP_nortos.oem3 (.text:SwiP_construct)
                  00001f38    000000d4     driverlib.lib : rfc.obj (.text:NOROM_RFCRfTrimRead)
                  0000200c    000000d4     rf_multiMode_cc13x0.aem3 : RFCC26XX_multiMode.oem3 (.text:RF_pendCmd)
                  000020e0    000000cc     HardLink.obj (.text:HardLink_setFrequency)
                  000021ac    000000cc     driverlib.lib : rfc.obj (.text:NOROM_RFCRTrim)
                  00002278    000000cc     rf_multiMode_cc13x0.aem3 : RFCC26XX_multiMode.oem3 (.text:RF_swiHw)
                  00002344    000000c8     driverlib.lib : setup.obj (.text:TrimAfterColdResetWakeupFromShutDown)
                  0000240c    000000c0     HardLink.obj (.text:HardLink_send)
                  000024cc    000000bc     drivers_cc13x0.aem3 : PowerCC26XX.oem3 (.text:Power_releaseDependency)
                  00002588    000000b8     rf_multiMode_cc13x0.aem3 : RFCC26XX_multiMode.oem3 (.text:RF_postCmd)
                  00002640    000000b4     drivers_cc13x0.aem3 : PowerCC26XX.oem3 (.text:Power_setDependency)
                  000026f4    000000b0     rf_multiMode_cc13x0.aem3 : RFCC26XX_multiMode.oem3 (.text:RF_hwiCpe0Active)
                  000027a4    000000b0     nortos_cc13x0.aem3 : TimerPCC26XX_nortos.oem3 (.text:TimerP_construct)
                  00002854    000000a8                        : ClockPTimer_nortos.oem3 (.text:ClockP_workFuncDynamic)
                  000028fc    000000a8     driverlib.lib : setup.obj (.text:NOROM_SetupTrimDevice)
                  000029a4    000000a8     rf_multiMode_cc13x0.aem3 : RFCC26XX_multiMode.oem3 (.text:RF_ratRestartChannels)
                  00002a4c    000000a4     driverlib.lib : setup_rom.obj (.text:NOROM_SetupAfterColdResetWakeupFromShutDownCfg1)
                  00002af0    000000a4     drivers_cc13x0.aem3 : PowerCC26XX.oem3 (.text:switchXOSCHFclockFunc)
                  00002b94    000000a0                         : PINCC26XX.oem3 (.text:PIN_open)
                  00002c34    000000a0     nortos_cc13x0.aem3 : SwiP_nortos.oem3 (.text:SwiP_dispatch)
                  00002cd4    0000009c                        : ClockPTimer_nortos.oem3 (.text:ClockP_startup)
                  00002d70    0000009c     rf_multiMode_cc13x0.aem3 : RFCC26XX_multiMode.oem3 (.text:RF_calculateDispatchTime)
                  00002e0c    0000009c     rtsv7M3_T_le_eabi.lib : memcpy_t2.asm.obj (.text)
                  00002ea8    00000098     nortos_cc13x0.aem3 : SemaphoreP_nortos.oem3 (.text:SemaphoreP_pend)
                  00002f40    00000098     smartrf_settings.obj (.text:configureGenfskPatch)
                  00002fd8    00000096     rtsv7M3_T_le_eabi.lib : ull_div_t2.asm.obj (.text)
                  0000306e    00000084     CC1310_LAUNCHXL_fxns.obj (.text:CC1310_LAUNCHXL_sendExtFlashByte)
                  000030f2    00000002     rf_multiMode_cc13x0.aem3 : RFCC26XX_multiMode.oem3 (.text:RF_defaultCallback)
                  000030f4    00000084                              : RFCC26XX_multiMode.oem3 (.text:RF_issueRadioFreeCb)
                  00003178    00000080     nortos_cc13x0.aem3 : ClockPTimer_nortos.oem3 (.text:ClockP_start)
                  000031f8    0000007c     rf_multiMode_cc13x0.aem3 : RFCC26XX_multiMode.oem3 (.text:RF_ratFreeChannel)
                  00003274    0000007a     rtsv7M3_T_le_eabi.lib : memset_t2.asm.obj (.text)
                  000032ee    00000002     nortos_cc13x0.aem3 : SemaphoreP_nortos.oem3 (.text:SemaphoreP_destruct)
                  000032f0    00000078                        : HwiPCC26XX_nortos.oem3 (.text:HwiP_construct)
                  00003368    00000074                        : ClockPTimer_nortos.oem3 (.text:ClockP_walkQueueDynamic)
                  000033dc    00000074     driverlib.lib : setup_rom.obj (.text:NOROM_SetupSetVddrLevel)
                  00003450    00000070     rf_multiMode_cc13x0.aem3 : RFCC26XX_multiMode.oem3 (.text:RF_hwiHw)
                  000034c0    00000070     nortos_cc13x0.aem3 : TimerPCC26XX_nortos.oem3 (.text:TimerP_start)
                  00003530    0000006c     drivers_cc13x0.aem3 : PowerCC26XX_calibrateRCOSC.oem3 (.text:PowerCC26XX_initiateCalibration)
                  0000359c    0000006c     rf_multiMode_cc13x0.aem3 : RFCC26XX_multiMode.oem3 (.text:RF_initRadioSetup)
                  00003608    00000068     driverlib.lib : setup_rom.obj (.text:NOROM_SetupGetTrimForAmpcompCtrl)
                  00003670    00000068                   : setup_rom.obj (.text:NOROM_SetupGetTrimForAnabypassValue1)
                  000036d8    00000068                   : sys_ctrl.obj (.text:NOROM_SysCtrlAdjustRechargeAfterPowerDown)
                  00003740    00000068                   : sys_ctrl.obj (.text:NOROM_SysCtrl_DCDC_VoltageConditionalControl)
                  000037a8    00000068     nortos_cc13x0.aem3 : SwiP_nortos.oem3 (.text:SwiP_post)
                  00003810    00000068     rtsv7M3_T_le_eabi.lib : copy_decompress_lzss.c.obj (.text:decompress:lzss:__TI_decompress_lzss)
                  00003878    00000068     drivers_cc13x0.aem3 : PowerCC26XX.oem3 (.text:lfClockReadyCallback)
                  000038e0    00000064     driverlib.lib : osc.obj (.text:NOROM_OSCHF_AttemptToSwitchToXosc)
                  00003944    00000064     rf_multiMode_cc13x0.aem3 : RFCC26XX_multiMode.oem3 (.text:RF_dispatchNextEvent)
                  000039a8    00000064     drivers_cc13x0.aem3 : PowerCC26XX.oem3 (.text:configureXOSCHF)
                  00003a0c    00000060     driverlib.lib : osc.obj (.text:NOROM_OSCClockSourceSet)
                  00003a6c    00000060     drivers_cc13x0.aem3 : PowerCC26XX.oem3 (.text:PowerCC26XX_calibrate)
                  00003acc    00000060     rf_multiMode_cc13x0.aem3 : RFCC26XX_multiMode.oem3 (.text:RF_getCurrentTime)
                  00003b2c    0000005c     drivers_cc13x0.aem3 : PowerCC26XX_calibrateRCOSC.oem3 (.text:PowerCC26XX_RCOSC_clockFunc)
                  00003b88    0000005c     rf_multiMode_cc13x0.aem3 : RFCC26XX_multiMode.oem3 (.text:RF_hwiCpe0PowerFsm)
                  00003be4    0000005c                              : RFCC26XX_multiMode.oem3 (.text:RF_syncCb)
                  00003c40    00000058     drivers_cc13x0.aem3 : PINCC26XX.oem3 (.text:PIN_remove)
                  00003c98    00000058     rf_multiMode_cc13x0.aem3 : RFCC26XX_multiMode.oem3 (.text:RF_cmdDispatchTime)
                  00003cf0    00000054                              : RFCC26XX_multiMode.oem3 (.text:RF_applyRfCorePatch)
                  00003d44    00000050     driverlib.lib : setup_rom.obj (.text:NOROM_SetupSetCacheModeAccordingToCcfgSetting)
                  00003d94    00000050     rf_multiMode_cc13x0.aem3 : RFCC26XX_multiMode.oem3 (.text:RF_fsmXOSCState)
                  00003de4    00000050                              : RFCC26XX_multiMode.oem3 (.text:RF_wakeupNotification)
                  00003e34    00000050     nortos_cc13x0.aem3 : SemaphoreP_nortos.oem3 (.text:SemaphoreP_construct)
                  00003e84    0000004c     CC1310_LAUNCHXL_fxns.obj (.text:CC1310_LAUNCHXL_wakeUpExtFlash)
                  00003ed0    00000048     nortos_cc13x0.aem3 : ClockPTimer_nortos.oem3 (.text:ClockP_construct)
                  00003f18    00000044                        : SwiP_nortos.oem3 (.text:SwiP_restore)
                  00003f5c    00000044     rtsv7M3_T_le_eabi.lib : autoinit.c.obj (.text:__TI_auto_init_nobinit_nopinit:__TI_auto_init_nobinit_nopinit)
                  00003fa0    00000040     CC1310_LAUNCHXL_fxns.obj (.text:CC1310_LAUNCHXL_shutDownExtFlash)
                  00003fe0    00000040     driverlib.lib : chipinfo.obj (.text:NOROM_ChipInfo_GetHwRevision)
                  00004020    00000040     drivers_cc13x0.aem3 : PINCC26XX.oem3 (.text:PIN_swi)
                  00004060    0000003c     driverlib.lib : osc.obj (.text:NOROM_OSC_HPOSCRelativeFrequencyOffsetGet)
                  0000409c    0000003c                   : rfc.obj (.text:NOROM_RFCSynthPowerDown)
                  000040d8    0000003c     drivers_cc13x0.aem3 : PowerCC26XX.oem3 (.text:PowerCC26XX_isStableXOSC_HF)
                  00004114    0000003c     rf_multiMode_cc13x0.aem3 : RFCC26XX_multiMode.oem3 (.text:RF_cmdGet)
                  00004150    0000003c                              : RFCC26XX_multiMode.oem3 (.text:RF_cmdStoreEvents)
                  0000418c    0000003c     nortos_cc13x0.aem3 : SemaphoreP_nortos.oem3 (.text:SemaphoreP_post)
                  000041c8    0000003c     drivers_cc13x0.aem3 : PowerCC26XX.oem3 (.text:disableLfClkQualifiersEnableClkLoss)
                  00004204    00000038                         : PINCC26XX.oem3 (.text:PIN_setConfig)
                  0000423c    00000038                         : PINCC26XX.oem3 (.text:PIN_setOutputValue)
                  00004274    00000038     rf_multiMode_cc13x0.aem3 : RFCC26XX_multiMode.oem3 (.text:RF_checkCmdFsError)
                  000042ac    00000038                              : RFCC26XX_multiMode.oem3 (.text:RF_powerConstraintRelease)
                  000042e4    00000038     main_nortos.obj (.text:main)
                  0000431c    00000036     nortos_cc13x0.aem3 : TimerPCC26XX_nortos.oem3 (.text:TimerP_setNextTick)
                  00004352    00000002                        : SemaphoreP_nortos.oem3 (.text:clkFxn)
                  00004354    00000034                        : ClockPTimer_nortos.oem3 (.text:ClockP_getTicksUntilInterrupt)
                  00004388    00000034     driverlib.lib : interrupt.obj (.text:NOROM_IntRegister)
                  000043bc    00000034                   : osc.obj (.text:NOROM_OSCHF_SwitchToRcOscTurnOffXosc)
                  000043f0    00000034     drivers_cc13x0.aem3 : PowerCC26XX.oem3 (.text:Power_releaseConstraint)
                  00004424    00000034     nortos_cc13x0.aem3 : TimerPCC26XX_nortos.oem3 (.text:TimerP_initDevice)
                  00004458    00000034     drivers_cc13x0.aem3 : PowerCC26XX.oem3 (.text:notify)
                  0000448c    00000030     driverlib.lib : chipinfo.obj (.text:NOROM_ChipInfo_GetChipType)
                  000044bc    00000030                   : setup_rom.obj (.text:NOROM_SetupSetAonRtcSubSecInc)
                  000044ec    00000030     drivers_cc13x0.aem3 : PowerCC26XX.oem3 (.text:Power_setConstraint)
                  0000451c    00000030     nortos_cc13x0.aem3 : TimerPCC26XX_nortos.oem3 (.text:TimerP_getCurrentTick)
                  0000454c    00000030                        : TimerPCC26XX_nortos.oem3 (.text:TimerP_setThreshold)
                  0000457c    0000002c                        : HwiPCC26XX_nortos.oem3 (.text:HwiP_dispatch)
                  000045a8    0000002c     driverlib.lib : ddi.obj (.text:NOROM_DDI32RegWrite)
                  000045d4    0000002c                   : osc.obj (.text:NOROM_OSCClockSourceGet)
                  00004600    0000002c                   : rfc.obj (.text:NOROM_RFCCpePatchReset)
                  0000462c    0000002c                   : setup_rom.obj (.text:NOROM_SetupGetTrimForRadcExtCfg)
                  00004658    0000002c     rf_multiMode_cc13x0.aem3 : RFCC26XX_multiMode.oem3 (.text:RF_calculateDeltaTimeUs)
                  00004684    0000002c                              : RFCC26XX_multiMode.oem3 (.text:RF_executeDirectImmediateCmd)
                  000046b0    00000028     nortos_cc13x0.aem3 : ClockPTimer_nortos.oem3 (.text:ClockP_sleep)
                  000046d8    00000028     driverlib.lib : aon_batmon.obj (.text:NOROM_AONBatMonTemperatureGetDegC)
                  00004700    00000028                   : rfc.obj (.text:NOROM_RFCDoorbellSendTo)
                  00004728    00000028                   : rfc.obj (.text:NOROM_RFCOverrideSearch)
                  00004750    00000028     drivers_cc13x0.aem3 : PowerCC26XX.oem3 (.text:Power_registerNotify)
                  00004778    00000028     rf_multiMode_cc13x0.aem3 : RFCC26XX_multiMode.oem3 (.text:RF_runCmd)
                  000047a0    00000028     driverlib.lib : adi.obj (.text:SafeHapiVoid)
                  000047c8    00000024     nortos_cc13x0.aem3 : ClockPTimer_nortos.oem3 (.text:ClockP_getTicks)
                  000047ec    00000024                        : ClockPTimer_nortos.oem3 (.text:ClockP_scheduleNextTick)
                  00004810    00000024     rf_multiMode_cc13x0.aem3 : RFCC26XX_multiMode.oem3 (.text:RF_cmdAlloc)
                  00004834    00000024                              : RFCC26XX_multiMode.oem3 (.text:RF_invokeGlobalCallback)
                  00004858    00000024                              : RFCC26XX_multiMode.oem3 (.text:RF_isStateTransitionAllowed)
                  0000487c    00000024     nortos_cc13x0.aem3 : TimerPCC26XX_nortos.oem3 (.text:TimerP_getMaxTicks)
                  000048a0    00000024     rtsv7M3_T_le_eabi.lib : boot_cortex_m.c.obj (.text:_c_int00:_c_int00)
                  000048c4    00000024     nortos_cc13x0.aem3 : ClockPTimer_nortos.oem3 (.text:sleepTicks)
                  000048e8    00000022     drivers_cc13x0.aem3 : List.oem3 (.text:List_get)
                  0000490a    00000022                         : List.oem3 (.text:List_put)
                  0000492c    00000020     nortos_cc13x0.aem3 : ClockPTimer_nortos.oem3 (.text:ClockP_add)
                  0000494c    00000020     driverlib.lib : rfc.obj (.text:NOROM_RFCAdi3VcoLdoVoltageMode)
                  0000496c    00000020                   : setup_rom.obj (.text:NOROM_SetupGetTrimForXoscHfCtl)
                  0000498c    00000020     drivers_cc13x0.aem3 : PINCC26XX.oem3 (.text:PINCC26XX_setIoCfgMux)
                  000049ac    00000020     rf_multiMode_cc13x0.aem3 : RFCC26XX_multiMode.oem3 (.text:RF_clkPowerUp)
                  000049cc    00000020                              : RFCC26XX_multiMode.oem3 (.text:RF_hwiCpe0ChangePhy)
                  000049ec    00000020                              : RFCC26XX_multiMode.oem3 (.text:RF_ratIsRunning)
                  00004a0c    0000001e     drivers_cc13x0.aem3 : PINCC26XX.oem3 (.text:PIN_close)
                  00004a2a    0000001e                         : PowerCC26XX.oem3 (.text:Power_getTransitionLatency)
                  00004a48    0000001e     nortos_cc13x0.aem3 : SemaphoreP_nortos.oem3 (.text:SemaphoreP_constructBinary)
                  00004a66    00000002     drivers_cc13x0.aem3 : PowerCC26XX.oem3 (.text:emptyClockFunc)
                  00004a68    0000001c     CC1310_LAUNCHXL.obj (.text:CC1310_LAUNCHXL_initGeneral)
                  00004a84    0000001c     driverlib.lib : chipinfo.obj (.text:NOROM_ChipInfo_GetChipFamily)
                  00004aa0    0000001c                   : setup_rom.obj (.text:NOROM_SetupGetTrimForAmpcompTh2)
                  00004abc    0000001c                   : setup_rom.obj (.text:NOROM_SetupGetTrimForRcOscLfRtuneCtuneTrim)
                  00004ad8    0000001c     drivers_cc13x0.aem3 : PINCC26XX.oem3 (.text:PIN_hwi)
                  00004af4    0000001c     nortos_cc13x0.aem3 : QueueP_nortos.oem3 (.text:QueueP_put)
                  00004b10    0000001c     rf_multiMode_cc13x0.aem3 : RFCC26XX_multiMode.oem3 (.text:RF_clkInactivityCallback)
                  00004b2c    0000001c                              : RFCC26XX_multiMode.oem3 (.text:RF_powerConstraintSet)
                  00004b48    0000001c     nortos_cc13x0.aem3 : SwiP_nortos.oem3 (.text:SwiP_disable)
                  00004b64    0000001c                        : SwiP_nortos.oem3 (.text:SwiP_or)
                  00004b80    0000001c                        : TimerPCC26XX_nortos.oem3 (.text:TimerP_dynamicStub)
                  00004b9c    0000001c     smartrf_settings.obj (.text:enterGenfskCpePatch)
                  00004bb8    0000001a     nortos_cc13x0.aem3 : QueueP_nortos.oem3 (.text:QueueP_get)
                  00004bd2    00000018                        : ClockPTimer_nortos.oem3 (.text:ClockP_destruct)
                  00004bea    00000018                        : ClockPTimer_nortos.oem3 (.text:ClockP_getTimeout)
                  00004c02    00000002     smartrf_settings.obj (.text:enterGenfskSysPatch)
                  00004c04    00000018     nortos_cc13x0.aem3 : HwiPCC26XX_nortos.oem3 (.text:HwiP_inISR)
                  00004c1c    00000018     driverlib.lib : aon_rtc.obj (.text:NOROM_AONRTCCurrentCompareValueGet)
                  00004c34    00000018                   : chipinfo.obj (.text:NOROM_ChipInfo_GetPackageType)
                  00004c4c    00000018                   : osc.obj (.text:NOROM_OSCHF_TurnOnXosc)
                  00004c64    00000018                   : rfc.obj (.text:NOROM_RFCCpeIntGetAndClear)
                  00004c7c    00000018                   : setup_rom.obj (.text:NOROM_SetupGetTrimForAdcShModeEn)
                  00004c94    00000018                   : setup_rom.obj (.text:NOROM_SetupGetTrimForAdcShVbufEn)
                  00004cac    00000018                   : setup_rom.obj (.text:NOROM_SetupGetTrimForAmpcompTh1)
                  00004cc4    00000018                   : setup_rom.obj (.text:NOROM_SetupGetTrimForDblrLoopFilterResetVoltage)
                  00004cdc    00000018                   : setup_rom.obj (.text:NOROM_SetupGetTrimForRcOscLfIBiasTrim)
                  00004cf4    00000018                   : setup_rom.obj (.text:NOROM_SetupGetTrimForXoscLfRegulatorAndCmirrwrRatio)
                  00004d0c    00000018     drivers_cc13x0.aem3 : PowerCC26XX.oem3 (.text:Power_idleFunc)
                  00004d24    00000018     rf_multiMode_cc13x0.aem3 : RFCC26XX_multiMode.oem3 (.text:RF_swiFsm)
                  00004d3c    00000018     rtsv7M3_T_le_eabi.lib : args_main.c.obj (.text:_args_main)
                  00004d54    00000018                           : ll_mul_t2.asm.obj (.text)
                  00004d6c    00000016     nortos_cc13x0.aem3 : HwiPCC26XX_nortos.oem3 (.text:HwiP_setFunc)
                  00004d82    00000016     driverlib.lib : chipinfo.obj (.text:NOROM_ThisLibraryIsFor_CC13x0_HwRev20AndLater_HaltIfViolated)
                  00004d98    00000016     rf_multiMode_cc13x0.aem3 : RFCC26XX_multiMode.oem3 (.text:RF_restartClockTimeout)
                  00004dae    00000014     drivers_cc13x0.aem3 : List.oem3 (.text:List_clearList)
                  00004dc2    00000002     nortos_cc13x0.aem3 : startup_cc13xx_cc26xx_ccs.oem3 (.text:faultISR)
                  00004dc4    00000014     driverlib.lib : aon_rtc.obj (.text:NOROM_AONRTCCurrent64BitValueGet)
                  00004dd8    00000014     drivers_cc13x0.aem3 : PowerCC26XX.oem3 (.text:Power_disablePolicy)
                  00004dec    00000014     rf_multiMode_cc13x0.aem3 : RFCC26XX_multiMode.oem3 (.text:RF_Params_init)
                  00004e00    00000014                              : RFCC26XX_multiMode.oem3 (.text:RF_dbellSyncOnAck)
                  00004e14    00000014                              : RFCC26XX_multiMode.oem3 (.text:RF_ratGetChannel)
                  00004e28    00000014     nortos_cc13x0.aem3 : SwiP_nortos.oem3 (.text:SwiP_handleHwi)
                  00004e3c    00000014                        : TimerPCC26XX_nortos.oem3 (.text:TimerP_startup)
                  00004e50    00000014     drivers_cc13x0.aem3 : PowerCC26XX.oem3 (.text:configureRFCoreClocks)
                  00004e64    00000014     nortos_cc13x0.aem3 : startup_cc13xx_cc26xx_ccs.oem3 (.text:resetISR)
                  00004e78    00000012                        : HwiPCC26XX_nortos.oem3 (.text:HwiP_Params_init)
                  00004e8a    00000002                        : startup_cc13xx_cc26xx_ccs.oem3 (.text:intDefaultHandler)
                  00004e8c    00000010                        : ClockPTimer_nortos.oem3 (.text:ClockP_Params_init)
                  00004e9c    00000010                        : HwiPCC26XX_nortos.oem3 (.text:HwiP_disable)
                  00004eac    00000010                        : HwiPCC26XX_nortos.oem3 (.text:HwiP_enableInterrupt)
                  00004ebc    00000010                        : HwiPCC26XX_nortos.oem3 (.text:HwiP_post)
                  00004ecc    00000010     driverlib.lib : rfc.obj (.text:NOROM_RFCHwIntGetAndClear)
                  00004edc    00000010                   : rfc.obj (.text:NOROM_RFCRfTrimSet)
                  00004eec    00000010                   : setup_rom.obj (.text:NOROM_SetupGetTrimForXoscHfFastStart)
                  00004efc    00000010                   : setup_rom.obj (.text:NOROM_SetupGetTrimForXoscHfIbiastherm)
                  00004f0c    00000010     drivers_cc13x0.aem3 : PINCC26XX.oem3 (.text:PINCC26XX_getPinCount)
                  00004f1c    00000010     nortos_cc13x0.aem3 : PowerCC26XX_nortos.oem3 (.text:PowerCC26XX_schedulerDisable)
                  00004f2c    00000010     drivers_cc13x0.aem3 : PowerCC26XX.oem3 (.text:Power_enablePolicy)
                  00004f3c    00000010     rf_multiMode_cc13x0.aem3 : RFCC26XX_multiMode.oem3 (.text:RF_dbellSubmitCmdAsync)
                  00004f4c    00000010                              : RFCC26XX_multiMode.oem3 (.text:RF_isClientOwner)
                  00004f5c    00000010     nortos_cc13x0.aem3 : SemaphoreP_nortos.oem3 (.text:SemaphoreP_Params_init)
                  00004f6c    00000010                        : SwiP_nortos.oem3 (.text:SwiP_Params_init)
                  00004f7c    00000010                        : TimerPCC26XX_nortos.oem3 (.text:TimerP_Params_init)
                  00004f8c    00000010     smartrf_settings.obj (.text:applyGenfskPatch)
                  00004f9c    0000000e     driverlib.lib : vims.obj (.text:NOROM_VIMSModeGet)
                  00004faa    0000000e     nortos_cc13x0.aem3 : QueueP_nortos.oem3 (.text:QueueP_empty)
                  00004fb8    0000000e                        : QueueP_nortos.oem3 (.text:QueueP_remove)
                  00004fc6    0000000e     rtsv7M3_T_le_eabi.lib : copy_decompress_none.c.obj (.text:decompress:none:__TI_decompress_none)
                  00004fd4    0000000c     nortos_cc13x0.aem3 : ClockPTimer_nortos.oem3 (.text:ClockP_doTick)
                  00004fe0    0000000c     driverlib.lib : cpu.obj (.text:NOROM_CPUcpsid)
                  00004fec    0000000c                   : cpu.obj (.text:NOROM_CPUcpsie)
                  00004ff8    0000000c                   : osc.obj (.text:NOROM_OSC_HPOSCRelativeFrequencyOffsetToRFCoreFormatConvert)
                  00005004    0000000c     nortos_cc13x0.aem3 : PowerCC26XX_nortos.oem3 (.text:PowerCC26XX_schedulerRestore)
                  00005010    0000000c     drivers_cc13x0.aem3 : PowerCC26XX.oem3 (.text:Power_getConstraintMask)
                  0000501c    0000000c                         : PowerCC26XX.oem3 (.text:Power_getDependencyCount)
                  00005028    0000000c     rf_multiMode_cc13x0.aem3 : RFCC26XX_multiMode.oem3 (.text:RF_powerConstraintGet)
                  00005034    0000000c     nortos_cc13x0.aem3 : SwiP_nortos.oem3 (.text:SwiP_getTrigger)
                  00005040    0000000c                        : TimerPCC26XX_nortos.oem3 (.text:TimerP_getFreq)
                  0000504c    0000000c     rtsv7M3_T_le_eabi.lib : copy_zero_init.c.obj (.text:decompress:ZI:__TI_zero_init)
                  00005058    00000008     CC1310_LAUNCHXL.obj (.text:Board_init)
                  00005060    00000008     CC1310_LAUNCHXL_fxns.obj (.text:Board_initHook)
                  00005068    00000008     nortos_cc13x0.aem3 : HwiPCC26XX_nortos.oem3 (.text:HwiP_restore)
                  00005070    00000008     smartrf_settings.obj (.text:rf_patch_cpe_genfsk)
                  00005078    00000006     nortos_cc13x0.aem3 : ClockPTimer_nortos.oem3 (.text:ClockP_stop)
                  0000507e    00000006     driverlib.lib : cpu.obj (.text:NOROM_CPUdelay)
                  00005084    00000006     nortos_cc13x0.aem3 : QueueP_nortos.oem3 (.text:QueueP_init)
                  0000508a    00000006     rf_multiMode_cc13x0.aem3 : RFCC26XX_multiMode.oem3 (.text:RF_clkReqAccess)
                  00005090    00000004     nortos_cc13x0.aem3 : PowerCC26XX_nortos.oem3 (.text:CPUwfi)
                  00005094    00000004                        : ClockPTimer_nortos.oem3 (.text:ClockP_isActive)
                  00005098    00000004                        : ClockPTimer_nortos.oem3 (.text:ClockP_setTimeout)
                  0000509c    00000004                        : HwiPCC26XX_nortos.oem3 (.text:HwiP_enable)
                  000050a0    00000004     driverlib.lib : rfc.obj (.text:NOROM_RFCOverrideUpdate)
                  000050a4    00000004     drivers_cc13x0.aem3 : PowerCC26XX.oem3 (.text:PowerCC26XX_switchXOSC_HF)
                  000050a8    00000004     nortos_cc13x0.aem3 : QueueP_nortos.oem3 (.text:QueueP_head)
                  000050ac    00000004                        : QueueP_nortos.oem3 (.text:QueueP_next)
                  000050b0    00000004                        : TimerPCC26XX_nortos.oem3 (.text:TimerP_getCount64)
                  000050b4    00000004     rtsv7M3_T_le_eabi.lib : pre_init.c.obj (.text:_system_pre_init)
                  000050b8    00000004                           : exit.c.obj (.text:abort:abort)
                  000050bc    00000004     drivers_cc13x0.aem3 : PowerCC26XX.oem3 (.text:nopResourceHandler)
                  000050c0    00000002     nortos_cc13x0.aem3 : startup_cc13xx_cc26xx_ccs.oem3 (.text:nmiISR)
                  000050c2    00000002     rtsv7M3_T_le_eabi.lib : div0.asm.obj (.text)

.const     0    000050c4    00000bc5     
                  000050c4    000006b4     smartrf_settings.obj (.const:patchGenfskRfe)
                  00005778    00000408     smartrf_settings.obj (.const:patchImageGenfsk)
                  00005b80    0000004c     drivers_cc13x0.aem3 : PowerCC26XX.oem3 (.const:resourceDB)
                  00005bcc    0000002c     CC1310_LAUNCHXL.obj (.const:BoardGpioInitTable)
                  00005bf8    0000001c     rf_multiMode_cc13x0.aem3 : RFCC26XX_multiMode.oem3 (.const:RF_defaultParams)
                  00005c14    00000018     CC1310_LAUNCHXL.obj (.const:PowerCC26XX_config)
                  00005c2c    00000018     driverlib.lib : rfc.obj (.const:rfc_defaultIrqAddr)
                  00005c44    00000014     CC1310_LAUNCHXL_fxns.obj (.const:$P$T1$2)
                  00005c58    00000010     nortos_cc13x0.aem3 : SwiP_nortos.oem3 (.const:SwiP_defaultParams)
                  00005c68    0000000c     CC1310_LAUNCHXL.obj (.const:RFCC26XX_hwAttrs)
                  00005c74    00000008     CC1310_LAUNCHXL_fxns.obj (.const:$P$T0$1)
                  00005c7c    00000008     CC1310_LAUNCHXL.obj (.const:PINCC26XX_hwAttrs)
                  00005c84    00000005     main_nortos.obj (.const:.string:$P$T0$1)

.cinit     0    00005c98    00000188     
                  00005c98    00000152     (.cinit..data.load) [load image, compression = lzss]
                  00005dea    00000002     --HOLE-- [fill = 0]
                  00005dec    0000000c     (__TI_handler_table)
                  00005df8    00000008     (.cinit..bss.load) [load image, compression = zero_init]
                  00005e00    00000008     (.cinit..vtable_ram.load) [load image, compression = zero_init]
                  00005e08    00000018     (__TI_cinit_table)

.init_array 
*          0    00000000    00000000     UNINITIALIZED

.ccfg      0    0001ffa8    00000058     
                  0001ffa8    00000058     ccfg.obj (.ccfg:retain)

.bss       0    20000000    000005f8     UNINITIALIZED
                  20000000    000003d8     rf_multiMode_cc13x0.aem3 : RFCC26XX_multiMode.oem3 (.bss:$O1$$)
                  200003d8    000000c0     (.common:RF_cmdTx)
                  20000498    000000a8     HardLink.obj (.bss:rfObject)
                  20000540    0000003c     nortos_cc13x0.aem3 : SwiP_nortos.oem3 (.bss:$O1$$)
                  2000057c    0000001c     HardLink.obj (.bss:rfParams)
                  20000598    00000018     HardLink.obj (.bss:HardLink_cmdFs)
                  200005b0    00000014     rf_multiMode_cc13x0.aem3 : RFCC26XX_multiMode.oem3 (.bss:RF_ratSyncCmd)
                  200005c4    00000014     driverlib.lib : osc.obj (.bss:oscHfGlobals)
                  200005d8    0000000d     nortos_cc13x0.aem3 : SwiP_nortos.oem3 (.bss)
                  200005e5    00000001     rf_multiMode_cc13x0.aem3 : RFCC26XX_multiMode.oem3 (.bss)
                  200005e6    00000001     (.common:driverlib_release_0_56883)
                  200005e7    00000001     --HOLE--
                  200005e8    00000008     driverlib.lib : sys_ctrl.obj (.bss:powerQualGlobals)
                  200005f0    00000004     HardLink.obj (.bss)
                  200005f4    00000004     nortos_cc13x0.aem3 : PowerCC26XX_nortos.oem3 (.bss)

.data      0    200005f8    0000051b     UNINITIALIZED
                  200005f8    00000114     drivers_cc13x0.aem3 : PINCC26XX.oem3 (.data:$O1$$)
                  2000070c    00000114                         : PowerCC26XX.oem3 (.data:PowerCC26XX_module)
                  20000820    000000d0     nortos_cc13x0.aem3 : HwiPCC26XX_nortos.oem3 (.data:$O1$$)
                  200008f0    000000c0                        : ClockPTimer_nortos.oem3 (.data:$O1$$)
                  200009b0    00000054     smartrf_settings.obj (.data:pOverrides)
                  20000a04    00000040     HardLink.obj (.data:prs_0)
                  20000a44    00000040     HardLink.obj (.data:prs_1)
                  20000a84    00000030     nortos_cc13x0.aem3 : TimerPCC26XX_nortos.oem3 (.data:$O1$$)
                  20000ab4    00000028     smartrf_settings.obj (.data:RF_cmdPropRadioDivSetup)
                  20000adc    00000018     smartrf_settings.obj (.data:RF_cmdFs)
                  20000af4    00000010     smartrf_settings.obj (.data:RF_prop)
                  20000b04    0000000c     nortos_cc13x0.aem3 : SemaphoreP_nortos.oem3 (.data:$O1$$)
                  20000b10    00000002     HardLink.obj (.data)
                  20000b12    00000001     nortos_cc13x0.aem3 : SwiP_nortos.oem3 (.data)

.sysmem    0    20000b18    00000100     UNINITIALIZED
                  20000b18    00000010     rtsv7M3_T_le_eabi.lib : memory.c.obj (.sysmem)
                  20000b28    000000f0     --HOLE--

.vtable_ram 
*          0    20000d00    000000c8     UNINITIALIZED
                  20000d00    000000c8     driverlib.lib : interrupt.obj (.vtable_ram)

.stack     0    20004c00    00000400     UNINITIALIZED
                  20004c00    00000004     rtsv7M3_T_le_eabi.lib : boot_cortex_m.c.obj (.stack)
                  20004c04    000003fc     --HOLE--

__llvm_prf_cnts 
*          0    20000000    00000000     UNINITIALIZED

.binit     0    00000000    00000000     

.args      0    00005c8c    00000008     
                  00005c8c    00000008     --HOLE-- [fill = 0]

MODULE SUMMARY

       Module                            code    ro data   rw data
       ------                            ----    -------   -------
    ./
       HardLink.obj                      864     0         546    
       CC1310_LAUNCHXL_fxns.obj          280     28        0      
       CC1310_LAUNCHXL.obj               36      88        0      
       ccfg.obj                          0       88        0      
       main_nortos.obj                   56      5         0      
    +--+---------------------------------+-------+---------+---------+
       Total:                            1236    209       546    
                                                                  
    ./smartrf_settings/
       smartrf_settings.obj              502     2748      164    
    +--+---------------------------------+-------+---------+---------+
       Total:                            502     2748      164    
                                                                  
    /home/wpc/UserSoftware/CCS/ccsv8/tools/compiler/ti-cgt-arm_20.2.5.LTS/lib/rtsv7M3_T_le_eabi.lib
       memcpy_t2.asm.obj                 156     0         0      
       ull_div_t2.asm.obj                150     0         0      
       memset_t2.asm.obj                 122     0         0      
       copy_decompress_lzss.c.obj        104     0         0      
       autoinit.c.obj                    68      0         0      
       boot_cortex_m.c.obj               36      0         0      
       args_main.c.obj                   24      0         0      
       ll_mul_t2.asm.obj                 24      0         0      
       copy_decompress_none.c.obj        14      0         0      
       copy_zero_init.c.obj              12      0         0      
       exit.c.obj                        4       0         0      
       pre_init.c.obj                    4       0         0      
       div0.asm.obj                      2       0         0      
    +--+---------------------------------+-------+---------+---------+
       Total:                            720     0         0      
                                                                  
    /home/wpc/ti/simplelink_cc13x0_sdk_4_10_01_01/kernel/nortos/lib/nortos_cc13x0.aem3
       ClockPTimer_nortos.oem3           962     0         192    
       SwiP_nortos.oem3                  652     16        74     
       TimerPCC26XX_nortos.oem3          606     0         48     
       HwiPCC26XX_nortos.oem3            288     0         208    
       SemaphoreP_nortos.oem3            342     0         12     
       PowerCC26XX_nortos.oem3           288     0         4      
       startup_cc13xx_cc26xx_ccs.oem3    26      200       0      
       QueueP_nortos.oem3                96      0         0      
    +--+---------------------------------+-------+---------+---------+
       Total:                            3260    216       538    
                                                                  
    /home/wpc/ti/simplelink_cc13x0_sdk_4_10_01_01/source/ti/devices/cc13x0/driverlib/bin/ccs/driverlib.lib
       setup_rom.obj                     1456    0         0      
       sys_ctrl.obj                      776     0         8      
       rfc.obj                           692     24        0      
       osc.obj                           388     0         20     
       setup.obj                         368     0         0      
       interrupt.obj                     52      0         200    
       chipinfo.obj                      186     0         0      
       aon_rtc.obj                       44      0         0      
       ddi.obj                           44      0         0      
       adi.obj                           40      0         0      
       aon_batmon.obj                    40      0         0      
       cpu.obj                           30      0         0      
       vims.obj                          14      0         0      
       driverlib_release.obj             0       0         1      
    +--+---------------------------------+-------+---------+---------+
       Total:                            4130    24        229    
                                                                  
    /home/wpc/ti/simplelink_cc13x0_sdk_4_10_01_01/source/ti/drivers/lib/drivers_cc13x0.aem3
       PowerCC26XX.oem3                  2112    76        276    
       PINCC26XX.oem3                    1202    0         276    
       PowerCC26XX_calibrateRCOSC.oem3   1380    0         0      
       List.oem3                         88      0         0      
    +--+---------------------------------+-------+---------+---------+
       Total:                            4782    76        552    
                                                                  
    /home/wpc/ti/simplelink_cc13x0_sdk_4_10_01_01/source/ti/drivers/rf/lib/rf_multiMode_cc13x0.aem3
       RFCC26XX_multiMode.oem3           5846    28        1005   
    +--+---------------------------------+-------+---------+---------+
       Total:                            5846    28        1005   
                                                                  
       Heap:                             0       0         256    
       Stack:                            0       0         1024   
       Linker Generated:                 0       390       0      
    +--+---------------------------------+-------+---------+---------+
       Grand Total:                      20476   3691      4314   


LINKER GENERATED COPY TABLES

__TI_cinit_table @ 00005e08 records: 3, size/record: 8, table size: 24
	.data: load addr=00005c98, load size=00000152 bytes, run addr=200005f8, run size=0000051b bytes, compression=lzss
	.bss: load addr=00005df8, load size=00000008 bytes, run addr=20000000, run size=000005f8 bytes, compression=zero_init
	.vtable_ram: load addr=00005e00, load size=00000008 bytes, run addr=20000d00, run size=000000c8 bytes, compression=zero_init


LINKER GENERATED HANDLER TABLE

__TI_handler_table @ 00005dec records: 3, size/record: 4, table size: 12
	index: 0, handler: __TI_zero_init
	index: 1, handler: __TI_decompress_lzss
	index: 2, handler: __TI_decompress_none


GLOBAL SYMBOLS: SORTED ALPHABETICALLY BY Name 

address   name                                                        
-------   ----                                                        
00005bcc  BoardGpioInitTable                                          
00005059  Board_init                                                  
00005061  Board_initHook                                              
000050b9  C$$EXIT                                                     
00004a69  CC1310_LAUNCHXL_initGeneral                                 
0000306f  CC1310_LAUNCHXL_sendExtFlashByte                            
00003fa1  CC1310_LAUNCHXL_shutDownExtFlash                            
00003e85  CC1310_LAUNCHXL_wakeUpExtFlash                              
00004e8d  ClockP_Params_init                                          
0000492d  ClockP_add                                                  
00003ed1  ClockP_construct                                            
00004bd3  ClockP_destruct                                             
00004fd5  ClockP_doTick                                               
000047c9  ClockP_getTicks                                             
00004355  ClockP_getTicksUntilInterrupt                               
00004beb  ClockP_getTimeout                                           
00005095  ClockP_isActive                                             
000047ed  ClockP_scheduleNextTick                                     
00005099  ClockP_setTimeout                                           
000046b1  ClockP_sleep                                                
00003179  ClockP_start                                                
00002cd5  ClockP_startup                                              
00005079  ClockP_stop                                                 
200008f4  ClockP_tickPeriod                                           
00003369  ClockP_walkQueueDynamic                                     
00002855  ClockP_workFuncDynamic                                      
00000e95  HardLink_init                                               
0000240d  HardLink_send                                               
000020e1  HardLink_setFrequency                                       
00004e79  HwiP_Params_init                                            
000032f1  HwiP_construct                                              
00004e9d  HwiP_disable                                                
0000509d  HwiP_enable                                                 
00004ead  HwiP_enableInterrupt                                        
00004c05  HwiP_inISR                                                  
00004ebd  HwiP_post                                                   
00005069  HwiP_restore                                                
00004d6d  HwiP_setFunc                                                
20000824  HwiP_swiPIntNum                                             
00004daf  List_clearList                                              
000048e9  List_get                                                    
0000490b  List_put                                                    
000046d9  NOROM_AONBatMonTemperatureGetDegC                           
00004dc5  NOROM_AONRTCCurrent64BitValueGet                            
00004c1d  NOROM_AONRTCCurrentCompareValueGet                          
00004fe1  NOROM_CPUcpsid                                              
00004fed  NOROM_CPUcpsie                                              
0000507f  NOROM_CPUdelay                                              
00004a85  NOROM_ChipInfo_GetChipFamily                                
0000448d  NOROM_ChipInfo_GetChipType                                  
00003fe1  NOROM_ChipInfo_GetHwRevision                                
00004c35  NOROM_ChipInfo_GetPackageType                               
000045a9  NOROM_DDI32RegWrite                                         
00004389  NOROM_IntRegister                                           
000045d5  NOROM_OSCClockSourceGet                                     
00003a0d  NOROM_OSCClockSourceSet                                     
000038e1  NOROM_OSCHF_AttemptToSwitchToXosc                           
000043bd  NOROM_OSCHF_SwitchToRcOscTurnOffXosc                        
00004c4d  NOROM_OSCHF_TurnOnXosc                                      
00004061  NOROM_OSC_HPOSCRelativeFrequencyOffsetGet                   
00004ff9  NOROM_OSC_HPOSCRelativeFrequencyOffsetToRFCoreFormatConvert 
0000494d  NOROM_RFCAdi3VcoLdoVoltageMode                              
00004c65  NOROM_RFCCpeIntGetAndClear                                  
00004601  NOROM_RFCCpePatchReset                                      
00004701  NOROM_RFCDoorbellSendTo                                     
00004ecd  NOROM_RFCHwIntGetAndClear                                   
00004729  NOROM_RFCOverrideSearch                                     
000050a1  NOROM_RFCOverrideUpdate                                     
000021ad  NOROM_RFCRTrim                                              
00001f39  NOROM_RFCRfTrimRead                                         
00004edd  NOROM_RFCRfTrimSet                                          
0000409d  NOROM_RFCSynthPowerDown                                     
00002a4d  NOROM_SetupAfterColdResetWakeupFromShutDownCfg1             
00001b99  NOROM_SetupAfterColdResetWakeupFromShutDownCfg2             
00001625  NOROM_SetupAfterColdResetWakeupFromShutDownCfg3             
00004c7d  NOROM_SetupGetTrimForAdcShModeEn                            
00004c95  NOROM_SetupGetTrimForAdcShVbufEn                            
00003609  NOROM_SetupGetTrimForAmpcompCtrl                            
00004cad  NOROM_SetupGetTrimForAmpcompTh1                             
00004aa1  NOROM_SetupGetTrimForAmpcompTh2                             
00003671  NOROM_SetupGetTrimForAnabypassValue1                        
00004cc5  NOROM_SetupGetTrimForDblrLoopFilterResetVoltage             
0000462d  NOROM_SetupGetTrimForRadcExtCfg                             
00004cdd  NOROM_SetupGetTrimForRcOscLfIBiasTrim                       
00004abd  NOROM_SetupGetTrimForRcOscLfRtuneCtuneTrim                  
0000496d  NOROM_SetupGetTrimForXoscHfCtl                              
00004eed  NOROM_SetupGetTrimForXoscHfFastStart                        
00004efd  NOROM_SetupGetTrimForXoscHfIbiastherm                       
00004cf5  NOROM_SetupGetTrimForXoscLfRegulatorAndCmirrwrRatio         
000044bd  NOROM_SetupSetAonRtcSubSecInc                               
00003d45  NOROM_SetupSetCacheModeAccordingToCcfgSetting               
000033dd  NOROM_SetupSetVddrLevel                                     
000028fd  NOROM_SetupTrimDevice                                       
000036d9  NOROM_SysCtrlAdjustRechargeAfterPowerDown                   
00000861  NOROM_SysCtrlSetRechargeBeforePowerDown                     
00003741  NOROM_SysCtrl_DCDC_VoltageConditionalControl                
00004d83  NOROM_ThisLibraryIsFor_CC13x0_HwRev20AndLater_HaltIfViolated
00004f9d  NOROM_VIMSModeGet                                           
0000509d  NoRTOS_start                                                
00004f0d  PINCC26XX_getPinCount                                       
00005c7c  PINCC26XX_hwAttrs                                           
00004a0d  PIN_close                                                   
00001069  PIN_init                                                    
00002b95  PIN_open                                                    
00003c41  PIN_remove                                                  
00004205  PIN_setConfig                                               
0000423d  PIN_setOutputValue                                          
00003b2d  PowerCC26XX_RCOSC_clockFunc                                 
00000555  PowerCC26XX_auxISR                                          
00003a6d  PowerCC26XX_calibrate                                       
00005c14  PowerCC26XX_config                                          
00001219  PowerCC26XX_doCalibrate                                     
00003531  PowerCC26XX_initiateCalibration                             
000040d9  PowerCC26XX_isStableXOSC_HF                                 
2000070c  PowerCC26XX_module                                          
00004f1d  PowerCC26XX_schedulerDisable                                
00005005  PowerCC26XX_schedulerRestore                                
00001a99  PowerCC26XX_standbyPolicy                                   
000050a5  PowerCC26XX_switchXOSC_HF                                   
00004dd9  Power_disablePolicy                                         
00004f2d  Power_enablePolicy                                          
00005011  Power_getConstraintMask                                     
0000501d  Power_getDependencyCount                                    
00004a2b  Power_getTransitionLatency                                  
00004d0d  Power_idleFunc                                              
00001985  Power_init                                                  
00004751  Power_registerNotify                                        
000043f1  Power_releaseConstraint                                     
000024cd  Power_releaseDependency                                     
000044ed  Power_setConstraint                                         
00002641  Power_setDependency                                         
00000a99  Power_sleep                                                 
00004fab  QueueP_empty                                                
00004bb9  QueueP_get                                                  
000050a9  QueueP_head                                                 
00005085  QueueP_init                                                 
000050ad  QueueP_next                                                 
00004af5  QueueP_put                                                  
00004fb9  QueueP_remove                                               
00005c68  RFCC26XX_hwAttrs                                            
00004ded  RF_Params_init                                              
20000adc  RF_cmdFs                                                    
20000ab4  RF_cmdPropRadioDivSetup                                     
200003d8  RF_cmdTx                                                    
00003acd  RF_getCurrentTime                                           
00000cbd  RF_open                                                     
0000200d  RF_pendCmd                                                  
00002589  RF_postCmd                                                  
00005029  RF_powerConstraintGet                                       
000042ad  RF_powerConstraintRelease                                   
00004b2d  RF_powerConstraintSet                                       
20000af4  RF_prop                                                     
00004779  RF_runCmd                                                   
000047a1  SafeHapiVoid                                                
00004f5d  SemaphoreP_Params_init                                      
00003e35  SemaphoreP_construct                                        
00004a49  SemaphoreP_constructBinary                                  
20000b08  SemaphoreP_defaultParams                                    
000032ef  SemaphoreP_destruct                                         
00002ea9  SemaphoreP_pend                                             
0000418d  SemaphoreP_post                                             
00004f6d  SwiP_Params_init                                            
00001e61  SwiP_construct                                              
00004b49  SwiP_disable                                                
00002c35  SwiP_dispatch                                               
00005035  SwiP_getTrigger                                             
00004b65  SwiP_or                                                     
000037a9  SwiP_post                                                   
00003f19  SwiP_restore                                                
00004f7d  TimerP_Params_init                                          
000027a5  TimerP_construct                                            
00004b81  TimerP_dynamicStub                                          
000050b1  TimerP_getCount64                                           
0000451d  TimerP_getCurrentTick                                       
00005041  TimerP_getFreq                                              
0000487d  TimerP_getMaxTicks                                          
00004425  TimerP_initDevice                                           
0000431d  TimerP_setNextTick                                          
0000454d  TimerP_setThreshold                                         
000034c1  TimerP_start                                                
00004e3d  TimerP_startup                                              
20005000  __STACK_END                                                 
00000400  __STACK_SIZE                                                
00000100  __SYSMEM_SIZE                                               
00005e08  __TI_CINIT_Base                                             
00005e20  __TI_CINIT_Limit                                            
00005dec  __TI_Handler_Table_Base                                     
00005df8  __TI_Handler_Table_Limit                                    
00003f5d  __TI_auto_init_nobinit_nopinit                              
00003811  __TI_decompress_lzss                                        
00004fc7  __TI_decompress_none                                        
ffffffff  __TI_pprof_out_hndl                                         
ffffffff  __TI_prof_data_size                                         
ffffffff  __TI_prof_data_start                                        
00000000  __TI_static_base__                                          
0000504d  __TI_zero_init                                              
000050c3  __aeabi_idiv0                                               
000050c3  __aeabi_ldiv0                                               
00004d55  __aeabi_lmul                                                
00003275  __aeabi_memclr                                              
00003275  __aeabi_memclr4                                             
00003275  __aeabi_memclr8                                             
00002e0d  __aeabi_memcpy                                              
00002e0d  __aeabi_memcpy4                                             
00002e0d  __aeabi_memcpy8                                             
00003277  __aeabi_memset                                              
00003277  __aeabi_memset4                                             
00003277  __aeabi_memset8                                             
00002fd9  __aeabi_uldivmod                                            
ffffffff  __binit__                                                   
00005c8c  __c_args__                                                  
0001ffa8  __ccfg                                                      
UNDEFED   __mpu_init                                                  
20004c00  __stack                                                     
20000000  __start___llvm_prf_cnts                                     
20000000  __stop___llvm_prf_cnts                                      
00004d3d  _args_main                                                  
000048a1  _c_int00                                                    
20000b18  _sys_memory                                                 
UNDEFED   _system_post_cinit                                          
000050b5  _system_pre_init                                            
000050b9  abort                                                       
ffffffff  binit                                                       
00004353  clkFxn                                                      
200005e6  driverlib_release_0_56883                                   
20000d00  g_pfnRAMVectors                                             
00000000  g_pfnVectors                                                
000042e5  main                                                        
00002e0d  memcpy                                                      
0000327d  memset                                                      
200009b0  pOverrides                                                  
20000690  pinHandleTable                                              
200005fc  pinLowerBound                                               
200005f8  pinUpperBound                                               
20000a04  prs_0                                                       
20000a44  prs_1                                                       
00004e65  resetISR                                                    
00005b80  resourceDB                                                  
000046b1  sleep                                                       


GLOBAL SYMBOLS: SORTED BY Symbol Address 

address   name                                                        
-------   ----                                                        
00000000  __TI_static_base__                                          
00000000  g_pfnVectors                                                
00000100  __SYSMEM_SIZE                                               
00000400  __STACK_SIZE                                                
00000555  PowerCC26XX_auxISR                                          
00000861  NOROM_SysCtrlSetRechargeBeforePowerDown                     
00000a99  Power_sleep                                                 
00000cbd  RF_open                                                     
00000e95  HardLink_init                                               
00001069  PIN_init                                                    
00001219  PowerCC26XX_doCalibrate                                     
00001625  NOROM_SetupAfterColdResetWakeupFromShutDownCfg3             
00001985  Power_init                                                  
00001a99  PowerCC26XX_standbyPolicy                                   
00001b99  NOROM_SetupAfterColdResetWakeupFromShutDownCfg2             
00001e61  SwiP_construct                                              
00001f39  NOROM_RFCRfTrimRead                                         
0000200d  RF_pendCmd                                                  
000020e1  HardLink_setFrequency                                       
000021ad  NOROM_RFCRTrim                                              
0000240d  HardLink_send                                               
000024cd  Power_releaseDependency                                     
00002589  RF_postCmd                                                  
00002641  Power_setDependency                                         
000027a5  TimerP_construct                                            
00002855  ClockP_workFuncDynamic                                      
000028fd  NOROM_SetupTrimDevice                                       
00002a4d  NOROM_SetupAfterColdResetWakeupFromShutDownCfg1             
00002b95  PIN_open                                                    
00002c35  SwiP_dispatch                                               
00002cd5  ClockP_startup                                              
00002e0d  __aeabi_memcpy                                              
00002e0d  __aeabi_memcpy4                                             
00002e0d  __aeabi_memcpy8                                             
00002e0d  memcpy                                                      
00002ea9  SemaphoreP_pend                                             
00002fd9  __aeabi_uldivmod                                            
0000306f  CC1310_LAUNCHXL_sendExtFlashByte                            
00003179  ClockP_start                                                
00003275  __aeabi_memclr                                              
00003275  __aeabi_memclr4                                             
00003275  __aeabi_memclr8                                             
00003277  __aeabi_memset                                              
00003277  __aeabi_memset4                                             
00003277  __aeabi_memset8                                             
0000327d  memset                                                      
000032ef  SemaphoreP_destruct                                         
000032f1  HwiP_construct                                              
00003369  ClockP_walkQueueDynamic                                     
000033dd  NOROM_SetupSetVddrLevel                                     
000034c1  TimerP_start                                                
00003531  PowerCC26XX_initiateCalibration                             
00003609  NOROM_SetupGetTrimForAmpcompCtrl                            
00003671  NOROM_SetupGetTrimForAnabypassValue1                        
000036d9  NOROM_SysCtrlAdjustRechargeAfterPowerDown                   
00003741  NOROM_SysCtrl_DCDC_VoltageConditionalControl                
000037a9  SwiP_post                                                   
00003811  __TI_decompress_lzss                                        
000038e1  NOROM_OSCHF_AttemptToSwitchToXosc                           
00003a0d  NOROM_OSCClockSourceSet                                     
00003a6d  PowerCC26XX_calibrate                                       
00003acd  RF_getCurrentTime                                           
00003b2d  PowerCC26XX_RCOSC_clockFunc                                 
00003c41  PIN_remove                                                  
00003d45  NOROM_SetupSetCacheModeAccordingToCcfgSetting               
00003e35  SemaphoreP_construct                                        
00003e85  CC1310_LAUNCHXL_wakeUpExtFlash                              
00003ed1  ClockP_construct                                            
00003f19  SwiP_restore                                                
00003f5d  __TI_auto_init_nobinit_nopinit                              
00003fa1  CC1310_LAUNCHXL_shutDownExtFlash                            
00003fe1  NOROM_ChipInfo_GetHwRevision                                
00004061  NOROM_OSC_HPOSCRelativeFrequencyOffsetGet                   
0000409d  NOROM_RFCSynthPowerDown                                     
000040d9  PowerCC26XX_isStableXOSC_HF                                 
0000418d  SemaphoreP_post                                             
00004205  PIN_setConfig                                               
0000423d  PIN_setOutputValue                                          
000042ad  RF_powerConstraintRelease                                   
000042e5  main                                                        
0000431d  TimerP_setNextTick                                          
00004353  clkFxn                                                      
00004355  ClockP_getTicksUntilInterrupt                               
00004389  NOROM_IntRegister                                           
000043bd  NOROM_OSCHF_SwitchToRcOscTurnOffXosc                        
000043f1  Power_releaseConstraint                                     
00004425  TimerP_initDevice                                           
0000448d  NOROM_ChipInfo_GetChipType                                  
000044bd  NOROM_SetupSetAonRtcSubSecInc                               
000044ed  Power_setConstraint                                         
0000451d  TimerP_getCurrentTick                                       
0000454d  TimerP_setThreshold                                         
000045a9  NOROM_DDI32RegWrite                                         
000045d5  NOROM_OSCClockSourceGet                                     
00004601  NOROM_RFCCpePatchReset                                      
0000462d  NOROM_SetupGetTrimForRadcExtCfg                             
000046b1  ClockP_sleep                                                
000046b1  sleep                                                       
000046d9  NOROM_AONBatMonTemperatureGetDegC                           
00004701  NOROM_RFCDoorbellSendTo                                     
00004729  NOROM_RFCOverrideSearch                                     
00004751  Power_registerNotify                                        
00004779  RF_runCmd                                                   
000047a1  SafeHapiVoid                                                
000047c9  ClockP_getTicks                                             
000047ed  ClockP_scheduleNextTick                                     
0000487d  TimerP_getMaxTicks                                          
000048a1  _c_int00                                                    
000048e9  List_get                                                    
0000490b  List_put                                                    
0000492d  ClockP_add                                                  
0000494d  NOROM_RFCAdi3VcoLdoVoltageMode                              
0000496d  NOROM_SetupGetTrimForXoscHfCtl                              
00004a0d  PIN_close                                                   
00004a2b  Power_getTransitionLatency                                  
00004a49  SemaphoreP_constructBinary                                  
00004a69  CC1310_LAUNCHXL_initGeneral                                 
00004a85  NOROM_ChipInfo_GetChipFamily                                
00004aa1  NOROM_SetupGetTrimForAmpcompTh2                             
00004abd  NOROM_SetupGetTrimForRcOscLfRtuneCtuneTrim                  
00004af5  QueueP_put                                                  
00004b2d  RF_powerConstraintSet                                       
00004b49  SwiP_disable                                                
00004b65  SwiP_or                                                     
00004b81  TimerP_dynamicStub                                          
00004bb9  QueueP_get                                                  
00004bd3  ClockP_destruct                                             
00004beb  ClockP_getTimeout                                           
00004c05  HwiP_inISR                                                  
00004c1d  NOROM_AONRTCCurrentCompareValueGet                          
00004c35  NOROM_ChipInfo_GetPackageType                               
00004c4d  NOROM_OSCHF_TurnOnXosc                                      
00004c65  NOROM_RFCCpeIntGetAndClear                                  
00004c7d  NOROM_SetupGetTrimForAdcShModeEn                            
00004c95  NOROM_SetupGetTrimForAdcShVbufEn                            
00004cad  NOROM_SetupGetTrimForAmpcompTh1                             
00004cc5  NOROM_SetupGetTrimForDblrLoopFilterResetVoltage             
00004cdd  NOROM_SetupGetTrimForRcOscLfIBiasTrim                       
00004cf5  NOROM_SetupGetTrimForXoscLfRegulatorAndCmirrwrRatio         
00004d0d  Power_idleFunc                                              
00004d3d  _args_main                                                  
00004d55  __aeabi_lmul                                                
00004d6d  HwiP_setFunc                                                
00004d83  NOROM_ThisLibraryIsFor_CC13x0_HwRev20AndLater_HaltIfViolated
00004daf  List_clearList                                              
00004dc5  NOROM_AONRTCCurrent64BitValueGet                            
00004dd9  Power_disablePolicy                                         
00004ded  RF_Params_init                                              
00004e3d  TimerP_startup                                              
00004e65  resetISR                                                    
00004e79  HwiP_Params_init                                            
00004e8d  ClockP_Params_init                                          
00004e9d  HwiP_disable                                                
00004ead  HwiP_enableInterrupt                                        
00004ebd  HwiP_post                                                   
00004ecd  NOROM_RFCHwIntGetAndClear                                   
00004edd  NOROM_RFCRfTrimSet                                          
00004eed  NOROM_SetupGetTrimForXoscHfFastStart                        
00004efd  NOROM_SetupGetTrimForXoscHfIbiastherm                       
00004f0d  PINCC26XX_getPinCount                                       
00004f1d  PowerCC26XX_schedulerDisable                                
00004f2d  Power_enablePolicy                                          
00004f5d  SemaphoreP_Params_init                                      
00004f6d  SwiP_Params_init                                            
00004f7d  TimerP_Params_init                                          
00004f9d  NOROM_VIMSModeGet                                           
00004fab  QueueP_empty                                                
00004fb9  QueueP_remove                                               
00004fc7  __TI_decompress_none                                        
00004fd5  ClockP_doTick                                               
00004fe1  NOROM_CPUcpsid                                              
00004fed  NOROM_CPUcpsie                                              
00004ff9  NOROM_OSC_HPOSCRelativeFrequencyOffsetToRFCoreFormatConvert 
00005005  PowerCC26XX_schedulerRestore                                
00005011  Power_getConstraintMask                                     
0000501d  Power_getDependencyCount                                    
00005029  RF_powerConstraintGet                                       
00005035  SwiP_getTrigger                                             
00005041  TimerP_getFreq                                              
0000504d  __TI_zero_init                                              
00005059  Board_init                                                  
00005061  Board_initHook                                              
00005069  HwiP_restore                                                
00005079  ClockP_stop                                                 
0000507f  NOROM_CPUdelay                                              
00005085  QueueP_init                                                 
00005095  ClockP_isActive                                             
00005099  ClockP_setTimeout                                           
0000509d  HwiP_enable                                                 
0000509d  NoRTOS_start                                                
000050a1  NOROM_RFCOverrideUpdate                                     
000050a5  PowerCC26XX_switchXOSC_HF                                   
000050a9  QueueP_head                                                 
000050ad  QueueP_next                                                 
000050b1  TimerP_getCount64                                           
000050b5  _system_pre_init                                            
000050b9  C$$EXIT                                                     
000050b9  abort                                                       
000050c3  __aeabi_idiv0                                               
000050c3  __aeabi_ldiv0                                               
00005b80  resourceDB                                                  
00005bcc  BoardGpioInitTable                                          
00005c14  PowerCC26XX_config                                          
00005c68  RFCC26XX_hwAttrs                                            
00005c7c  PINCC26XX_hwAttrs                                           
00005c8c  __c_args__                                                  
00005dec  __TI_Handler_Table_Base                                     
00005df8  __TI_Handler_Table_Limit                                    
00005e08  __TI_CINIT_Base                                             
00005e20  __TI_CINIT_Limit                                            
0001ffa8  __ccfg                                                      
20000000  __start___llvm_prf_cnts                                     
20000000  __stop___llvm_prf_cnts                                      
200003d8  RF_cmdTx                                                    
200005e6  driverlib_release_0_56883                                   
200005f8  pinUpperBound                                               
200005fc  pinLowerBound                                               
20000690  pinHandleTable                                              
2000070c  PowerCC26XX_module                                          
20000824  HwiP_swiPIntNum                                             
200008f4  ClockP_tickPeriod                                           
200009b0  pOverrides                                                  
20000a04  prs_0                                                       
20000a44  prs_1                                                       
20000ab4  RF_cmdPropRadioDivSetup                                     
20000adc  RF_cmdFs                                                    
20000af4  RF_prop                                                     
20000b08  SemaphoreP_defaultParams                                    
20000b18  _sys_memory                                                 
20000d00  g_pfnRAMVectors                                             
20004c00  __stack                                                     
20005000  __STACK_END                                                 
ffffffff  __TI_pprof_out_hndl                                         
ffffffff  __TI_prof_data_size                                         
ffffffff  __TI_prof_data_start                                        
ffffffff  __binit__                                                   
ffffffff  binit                                                       
UNDEFED   __mpu_init                                                  
UNDEFED   _system_post_cinit                                          

[239 symbols]
