<?xml version="1.0" encoding="ISO-8859-1" ?>
<link_info>
   <banner>TI ARM Linker Unix v20.2.5.LTS</banner>
   <copyright>Copyright (c) 1996-2018 Texas Instruments Incorporated</copyright>
   <link_time>0x6155ba26</link_time>
   <link_errors>0x0</link_errors>
   <output_file>rfPacketTx_CC1310_LAUNCHXL_nortos_ccs.out</output_file>
   <entry_point>
      <name>resetISR</name>
      <address>0x4cbd</address>
   </entry_point>
   <input_file_list>
      <input_file id="fl-2">
         <path>./</path>
         <kind>object</kind>
         <file>CC1310_LAUNCHXL.obj</file>
         <name>CC1310_LAUNCHXL.obj</name>
      </input_file>
      <input_file id="fl-3">
         <path>./</path>
         <kind>object</kind>
         <file>CC1310_LAUNCHXL_fxns.obj</file>
         <name>CC1310_LAUNCHXL_fxns.obj</name>
      </input_file>
      <input_file id="fl-4">
         <path>./</path>
         <kind>object</kind>
         <file>HardLink.obj</file>
         <name>HardLink.obj</name>
      </input_file>
      <input_file id="fl-5">
         <path>./</path>
         <kind>object</kind>
         <file>ccfg.obj</file>
         <name>ccfg.obj</name>
      </input_file>
      <input_file id="fl-6">
         <path>./</path>
         <kind>object</kind>
         <file>main_nortos.obj</file>
         <name>main_nortos.obj</name>
      </input_file>
      <input_file id="fl-7">
         <path>./</path>
         <kind>object</kind>
         <file>rfPacketTx.obj</file>
         <name>rfPacketTx.obj</name>
      </input_file>
      <input_file id="fl-8">
         <path>./smartrf_settings/</path>
         <kind>object</kind>
         <file>smartrf_settings.obj</file>
         <name>smartrf_settings.obj</name>
      </input_file>
      <input_file id="fl-13">
         <kind>object</kind>
         <file>&lt;internal&gt;</file>
         <name>&lt;internal&gt;</name>
      </input_file>
      <input_file id="fl-14">
         <path>/home/wpc/ti/simplelink_cc13x0_sdk_4_10_01_01/source/ti/display/lib/</path>
         <kind>archive</kind>
         <file>display.aem3</file>
         <name>DisplayUart.oem3</name>
      </input_file>
      <input_file id="fl-15">
         <path>/home/wpc/ti/simplelink_cc13x0_sdk_4_10_01_01/source/ti/drivers/rf/lib/</path>
         <kind>archive</kind>
         <file>rf_multiMode_cc13x0.aem3</file>
         <name>RFCC26XX_multiMode.oem3</name>
      </input_file>
      <input_file id="fl-16">
         <path>/home/wpc/ti/simplelink_cc13x0_sdk_4_10_01_01/source/ti/drivers/lib/</path>
         <kind>archive</kind>
         <file>drivers_cc13x0.aem3</file>
         <name>NVSSPI25X.oem3</name>
      </input_file>
      <input_file id="fl-17">
         <path>/home/wpc/ti/simplelink_cc13x0_sdk_4_10_01_01/source/ti/drivers/lib/</path>
         <kind>archive</kind>
         <file>drivers_cc13x0.aem3</file>
         <name>SDSPI.oem3</name>
      </input_file>
      <input_file id="fl-18">
         <path>/home/wpc/ti/simplelink_cc13x0_sdk_4_10_01_01/source/ti/drivers/lib/</path>
         <kind>archive</kind>
         <file>drivers_cc13x0.aem3</file>
         <name>List.oem3</name>
      </input_file>
      <input_file id="fl-19">
         <path>/home/wpc/ti/simplelink_cc13x0_sdk_4_10_01_01/source/ti/drivers/lib/</path>
         <kind>archive</kind>
         <file>drivers_cc13x0.aem3</file>
         <name>ADCCC26XX.oem3</name>
      </input_file>
      <input_file id="fl-1a">
         <path>/home/wpc/ti/simplelink_cc13x0_sdk_4_10_01_01/source/ti/drivers/lib/</path>
         <kind>archive</kind>
         <file>drivers_cc13x0.aem3</file>
         <name>ADCBufCC26XX.oem3</name>
      </input_file>
      <input_file id="fl-1b">
         <path>/home/wpc/ti/simplelink_cc13x0_sdk_4_10_01_01/source/ti/drivers/lib/</path>
         <kind>archive</kind>
         <file>drivers_cc13x0.aem3</file>
         <name>UDMACC26XX.oem3</name>
      </input_file>
      <input_file id="fl-1c">
         <path>/home/wpc/ti/simplelink_cc13x0_sdk_4_10_01_01/source/ti/drivers/lib/</path>
         <kind>archive</kind>
         <file>drivers_cc13x0.aem3</file>
         <name>GPIOCC26XX.oem3</name>
      </input_file>
      <input_file id="fl-1d">
         <path>/home/wpc/ti/simplelink_cc13x0_sdk_4_10_01_01/source/ti/drivers/lib/</path>
         <kind>archive</kind>
         <file>drivers_cc13x0.aem3</file>
         <name>I2CCC26XX.oem3</name>
      </input_file>
      <input_file id="fl-1e">
         <path>/home/wpc/ti/simplelink_cc13x0_sdk_4_10_01_01/source/ti/drivers/lib/</path>
         <kind>archive</kind>
         <file>drivers_cc13x0.aem3</file>
         <name>NVSCC26XX.oem3</name>
      </input_file>
      <input_file id="fl-1f">
         <path>/home/wpc/ti/simplelink_cc13x0_sdk_4_10_01_01/source/ti/drivers/lib/</path>
         <kind>archive</kind>
         <file>drivers_cc13x0.aem3</file>
         <name>PINCC26XX.oem3</name>
      </input_file>
      <input_file id="fl-20">
         <path>/home/wpc/ti/simplelink_cc13x0_sdk_4_10_01_01/source/ti/drivers/lib/</path>
         <kind>archive</kind>
         <file>drivers_cc13x0.aem3</file>
         <name>PowerCC26XX.oem3</name>
      </input_file>
      <input_file id="fl-21">
         <path>/home/wpc/ti/simplelink_cc13x0_sdk_4_10_01_01/source/ti/drivers/lib/</path>
         <kind>archive</kind>
         <file>drivers_cc13x0.aem3</file>
         <name>PowerCC26XX_calibrateRCOSC.oem3</name>
      </input_file>
      <input_file id="fl-22">
         <path>/home/wpc/ti/simplelink_cc13x0_sdk_4_10_01_01/source/ti/drivers/lib/</path>
         <kind>archive</kind>
         <file>drivers_cc13x0.aem3</file>
         <name>PWMTimerCC26XX.oem3</name>
      </input_file>
      <input_file id="fl-23">
         <path>/home/wpc/ti/simplelink_cc13x0_sdk_4_10_01_01/source/ti/drivers/lib/</path>
         <kind>archive</kind>
         <file>drivers_cc13x0.aem3</file>
         <name>SPI.oem3</name>
      </input_file>
      <input_file id="fl-24">
         <path>/home/wpc/ti/simplelink_cc13x0_sdk_4_10_01_01/source/ti/drivers/lib/</path>
         <kind>archive</kind>
         <file>drivers_cc13x0.aem3</file>
         <name>SPICC26XXDMA.oem3</name>
      </input_file>
      <input_file id="fl-25">
         <path>/home/wpc/ti/simplelink_cc13x0_sdk_4_10_01_01/source/ti/drivers/lib/</path>
         <kind>archive</kind>
         <file>drivers_cc13x0.aem3</file>
         <name>GPTimerCC26XX.oem3</name>
      </input_file>
      <input_file id="fl-26">
         <path>/home/wpc/ti/simplelink_cc13x0_sdk_4_10_01_01/source/ti/drivers/lib/</path>
         <kind>archive</kind>
         <file>drivers_cc13x0.aem3</file>
         <name>UART.oem3</name>
      </input_file>
      <input_file id="fl-27">
         <path>/home/wpc/ti/simplelink_cc13x0_sdk_4_10_01_01/source/ti/drivers/lib/</path>
         <kind>archive</kind>
         <file>drivers_cc13x0.aem3</file>
         <name>UARTCC26XX.oem3</name>
      </input_file>
      <input_file id="fl-28">
         <path>/home/wpc/ti/simplelink_cc13x0_sdk_4_10_01_01/source/ti/drivers/lib/</path>
         <kind>archive</kind>
         <file>drivers_cc13x0.aem3</file>
         <name>WatchdogCC26XX.oem3</name>
      </input_file>
      <input_file id="fl-29">
         <path>/home/wpc/ti/simplelink_cc13x0_sdk_4_10_01_01/source/ti/drivers/lib/</path>
         <kind>archive</kind>
         <file>drivers_cc13x0.aem3</file>
         <name>RingBuf.oem3</name>
      </input_file>
      <input_file id="fl-2a">
         <path>/home/wpc/ti/simplelink_cc13x0_sdk_4_10_01_01/source/ti/drivers/lib/</path>
         <kind>archive</kind>
         <file>drivers_cc13x0.aem3</file>
         <name>ADCBuf.oem3</name>
      </input_file>
      <input_file id="fl-2b">
         <path>/home/wpc/ti/simplelink_cc13x0_sdk_4_10_01_01/kernel/nortos/lib/</path>
         <kind>archive</kind>
         <file>nortos_cc13x0.aem3</file>
         <name>posix_sleep.oem3</name>
      </input_file>
      <input_file id="fl-2c">
         <path>/home/wpc/ti/simplelink_cc13x0_sdk_4_10_01_01/kernel/nortos/lib/</path>
         <kind>archive</kind>
         <file>nortos_cc13x0.aem3</file>
         <name>NoRTOS.oem3</name>
      </input_file>
      <input_file id="fl-2d">
         <path>/home/wpc/ti/simplelink_cc13x0_sdk_4_10_01_01/kernel/nortos/lib/</path>
         <kind>archive</kind>
         <file>nortos_cc13x0.aem3</file>
         <name>SemaphoreP_nortos.oem3</name>
      </input_file>
      <input_file id="fl-2e">
         <path>/home/wpc/ti/simplelink_cc13x0_sdk_4_10_01_01/kernel/nortos/lib/</path>
         <kind>archive</kind>
         <file>nortos_cc13x0.aem3</file>
         <name>SwiP_nortos.oem3</name>
      </input_file>
      <input_file id="fl-2f">
         <path>/home/wpc/ti/simplelink_cc13x0_sdk_4_10_01_01/kernel/nortos/lib/</path>
         <kind>archive</kind>
         <file>nortos_cc13x0.aem3</file>
         <name>SystemP_nortos.oem3</name>
      </input_file>
      <input_file id="fl-30">
         <path>/home/wpc/ti/simplelink_cc13x0_sdk_4_10_01_01/kernel/nortos/lib/</path>
         <kind>archive</kind>
         <file>nortos_cc13x0.aem3</file>
         <name>ClockPTimer_nortos.oem3</name>
      </input_file>
      <input_file id="fl-31">
         <path>/home/wpc/ti/simplelink_cc13x0_sdk_4_10_01_01/kernel/nortos/lib/</path>
         <kind>archive</kind>
         <file>nortos_cc13x0.aem3</file>
         <name>TimerPCC26XX_nortos.oem3</name>
      </input_file>
      <input_file id="fl-32">
         <path>/home/wpc/ti/simplelink_cc13x0_sdk_4_10_01_01/kernel/nortos/lib/</path>
         <kind>archive</kind>
         <file>nortos_cc13x0.aem3</file>
         <name>HwiPCC26XX_nortos.oem3</name>
      </input_file>
      <input_file id="fl-33">
         <path>/home/wpc/ti/simplelink_cc13x0_sdk_4_10_01_01/kernel/nortos/lib/</path>
         <kind>archive</kind>
         <file>nortos_cc13x0.aem3</file>
         <name>PowerCC26XX_nortos.oem3</name>
      </input_file>
      <input_file id="fl-34">
         <path>/home/wpc/ti/simplelink_cc13x0_sdk_4_10_01_01/kernel/nortos/lib/</path>
         <kind>archive</kind>
         <file>nortos_cc13x0.aem3</file>
         <name>startup_cc13xx_cc26xx_ccs.oem3</name>
      </input_file>
      <input_file id="fl-35">
         <path>/home/wpc/ti/simplelink_cc13x0_sdk_4_10_01_01/kernel/nortos/lib/</path>
         <kind>archive</kind>
         <file>nortos_cc13x0.aem3</file>
         <name>QueueP_nortos.oem3</name>
      </input_file>
      <input_file id="fl-36">
         <path>/home/wpc/ti/simplelink_cc13x0_sdk_4_10_01_01/source/ti/devices/cc13x0/driverlib/bin/ccs/</path>
         <kind>archive</kind>
         <file>driverlib.lib</file>
         <name>adi.obj</name>
      </input_file>
      <input_file id="fl-37">
         <path>/home/wpc/ti/simplelink_cc13x0_sdk_4_10_01_01/source/ti/devices/cc13x0/driverlib/bin/ccs/</path>
         <kind>archive</kind>
         <file>driverlib.lib</file>
         <name>aon_batmon.obj</name>
      </input_file>
      <input_file id="fl-38">
         <path>/home/wpc/ti/simplelink_cc13x0_sdk_4_10_01_01/source/ti/devices/cc13x0/driverlib/bin/ccs/</path>
         <kind>archive</kind>
         <file>driverlib.lib</file>
         <name>aon_rtc.obj</name>
      </input_file>
      <input_file id="fl-39">
         <path>/home/wpc/ti/simplelink_cc13x0_sdk_4_10_01_01/source/ti/devices/cc13x0/driverlib/bin/ccs/</path>
         <kind>archive</kind>
         <file>driverlib.lib</file>
         <name>aux_adc.obj</name>
      </input_file>
      <input_file id="fl-3a">
         <path>/home/wpc/ti/simplelink_cc13x0_sdk_4_10_01_01/source/ti/devices/cc13x0/driverlib/bin/ccs/</path>
         <kind>archive</kind>
         <file>driverlib.lib</file>
         <name>chipinfo.obj</name>
      </input_file>
      <input_file id="fl-3b">
         <path>/home/wpc/ti/simplelink_cc13x0_sdk_4_10_01_01/source/ti/devices/cc13x0/driverlib/bin/ccs/</path>
         <kind>archive</kind>
         <file>driverlib.lib</file>
         <name>cpu.obj</name>
      </input_file>
      <input_file id="fl-3c">
         <path>/home/wpc/ti/simplelink_cc13x0_sdk_4_10_01_01/source/ti/devices/cc13x0/driverlib/bin/ccs/</path>
         <kind>archive</kind>
         <file>driverlib.lib</file>
         <name>driverlib_release.obj</name>
      </input_file>
      <input_file id="fl-3d">
         <path>/home/wpc/ti/simplelink_cc13x0_sdk_4_10_01_01/source/ti/devices/cc13x0/driverlib/bin/ccs/</path>
         <kind>archive</kind>
         <file>driverlib.lib</file>
         <name>flash.obj</name>
      </input_file>
      <input_file id="fl-3e">
         <path>/home/wpc/ti/simplelink_cc13x0_sdk_4_10_01_01/source/ti/devices/cc13x0/driverlib/bin/ccs/</path>
         <kind>archive</kind>
         <file>driverlib.lib</file>
         <name>interrupt.obj</name>
      </input_file>
      <input_file id="fl-3f">
         <path>/home/wpc/ti/simplelink_cc13x0_sdk_4_10_01_01/source/ti/devices/cc13x0/driverlib/bin/ccs/</path>
         <kind>archive</kind>
         <file>driverlib.lib</file>
         <name>osc.obj</name>
      </input_file>
      <input_file id="fl-40">
         <path>/home/wpc/ti/simplelink_cc13x0_sdk_4_10_01_01/source/ti/devices/cc13x0/driverlib/bin/ccs/</path>
         <kind>archive</kind>
         <file>driverlib.lib</file>
         <name>rfc.obj</name>
      </input_file>
      <input_file id="fl-41">
         <path>/home/wpc/ti/simplelink_cc13x0_sdk_4_10_01_01/source/ti/devices/cc13x0/driverlib/bin/ccs/</path>
         <kind>archive</kind>
         <file>driverlib.lib</file>
         <name>setup.obj</name>
      </input_file>
      <input_file id="fl-42">
         <path>/home/wpc/ti/simplelink_cc13x0_sdk_4_10_01_01/source/ti/devices/cc13x0/driverlib/bin/ccs/</path>
         <kind>archive</kind>
         <file>driverlib.lib</file>
         <name>setup_rom.obj</name>
      </input_file>
      <input_file id="fl-43">
         <path>/home/wpc/ti/simplelink_cc13x0_sdk_4_10_01_01/source/ti/devices/cc13x0/driverlib/bin/ccs/</path>
         <kind>archive</kind>
         <file>driverlib.lib</file>
         <name>sys_ctrl.obj</name>
      </input_file>
      <input_file id="fl-44">
         <path>/home/wpc/ti/simplelink_cc13x0_sdk_4_10_01_01/source/ti/devices/cc13x0/driverlib/bin/ccs/</path>
         <kind>archive</kind>
         <file>driverlib.lib</file>
         <name>vims.obj</name>
      </input_file>
      <input_file id="fl-45">
         <path>/home/wpc/ti/simplelink_cc13x0_sdk_4_10_01_01/source/ti/devices/cc13x0/driverlib/bin/ccs/</path>
         <kind>archive</kind>
         <file>driverlib.lib</file>
         <name>ddi.obj</name>
      </input_file>
      <input_file id="fl-fb">
         <path>/home/wpc/UserSoftware/CCS/ccsv8/tools/compiler/ti-cgt-arm_20.2.5.LTS/lib/</path>
         <kind>archive</kind>
         <file>rtsv7M3_T_le_eabi.lib</file>
         <name>fd_add_t2.asm.obj</name>
      </input_file>
      <input_file id="fl-fc">
         <path>/home/wpc/UserSoftware/CCS/ccsv8/tools/compiler/ti-cgt-arm_20.2.5.LTS/lib/</path>
         <kind>archive</kind>
         <file>rtsv7M3_T_le_eabi.lib</file>
         <name>fd_cmp_t2.asm.obj</name>
      </input_file>
      <input_file id="fl-fd">
         <path>/home/wpc/UserSoftware/CCS/ccsv8/tools/compiler/ti-cgt-arm_20.2.5.LTS/lib/</path>
         <kind>archive</kind>
         <file>rtsv7M3_T_le_eabi.lib</file>
         <name>fd_mul_t2.asm.obj</name>
      </input_file>
      <input_file id="fl-fe">
         <path>/home/wpc/UserSoftware/CCS/ccsv8/tools/compiler/ti-cgt-arm_20.2.5.LTS/lib/</path>
         <kind>archive</kind>
         <file>rtsv7M3_T_le_eabi.lib</file>
         <name>fd_toi_t2.asm.obj</name>
      </input_file>
      <input_file id="fl-ff">
         <path>/home/wpc/UserSoftware/CCS/ccsv8/tools/compiler/ti-cgt-arm_20.2.5.LTS/lib/</path>
         <kind>archive</kind>
         <file>rtsv7M3_T_le_eabi.lib</file>
         <name>fd_tou_t2.asm.obj</name>
      </input_file>
      <input_file id="fl-100">
         <path>/home/wpc/UserSoftware/CCS/ccsv8/tools/compiler/ti-cgt-arm_20.2.5.LTS/lib/</path>
         <kind>archive</kind>
         <file>rtsv7M3_T_le_eabi.lib</file>
         <name>i_tofd_t2.asm.obj</name>
      </input_file>
      <input_file id="fl-101">
         <path>/home/wpc/UserSoftware/CCS/ccsv8/tools/compiler/ti-cgt-arm_20.2.5.LTS/lib/</path>
         <kind>archive</kind>
         <file>rtsv7M3_T_le_eabi.lib</file>
         <name>ll_mul_t2.asm.obj</name>
      </input_file>
      <input_file id="fl-102">
         <path>/home/wpc/UserSoftware/CCS/ccsv8/tools/compiler/ti-cgt-arm_20.2.5.LTS/lib/</path>
         <kind>archive</kind>
         <file>rtsv7M3_T_le_eabi.lib</file>
         <name>memcpy_t2.asm.obj</name>
      </input_file>
      <input_file id="fl-103">
         <path>/home/wpc/UserSoftware/CCS/ccsv8/tools/compiler/ti-cgt-arm_20.2.5.LTS/lib/</path>
         <kind>archive</kind>
         <file>rtsv7M3_T_le_eabi.lib</file>
         <name>u_divt2.asm.obj</name>
      </input_file>
      <input_file id="fl-104">
         <path>/home/wpc/UserSoftware/CCS/ccsv8/tools/compiler/ti-cgt-arm_20.2.5.LTS/lib/</path>
         <kind>archive</kind>
         <file>rtsv7M3_T_le_eabi.lib</file>
         <name>ull_div_t2.asm.obj</name>
      </input_file>
      <input_file id="fl-105">
         <path>/home/wpc/UserSoftware/CCS/ccsv8/tools/compiler/ti-cgt-arm_20.2.5.LTS/lib/</path>
         <kind>archive</kind>
         <file>rtsv7M3_T_le_eabi.lib</file>
         <name>memset_t2.asm.obj</name>
      </input_file>
      <input_file id="fl-106">
         <path>/home/wpc/UserSoftware/CCS/ccsv8/tools/compiler/ti-cgt-arm_20.2.5.LTS/lib/</path>
         <kind>archive</kind>
         <file>rtsv7M3_T_le_eabi.lib</file>
         <name>copy_zero_init.c.obj</name>
      </input_file>
      <input_file id="fl-107">
         <path>/home/wpc/UserSoftware/CCS/ccsv8/tools/compiler/ti-cgt-arm_20.2.5.LTS/lib/</path>
         <kind>archive</kind>
         <file>rtsv7M3_T_le_eabi.lib</file>
         <name>copy_decompress_none.c.obj</name>
      </input_file>
      <input_file id="fl-108">
         <path>/home/wpc/UserSoftware/CCS/ccsv8/tools/compiler/ti-cgt-arm_20.2.5.LTS/lib/</path>
         <kind>archive</kind>
         <file>rtsv7M3_T_le_eabi.lib</file>
         <name>copy_decompress_lzss.c.obj</name>
      </input_file>
      <input_file id="fl-109">
         <path>/home/wpc/UserSoftware/CCS/ccsv8/tools/compiler/ti-cgt-arm_20.2.5.LTS/lib/</path>
         <kind>archive</kind>
         <file>rtsv7M3_T_le_eabi.lib</file>
         <name>memory.c.obj</name>
      </input_file>
      <input_file id="fl-10a">
         <path>/home/wpc/UserSoftware/CCS/ccsv8/tools/compiler/ti-cgt-arm_20.2.5.LTS/lib/</path>
         <kind>archive</kind>
         <file>rtsv7M3_T_le_eabi.lib</file>
         <name>rand.c.obj</name>
      </input_file>
      <input_file id="fl-10b">
         <path>/home/wpc/UserSoftware/CCS/ccsv8/tools/compiler/ti-cgt-arm_20.2.5.LTS/lib/</path>
         <kind>archive</kind>
         <file>rtsv7M3_T_le_eabi.lib</file>
         <name>strlen.c.obj</name>
      </input_file>
      <input_file id="fl-10c">
         <path>/home/wpc/UserSoftware/CCS/ccsv8/tools/compiler/ti-cgt-arm_20.2.5.LTS/lib/</path>
         <kind>archive</kind>
         <file>rtsv7M3_T_le_eabi.lib</file>
         <name>boot_cortex_m.c.obj</name>
      </input_file>
      <input_file id="fl-10d">
         <path>/home/wpc/UserSoftware/CCS/ccsv8/tools/compiler/ti-cgt-arm_20.2.5.LTS/lib/</path>
         <kind>archive</kind>
         <file>rtsv7M3_T_le_eabi.lib</file>
         <name>div0.asm.obj</name>
      </input_file>
      <input_file id="fl-10e">
         <path>/home/wpc/UserSoftware/CCS/ccsv8/tools/compiler/ti-cgt-arm_20.2.5.LTS/lib/</path>
         <kind>archive</kind>
         <file>rtsv7M3_T_le_eabi.lib</file>
         <name>autoinit.c.obj</name>
      </input_file>
      <input_file id="fl-10f">
         <path>/home/wpc/UserSoftware/CCS/ccsv8/tools/compiler/ti-cgt-arm_20.2.5.LTS/lib/</path>
         <kind>archive</kind>
         <file>rtsv7M3_T_le_eabi.lib</file>
         <name>pre_init.c.obj</name>
      </input_file>
      <input_file id="fl-110">
         <path>/home/wpc/UserSoftware/CCS/ccsv8/tools/compiler/ti-cgt-arm_20.2.5.LTS/lib/</path>
         <kind>archive</kind>
         <file>rtsv7M3_T_le_eabi.lib</file>
         <name>cpy_tbl.c.obj</name>
      </input_file>
      <input_file id="fl-111">
         <path>/home/wpc/UserSoftware/CCS/ccsv8/tools/compiler/ti-cgt-arm_20.2.5.LTS/lib/</path>
         <kind>archive</kind>
         <file>rtsv7M3_T_le_eabi.lib</file>
         <name>exit.c.obj</name>
      </input_file>
      <input_file id="fl-112">
         <path>/home/wpc/UserSoftware/CCS/ccsv8/tools/compiler/ti-cgt-arm_20.2.5.LTS/lib/</path>
         <kind>archive</kind>
         <file>rtsv7M3_T_le_eabi.lib</file>
         <name>_lock.c.obj</name>
      </input_file>
      <input_file id="fl-113">
         <path>/home/wpc/UserSoftware/CCS/ccsv8/tools/compiler/ti-cgt-arm_20.2.5.LTS/lib/</path>
         <kind>archive</kind>
         <file>rtsv7M3_T_le_eabi.lib</file>
         <name>args_main.c.obj</name>
      </input_file>
   </input_file_list>
   <object_component_list>
      <object_component id="oc-18">
         <name>.intvecs</name>
         <load_address>0x0</load_address>
         <run_address>0x0</run_address>
         <size>0xc8</size>
         <input_file_ref idref="fl-34"/>
      </object_component>
      <object_component id="oc-6dc">
         <name>.text:RF_fsmActiveState</name>
         <load_address>0xc8</load_address>
         <run_address>0xc8</run_address>
         <size>0x48c</size>
         <input_file_ref idref="fl-15"/>
      </object_component>
      <object_component id="oc-a1d">
         <name>.text:PowerCC26XX_auxISR</name>
         <load_address>0x554</load_address>
         <run_address>0x554</run_address>
         <size>0x30c</size>
         <input_file_ref idref="fl-21"/>
      </object_component>
      <object_component id="oc-ae0">
         <name>.text:NOROM_SysCtrlSetRechargeBeforePowerDown</name>
         <load_address>0x860</load_address>
         <run_address>0x860</run_address>
         <size>0x238</size>
         <input_file_ref idref="fl-43"/>
      </object_component>
      <object_component id="oc-9f8">
         <name>.text:Power_sleep</name>
         <load_address>0xa98</load_address>
         <run_address>0xa98</run_address>
         <size>0x224</size>
         <input_file_ref idref="fl-20"/>
      </object_component>
      <object_component id="oc-3b6">
         <name>.text:RF_open</name>
         <load_address>0xcbc</load_address>
         <run_address>0xcbc</run_address>
         <size>0x1d8</size>
         <input_file_ref idref="fl-15"/>
      </object_component>
      <object_component id="oc-44b">
         <name>.text:PIN_init</name>
         <load_address>0xe94</load_address>
         <run_address>0xe94</run_address>
         <size>0x1b0</size>
         <input_file_ref idref="fl-1f"/>
      </object_component>
      <object_component id="oc-a0b">
         <name>.text:PowerCC26XX_doCalibrate</name>
         <load_address>0x1044</load_address>
         <run_address>0x1044</run_address>
         <size>0x190</size>
         <input_file_ref idref="fl-21"/>
      </object_component>
      <object_component id="oc-731">
         <name>.text:RF_fsmSetupState</name>
         <load_address>0x11d4</load_address>
         <run_address>0x11d4</run_address>
         <size>0x154</size>
         <input_file_ref idref="fl-15"/>
      </object_component>
      <object_component id="oc-505">
         <name>.text:rf_patch_rfe_genfsk</name>
         <load_address>0x1328</load_address>
         <run_address>0x1328</run_address>
         <size>0x128</size>
         <input_file_ref idref="fl-8"/>
      </object_component>
      <object_component id="oc-132">
         <name>.text:NOROM_SetupAfterColdResetWakeupFromShutDownCfg3</name>
         <load_address>0x1450</load_address>
         <run_address>0x1450</run_address>
         <size>0x124</size>
         <input_file_ref idref="fl-42"/>
      </object_component>
      <object_component id="oc-6d6">
         <name>.text:RF_dispatchNextCmd</name>
         <load_address>0x1574</load_address>
         <run_address>0x1574</run_address>
         <size>0x124</size>
         <input_file_ref idref="fl-15"/>
      </object_component>
      <object_component id="oc-72b">
         <name>.text:RF_radioOpDoneCb</name>
         <load_address>0x1698</load_address>
         <run_address>0x1698</run_address>
         <size>0x118</size>
         <input_file_ref idref="fl-15"/>
      </object_component>
      <object_component id="oc-445">
         <name>.text:Power_init</name>
         <load_address>0x17b0</load_address>
         <run_address>0x17b0</run_address>
         <size>0x114</size>
         <input_file_ref idref="fl-20"/>
      </object_component>
      <object_component id="oc-7e4">
         <name>.text:PowerCC26XX_standbyPolicy</name>
         <load_address>0x18c4</load_address>
         <run_address>0x18c4</run_address>
         <size>0x100</size>
         <input_file_ref idref="fl-33"/>
      </object_component>
      <object_component id="oc-12c">
         <name>.text:NOROM_SetupAfterColdResetWakeupFromShutDownCfg2</name>
         <load_address>0x19c4</load_address>
         <run_address>0x19c4</run_address>
         <size>0xf0</size>
         <input_file_ref idref="fl-42"/>
      </object_component>
      <object_component id="oc-5fe">
         <name>.text:PINCC26XX_setIoCfg</name>
         <load_address>0x1ab4</load_address>
         <run_address>0x1ab4</run_address>
         <size>0xf0</size>
         <input_file_ref idref="fl-1f"/>
      </object_component>
      <object_component id="oc-4dc">
         <name>.text:RF_fsmPowerUpState</name>
         <load_address>0x1ba4</load_address>
         <run_address>0x1ba4</run_address>
         <size>0xe8</size>
         <input_file_ref idref="fl-15"/>
      </object_component>
      <object_component id="oc-479">
         <name>.text:SwiP_construct</name>
         <load_address>0x1c8c</load_address>
         <run_address>0x1c8c</run_address>
         <size>0xd8</size>
         <input_file_ref idref="fl-2e"/>
      </object_component>
      <object_component id="oc-924">
         <name>.text:NOROM_RFCRfTrimRead</name>
         <load_address>0x1d64</load_address>
         <run_address>0x1d64</run_address>
         <size>0xd4</size>
         <input_file_ref idref="fl-40"/>
      </object_component>
      <object_component id="oc-51e">
         <name>.text:RF_pendCmd</name>
         <load_address>0x1e38</load_address>
         <run_address>0x1e38</run_address>
         <size>0xd4</size>
         <input_file_ref idref="fl-15"/>
      </object_component>
      <object_component id="oc-215">
         <name>.text:HardLink_setFrequency</name>
         <load_address>0x1f0c</load_address>
         <run_address>0x1f0c</run_address>
         <size>0xcc</size>
         <input_file_ref idref="fl-4"/>
      </object_component>
      <object_component id="oc-64f">
         <name>.text:NOROM_RFCRTrim</name>
         <load_address>0x1fd8</load_address>
         <run_address>0x1fd8</run_address>
         <size>0xcc</size>
         <input_file_ref idref="fl-40"/>
      </object_component>
      <object_component id="oc-4b5">
         <name>.text:RF_swiHw</name>
         <load_address>0x20a4</load_address>
         <run_address>0x20a4</run_address>
         <size>0xcc</size>
         <input_file_ref idref="fl-15"/>
      </object_component>
      <object_component id="oc-c7">
         <name>.text:TrimAfterColdResetWakeupFromShutDown</name>
         <load_address>0x2170</load_address>
         <run_address>0x2170</run_address>
         <size>0xc8</size>
         <input_file_ref idref="fl-41"/>
      </object_component>
      <object_component id="oc-21b">
         <name>.text:HardLink_send</name>
         <load_address>0x2238</load_address>
         <run_address>0x2238</run_address>
         <size>0xc4</size>
         <input_file_ref idref="fl-4"/>
      </object_component>
      <object_component id="oc-90c">
         <name>.text:Power_releaseDependency</name>
         <load_address>0x22fc</load_address>
         <run_address>0x22fc</run_address>
         <size>0xbc</size>
         <input_file_ref idref="fl-20"/>
      </object_component>
      <object_component id="oc-518">
         <name>.text:RF_postCmd</name>
         <load_address>0x23b8</load_address>
         <run_address>0x23b8</run_address>
         <size>0xb8</size>
         <input_file_ref idref="fl-15"/>
      </object_component>
      <object_component id="oc-497">
         <name>.text:Power_setDependency</name>
         <load_address>0x2470</load_address>
         <run_address>0x2470</run_address>
         <size>0xb4</size>
         <input_file_ref idref="fl-20"/>
      </object_component>
      <object_component id="oc-6e2">
         <name>.text:RF_hwiCpe0Active</name>
         <load_address>0x2524</load_address>
         <run_address>0x2524</run_address>
         <size>0xb0</size>
         <input_file_ref idref="fl-15"/>
      </object_component>
      <object_component id="oc-53d">
         <name>.text:TimerP_construct</name>
         <load_address>0x25d4</load_address>
         <run_address>0x25d4</run_address>
         <size>0xb0</size>
         <input_file_ref idref="fl-31"/>
      </object_component>
      <object_component id="oc-54f">
         <name>.text:ClockP_workFuncDynamic</name>
         <load_address>0x2684</load_address>
         <run_address>0x2684</run_address>
         <size>0xa8</size>
         <input_file_ref idref="fl-30"/>
      </object_component>
      <object_component id="oc-75">
         <name>.text:NOROM_SetupTrimDevice</name>
         <load_address>0x272c</load_address>
         <run_address>0x272c</run_address>
         <size>0xa8</size>
         <input_file_ref idref="fl-41"/>
      </object_component>
      <object_component id="oc-6d0">
         <name>.text:RF_ratRestartChannels</name>
         <load_address>0x27d4</load_address>
         <run_address>0x27d4</run_address>
         <size>0xa8</size>
         <input_file_ref idref="fl-15"/>
      </object_component>
      <object_component id="oc-126">
         <name>.text:NOROM_SetupAfterColdResetWakeupFromShutDownCfg1</name>
         <load_address>0x287c</load_address>
         <run_address>0x287c</run_address>
         <size>0xa4</size>
         <input_file_ref idref="fl-42"/>
      </object_component>
      <object_component id="oc-5d9">
         <name>.text:switchXOSCHFclockFunc</name>
         <load_address>0x2920</load_address>
         <run_address>0x2920</run_address>
         <size>0xa4</size>
         <input_file_ref idref="fl-20"/>
      </object_component>
      <object_component id="oc-842">
         <name>.text:PIN_open</name>
         <load_address>0x29c4</load_address>
         <run_address>0x29c4</run_address>
         <size>0xa0</size>
         <input_file_ref idref="fl-1f"/>
      </object_component>
      <object_component id="oc-898">
         <name>.text:SwiP_dispatch</name>
         <load_address>0x2a64</load_address>
         <run_address>0x2a64</run_address>
         <size>0xa0</size>
         <input_file_ref idref="fl-2e"/>
      </object_component>
      <object_component id="oc-3ee">
         <name>.text:ClockP_startup</name>
         <load_address>0x2b04</load_address>
         <run_address>0x2b04</run_address>
         <size>0x9c</size>
         <input_file_ref idref="fl-30"/>
      </object_component>
      <object_component id="oc-8fa">
         <name>.text:RF_calculateDispatchTime</name>
         <load_address>0x2ba0</load_address>
         <run_address>0x2ba0</run_address>
         <size>0x9c</size>
         <input_file_ref idref="fl-15"/>
      </object_component>
      <object_component id="oc-57">
         <name>.text</name>
         <load_address>0x2c3c</load_address>
         <run_address>0x2c3c</run_address>
         <size>0x9c</size>
         <input_file_ref idref="fl-102"/>
      </object_component>
      <object_component id="oc-56c">
         <name>.text:SemaphoreP_pend</name>
         <load_address>0x2cd8</load_address>
         <run_address>0x2cd8</run_address>
         <size>0x98</size>
         <input_file_ref idref="fl-2d"/>
      </object_component>
      <object_component id="oc-97c">
         <name>.text:configureGenfskPatch</name>
         <load_address>0x2d70</load_address>
         <run_address>0x2d70</run_address>
         <size>0x98</size>
         <input_file_ref idref="fl-8"/>
      </object_component>
      <object_component id="oc-3cc">
         <name>.text</name>
         <load_address>0x2e08</load_address>
         <run_address>0x2e08</run_address>
         <size>0x96</size>
         <input_file_ref idref="fl-104"/>
      </object_component>
      <object_component id="oc-848">
         <name>.text:CC1310_LAUNCHXL_sendExtFlashByte</name>
         <load_address>0x2e9e</load_address>
         <run_address>0x2e9e</run_address>
         <size>0x84</size>
         <input_file_ref idref="fl-3"/>
      </object_component>
      <object_component id="oc-4e2">
         <name>.text:RF_defaultCallback</name>
         <load_address>0x2f22</load_address>
         <run_address>0x2f22</run_address>
         <size>0x2</size>
         <input_file_ref idref="fl-15"/>
      </object_component>
      <object_component id="oc-739">
         <name>.text:RF_issueRadioFreeCb</name>
         <load_address>0x2f24</load_address>
         <run_address>0x2f24</run_address>
         <size>0x84</size>
         <input_file_ref idref="fl-15"/>
      </object_component>
      <object_component id="oc-5ca">
         <name>.text:ClockP_start</name>
         <load_address>0x2fa8</load_address>
         <run_address>0x2fa8</run_address>
         <size>0x80</size>
         <input_file_ref idref="fl-30"/>
      </object_component>
      <object_component id="oc-6b1">
         <name>.text:RF_ratFreeChannel</name>
         <load_address>0x3028</load_address>
         <run_address>0x3028</run_address>
         <size>0x7c</size>
         <input_file_ref idref="fl-15"/>
      </object_component>
      <object_component id="oc-af">
         <name>.text</name>
         <load_address>0x30a4</load_address>
         <run_address>0x30a4</run_address>
         <size>0x7a</size>
         <input_file_ref idref="fl-105"/>
      </object_component>
      <object_component id="oc-572">
         <name>.text:SemaphoreP_destruct</name>
         <load_address>0x311e</load_address>
         <run_address>0x311e</run_address>
         <size>0x2</size>
         <input_file_ref idref="fl-2d"/>
      </object_component>
      <object_component id="oc-485">
         <name>.text:HwiP_construct</name>
         <load_address>0x3120</load_address>
         <run_address>0x3120</run_address>
         <size>0x78</size>
         <input_file_ref idref="fl-32"/>
      </object_component>
      <object_component id="oc-797">
         <name>.text:ClockP_walkQueueDynamic</name>
         <load_address>0x3198</load_address>
         <run_address>0x3198</run_address>
         <size>0x74</size>
         <input_file_ref idref="fl-30"/>
      </object_component>
      <object_component id="oc-185">
         <name>.text:NOROM_SetupSetVddrLevel</name>
         <load_address>0x320c</load_address>
         <run_address>0x320c</run_address>
         <size>0x74</size>
         <input_file_ref idref="fl-42"/>
      </object_component>
      <object_component id="oc-4c1">
         <name>.text:RF_hwiHw</name>
         <load_address>0x3280</load_address>
         <run_address>0x3280</run_address>
         <size>0x70</size>
         <input_file_ref idref="fl-15"/>
      </object_component>
      <object_component id="oc-99e">
         <name>.text:TimerP_start</name>
         <load_address>0x32f0</load_address>
         <run_address>0x32f0</run_address>
         <size>0x70</size>
         <input_file_ref idref="fl-31"/>
      </object_component>
      <object_component id="oc-a11">
         <name>.text:PowerCC26XX_initiateCalibration</name>
         <load_address>0x3360</load_address>
         <run_address>0x3360</run_address>
         <size>0x6c</size>
         <input_file_ref idref="fl-21"/>
      </object_component>
      <object_component id="oc-91e">
         <name>.text:RF_initRadioSetup</name>
         <load_address>0x33cc</load_address>
         <run_address>0x33cc</run_address>
         <size>0x6c</size>
         <input_file_ref idref="fl-15"/>
      </object_component>
      <object_component id="oc-1b0">
         <name>.text:NOROM_SetupGetTrimForAmpcompCtrl</name>
         <load_address>0x3438</load_address>
         <run_address>0x3438</run_address>
         <size>0x68</size>
         <input_file_ref idref="fl-42"/>
      </object_component>
      <object_component id="oc-18c">
         <name>.text:NOROM_SetupGetTrimForAnabypassValue1</name>
         <load_address>0x34a0</load_address>
         <run_address>0x34a0</run_address>
         <size>0x68</size>
         <input_file_ref idref="fl-42"/>
      </object_component>
      <object_component id="oc-ae6">
         <name>.text:NOROM_SysCtrlAdjustRechargeAfterPowerDown</name>
         <load_address>0x3508</load_address>
         <run_address>0x3508</run_address>
         <size>0x68</size>
         <input_file_ref idref="fl-43"/>
      </object_component>
      <object_component id="oc-9e6">
         <name>.text:NOROM_SysCtrl_DCDC_VoltageConditionalControl</name>
         <load_address>0x3570</load_address>
         <run_address>0x3570</run_address>
         <size>0x68</size>
         <input_file_ref idref="fl-43"/>
      </object_component>
      <object_component id="oc-7a4">
         <name>.text:SwiP_post</name>
         <load_address>0x35d8</load_address>
         <run_address>0x35d8</run_address>
         <size>0x68</size>
         <input_file_ref idref="fl-2e"/>
      </object_component>
      <object_component id="oc-1b">
         <name>.text:decompress:lzss:__TI_decompress_lzss</name>
         <load_address>0x3640</load_address>
         <run_address>0x3640</run_address>
         <size>0x68</size>
         <input_file_ref idref="fl-108"/>
      </object_component>
      <object_component id="oc-5df">
         <name>.text:lfClockReadyCallback</name>
         <load_address>0x36a8</load_address>
         <run_address>0x36a8</run_address>
         <size>0x68</size>
         <input_file_ref idref="fl-20"/>
      </object_component>
      <object_component id="oc-7ff">
         <name>.text:NOROM_OSCHF_AttemptToSwitchToXosc</name>
         <load_address>0x3710</load_address>
         <run_address>0x3710</run_address>
         <size>0x64</size>
         <input_file_ref idref="fl-3f"/>
      </object_component>
      <object_component id="oc-6f6">
         <name>.text:RF_dispatchNextEvent</name>
         <load_address>0x3774</load_address>
         <run_address>0x3774</run_address>
         <size>0x64</size>
         <input_file_ref idref="fl-15"/>
      </object_component>
      <object_component id="oc-815">
         <name>.text:configureXOSCHF</name>
         <load_address>0x37d8</load_address>
         <run_address>0x37d8</run_address>
         <size>0x64</size>
         <input_file_ref idref="fl-20"/>
      </object_component>
      <object_component id="oc-1ee">
         <name>.text:NOROM_OSCClockSourceSet</name>
         <load_address>0x383c</load_address>
         <run_address>0x383c</run_address>
         <size>0x60</size>
         <input_file_ref idref="fl-3f"/>
      </object_component>
      <object_component id="oc-7ea">
         <name>.text:PowerCC26XX_calibrate</name>
         <load_address>0x389c</load_address>
         <run_address>0x389c</run_address>
         <size>0x60</size>
         <input_file_ref idref="fl-20"/>
      </object_component>
      <object_component id="oc-b18">
         <name>.text:RF_getCurrentTime</name>
         <load_address>0x38fc</load_address>
         <run_address>0x38fc</run_address>
         <size>0x60</size>
         <input_file_ref idref="fl-15"/>
      </object_component>
      <object_component id="oc-a17">
         <name>.text:PowerCC26XX_RCOSC_clockFunc</name>
         <load_address>0x395c</load_address>
         <run_address>0x395c</run_address>
         <size>0x5c</size>
         <input_file_ref idref="fl-21"/>
      </object_component>
      <object_component id="oc-4bb">
         <name>.text:RF_hwiCpe0PowerFsm</name>
         <load_address>0x39b8</load_address>
         <run_address>0x39b8</run_address>
         <size>0x5c</size>
         <input_file_ref idref="fl-15"/>
      </object_component>
      <object_component id="oc-76d">
         <name>.text:RF_syncCb</name>
         <load_address>0x3a14</load_address>
         <run_address>0x3a14</run_address>
         <size>0x5c</size>
         <input_file_ref idref="fl-15"/>
      </object_component>
      <object_component id="oc-a65">
         <name>.text:PIN_remove</name>
         <load_address>0x3a70</load_address>
         <run_address>0x3a70</run_address>
         <size>0x58</size>
         <input_file_ref idref="fl-1f"/>
      </object_component>
      <object_component id="oc-8d5">
         <name>.text:RF_cmdDispatchTime</name>
         <load_address>0x3ac8</load_address>
         <run_address>0x3ac8</run_address>
         <size>0x58</size>
         <input_file_ref idref="fl-15"/>
      </object_component>
      <object_component id="oc-918">
         <name>.text:RF_applyRfCorePatch</name>
         <load_address>0x3b20</load_address>
         <run_address>0x3b20</run_address>
         <size>0x54</size>
         <input_file_ref idref="fl-15"/>
      </object_component>
      <object_component id="oc-c1">
         <name>.text:NOROM_SetupSetCacheModeAccordingToCcfgSetting</name>
         <load_address>0x3b74</load_address>
         <run_address>0x3b74</run_address>
         <size>0x50</size>
         <input_file_ref idref="fl-42"/>
      </object_component>
      <object_component id="oc-968">
         <name>.text:RF_fsmXOSCState</name>
         <load_address>0x3bc4</load_address>
         <run_address>0x3bc4</run_address>
         <size>0x50</size>
         <input_file_ref idref="fl-15"/>
      </object_component>
      <object_component id="oc-4d3">
         <name>.text:RF_wakeupNotification</name>
         <load_address>0x3c14</load_address>
         <run_address>0x3c14</run_address>
         <size>0x50</size>
         <input_file_ref idref="fl-15"/>
      </object_component>
      <object_component id="oc-566">
         <name>.text:SemaphoreP_construct</name>
         <load_address>0x3c64</load_address>
         <run_address>0x3c64</run_address>
         <size>0x50</size>
         <input_file_ref idref="fl-2d"/>
      </object_component>
      <object_component id="oc-83c">
         <name>.text:CC1310_LAUNCHXL_wakeUpExtFlash</name>
         <load_address>0x3cb4</load_address>
         <run_address>0x3cb4</run_address>
         <size>0x4c</size>
         <input_file_ref idref="fl-3"/>
      </object_component>
      <object_component id="oc-48b">
         <name>.text:ClockP_construct</name>
         <load_address>0x3d00</load_address>
         <run_address>0x3d00</run_address>
         <size>0x48</size>
         <input_file_ref idref="fl-30"/>
      </object_component>
      <object_component id="oc-767">
         <name>.text:SwiP_restore</name>
         <load_address>0x3d48</load_address>
         <run_address>0x3d48</run_address>
         <size>0x44</size>
         <input_file_ref idref="fl-2e"/>
      </object_component>
      <object_component id="oc-234">
         <name>.text:__TI_auto_init_nobinit_nopinit:__TI_auto_init_nobinit_nopinit</name>
         <load_address>0x3d8c</load_address>
         <run_address>0x3d8c</run_address>
         <size>0x44</size>
         <input_file_ref idref="fl-10e"/>
      </object_component>
      <object_component id="oc-629">
         <name>.text:CC1310_LAUNCHXL_shutDownExtFlash</name>
         <load_address>0x3dd0</load_address>
         <run_address>0x3dd0</run_address>
         <size>0x40</size>
         <input_file_ref idref="fl-3"/>
      </object_component>
      <object_component id="oc-11e">
         <name>.text:NOROM_ChipInfo_GetHwRevision</name>
         <load_address>0x3e10</load_address>
         <run_address>0x3e10</run_address>
         <size>0x40</size>
         <input_file_ref idref="fl-3a"/>
      </object_component>
      <object_component id="oc-616">
         <name>.text:PIN_swi</name>
         <load_address>0x3e50</load_address>
         <run_address>0x3e50</run_address>
         <size>0x40</size>
         <input_file_ref idref="fl-1f"/>
      </object_component>
      <object_component id="oc-af9">
         <name>.text:NOROM_OSC_HPOSCRelativeFrequencyOffsetGet</name>
         <load_address>0x3e90</load_address>
         <run_address>0x3e90</run_address>
         <size>0x3c</size>
         <input_file_ref idref="fl-3f"/>
      </object_component>
      <object_component id="oc-906">
         <name>.text:NOROM_RFCSynthPowerDown</name>
         <load_address>0x3ecc</load_address>
         <run_address>0x3ecc</run_address>
         <size>0x3c</size>
         <input_file_ref idref="fl-40"/>
      </object_component>
      <object_component id="oc-95c">
         <name>.text:PowerCC26XX_isStableXOSC_HF</name>
         <load_address>0x3f08</load_address>
         <run_address>0x3f08</run_address>
         <size>0x3c</size>
         <input_file_ref idref="fl-20"/>
      </object_component>
      <object_component id="oc-761">
         <name>.text:RF_cmdGet</name>
         <load_address>0x3f44</load_address>
         <run_address>0x3f44</run_address>
         <size>0x3c</size>
         <input_file_ref idref="fl-15"/>
      </object_component>
      <object_component id="oc-6ef">
         <name>.text:RF_cmdStoreEvents</name>
         <load_address>0x3f80</load_address>
         <run_address>0x3f80</run_address>
         <size>0x3c</size>
         <input_file_ref idref="fl-15"/>
      </object_component>
      <object_component id="oc-912">
         <name>.text:SemaphoreP_post</name>
         <load_address>0x3fbc</load_address>
         <run_address>0x3fbc</run_address>
         <size>0x3c</size>
         <input_file_ref idref="fl-2d"/>
      </object_component>
      <object_component id="oc-5be">
         <name>.text:disableLfClkQualifiersEnableClkLoss</name>
         <load_address>0x3ff8</load_address>
         <run_address>0x3ff8</run_address>
         <size>0x3c</size>
         <input_file_ref idref="fl-20"/>
      </object_component>
      <object_component id="oc-a5d">
         <name>.text:PIN_setConfig</name>
         <load_address>0x4034</load_address>
         <run_address>0x4034</run_address>
         <size>0x38</size>
         <input_file_ref idref="fl-1f"/>
      </object_component>
      <object_component id="oc-a52">
         <name>.text:PIN_setOutputValue</name>
         <load_address>0x406c</load_address>
         <run_address>0x406c</run_address>
         <size>0x38</size>
         <input_file_ref idref="fl-1f"/>
      </object_component>
      <object_component id="oc-6ca">
         <name>.text:RF_checkCmdFsError</name>
         <load_address>0x40a4</load_address>
         <run_address>0x40a4</run_address>
         <size>0x38</size>
         <input_file_ref idref="fl-15"/>
      </object_component>
      <object_component id="oc-6fd">
         <name>.text:RF_powerConstraintRelease</name>
         <load_address>0x40dc</load_address>
         <run_address>0x40dc</run_address>
         <size>0x38</size>
         <input_file_ref idref="fl-15"/>
      </object_component>
      <object_component id="oc-9bf">
         <name>.text:TimerP_setNextTick</name>
         <load_address>0x4114</load_address>
         <run_address>0x4114</run_address>
         <size>0x36</size>
         <input_file_ref idref="fl-31"/>
      </object_component>
      <object_component id="oc-7c1">
         <name>.text:clkFxn</name>
         <load_address>0x414a</load_address>
         <run_address>0x414a</run_address>
         <size>0x2</size>
         <input_file_ref idref="fl-2d"/>
      </object_component>
      <object_component id="oc-9ec">
         <name>.text:ClockP_getTicksUntilInterrupt</name>
         <load_address>0x414c</load_address>
         <run_address>0x414c</run_address>
         <size>0x34</size>
         <input_file_ref idref="fl-30"/>
      </object_component>
      <object_component id="oc-675">
         <name>.text:NOROM_IntRegister</name>
         <load_address>0x4180</load_address>
         <run_address>0x4180</run_address>
         <size>0x34</size>
         <input_file_ref idref="fl-3e"/>
      </object_component>
      <object_component id="oc-a3e">
         <name>.text:NOROM_OSCHF_SwitchToRcOscTurnOffXosc</name>
         <load_address>0x41b4</load_address>
         <run_address>0x41b4</run_address>
         <size>0x34</size>
         <input_file_ref idref="fl-3f"/>
      </object_component>
      <object_component id="oc-806">
         <name>.text:Power_releaseConstraint</name>
         <load_address>0x41e8</load_address>
         <run_address>0x41e8</run_address>
         <size>0x34</size>
         <input_file_ref idref="fl-20"/>
      </object_component>
      <object_component id="oc-77c">
         <name>.text:TimerP_initDevice</name>
         <load_address>0x421c</load_address>
         <run_address>0x421c</run_address>
         <size>0x34</size>
         <input_file_ref idref="fl-31"/>
      </object_component>
      <object_component id="oc-7f3">
         <name>.text:notify</name>
         <load_address>0x4250</load_address>
         <run_address>0x4250</run_address>
         <size>0x34</size>
         <input_file_ref idref="fl-20"/>
      </object_component>
      <object_component id="oc-20f">
         <name>.text:HardLink_init</name>
         <load_address>0x4284</load_address>
         <run_address>0x4284</run_address>
         <size>0x30</size>
         <input_file_ref idref="fl-4"/>
      </object_component>
      <object_component id="oc-5ec">
         <name>.text:NOROM_ChipInfo_GetChipType</name>
         <load_address>0x42b4</load_address>
         <run_address>0x42b4</run_address>
         <size>0x30</size>
         <input_file_ref idref="fl-3a"/>
      </object_component>
      <object_component id="oc-1f4">
         <name>.text:NOROM_SetupSetAonRtcSubSecInc</name>
         <load_address>0x42e4</load_address>
         <run_address>0x42e4</run_address>
         <size>0x30</size>
         <input_file_ref idref="fl-42"/>
      </object_component>
      <object_component id="oc-5b8">
         <name>.text:Power_setConstraint</name>
         <load_address>0x4314</load_address>
         <run_address>0x4314</run_address>
         <size>0x30</size>
         <input_file_ref idref="fl-20"/>
      </object_component>
      <object_component id="oc-791">
         <name>.text:TimerP_getCurrentTick</name>
         <load_address>0x4344</load_address>
         <run_address>0x4344</run_address>
         <size>0x30</size>
         <input_file_ref idref="fl-31"/>
      </object_component>
      <object_component id="oc-ac2">
         <name>.text:TimerP_setThreshold</name>
         <load_address>0x4374</load_address>
         <run_address>0x4374</run_address>
         <size>0x30</size>
         <input_file_ref idref="fl-31"/>
      </object_component>
      <object_component id="oc-140">
         <name>.text:main</name>
         <load_address>0x43a4</load_address>
         <run_address>0x43a4</run_address>
         <size>0x30</size>
         <input_file_ref idref="fl-6"/>
      </object_component>
      <object_component id="oc-67b">
         <name>.text:HwiP_dispatch</name>
         <load_address>0x43d4</load_address>
         <run_address>0x43d4</run_address>
         <size>0x2c</size>
         <input_file_ref idref="fl-32"/>
      </object_component>
      <object_component id="oc-192">
         <name>.text:NOROM_DDI32RegWrite</name>
         <load_address>0x4400</load_address>
         <run_address>0x4400</run_address>
         <size>0x2c</size>
         <input_file_ref idref="fl-45"/>
      </object_component>
      <object_component id="oc-1e8">
         <name>.text:NOROM_OSCClockSourceGet</name>
         <load_address>0x442c</load_address>
         <run_address>0x442c</run_address>
         <size>0x2c</size>
         <input_file_ref idref="fl-3f"/>
      </object_component>
      <object_component id="oc-aa2">
         <name>.text:NOROM_RFCCpePatchReset</name>
         <load_address>0x4458</load_address>
         <run_address>0x4458</run_address>
         <size>0x2c</size>
         <input_file_ref idref="fl-40"/>
      </object_component>
      <object_component id="oc-1da">
         <name>.text:NOROM_SetupGetTrimForRadcExtCfg</name>
         <load_address>0x4484</load_address>
         <run_address>0x4484</run_address>
         <size>0x2c</size>
         <input_file_ref idref="fl-42"/>
      </object_component>
      <object_component id="oc-a85">
         <name>.text:RF_calculateDeltaTimeUs</name>
         <load_address>0x44b0</load_address>
         <run_address>0x44b0</run_address>
         <size>0x2c</size>
         <input_file_ref idref="fl-15"/>
      </object_component>
      <object_component id="oc-8ce">
         <name>.text:RF_executeDirectImmediateCmd</name>
         <load_address>0x44dc</load_address>
         <run_address>0x44dc</run_address>
         <size>0x2c</size>
         <input_file_ref idref="fl-15"/>
      </object_component>
      <object_component id="oc-221">
         <name>.text:ClockP_sleep</name>
         <load_address>0x4508</load_address>
         <run_address>0x4508</run_address>
         <size>0x28</size>
         <input_file_ref idref="fl-30"/>
      </object_component>
      <object_component id="oc-af3">
         <name>.text:NOROM_AONBatMonTemperatureGetDegC</name>
         <load_address>0x4530</load_address>
         <run_address>0x4530</run_address>
         <size>0x28</size>
         <input_file_ref idref="fl-37"/>
      </object_component>
      <object_component id="oc-8e1">
         <name>.text:NOROM_RFCDoorbellSendTo</name>
         <load_address>0x4558</load_address>
         <run_address>0x4558</run_address>
         <size>0x28</size>
         <input_file_ref idref="fl-40"/>
      </object_component>
      <object_component id="oc-859">
         <name>.text:NOROM_RFCOverrideSearch</name>
         <load_address>0x4580</load_address>
         <run_address>0x4580</run_address>
         <size>0x28</size>
         <input_file_ref idref="fl-40"/>
      </object_component>
      <object_component id="oc-491">
         <name>.text:Power_registerNotify</name>
         <load_address>0x45a8</load_address>
         <run_address>0x45a8</run_address>
         <size>0x28</size>
         <input_file_ref idref="fl-20"/>
      </object_component>
      <object_component id="oc-3d1">
         <name>.text:RF_runCmd</name>
         <load_address>0x45d0</load_address>
         <run_address>0x45d0</run_address>
         <size>0x28</size>
         <input_file_ref idref="fl-15"/>
      </object_component>
      <object_component id="oc-a26">
         <name>.text:SafeHapiVoid</name>
         <load_address>0x45f8</load_address>
         <run_address>0x45f8</run_address>
         <size>0x28</size>
         <input_file_ref idref="fl-36"/>
      </object_component>
      <object_component id="oc-7dd">
         <name>.text:ClockP_getTicks</name>
         <load_address>0x4620</load_address>
         <run_address>0x4620</run_address>
         <size>0x24</size>
         <input_file_ref idref="fl-30"/>
      </object_component>
      <object_component id="oc-79d">
         <name>.text:ClockP_scheduleNextTick</name>
         <load_address>0x4644</load_address>
         <run_address>0x4644</run_address>
         <size>0x24</size>
         <input_file_ref idref="fl-30"/>
      </object_component>
      <object_component id="oc-754">
         <name>.text:RF_cmdAlloc</name>
         <load_address>0x4668</load_address>
         <run_address>0x4668</run_address>
         <size>0x24</size>
         <input_file_ref idref="fl-15"/>
      </object_component>
      <object_component id="oc-8e7">
         <name>.text:RF_invokeGlobalCallback</name>
         <load_address>0x468c</load_address>
         <run_address>0x468c</run_address>
         <size>0x24</size>
         <input_file_ref idref="fl-15"/>
      </object_component>
      <object_component id="oc-8ee">
         <name>.text:RF_isStateTransitionAllowed</name>
         <load_address>0x46b0</load_address>
         <run_address>0x46b0</run_address>
         <size>0x24</size>
         <input_file_ref idref="fl-15"/>
      </object_component>
      <object_component id="oc-543">
         <name>.text:TimerP_getMaxTicks</name>
         <load_address>0x46d4</load_address>
         <run_address>0x46d4</run_address>
         <size>0x24</size>
         <input_file_ref idref="fl-31"/>
      </object_component>
      <object_component id="oc-e0">
         <name>.text:_c_int00:_c_int00</name>
         <load_address>0x46f8</load_address>
         <run_address>0x46f8</run_address>
         <size>0x24</size>
         <input_file_ref idref="fl-10c"/>
      </object_component>
      <object_component id="oc-3f4">
         <name>.text:sleepTicks</name>
         <load_address>0x471c</load_address>
         <run_address>0x471c</run_address>
         <size>0x24</size>
         <input_file_ref idref="fl-30"/>
      </object_component>
      <object_component id="oc-8db">
         <name>.text:List_get</name>
         <load_address>0x4740</load_address>
         <run_address>0x4740</run_address>
         <size>0x22</size>
         <input_file_ref idref="fl-18"/>
      </object_component>
      <object_component id="oc-689">
         <name>.text:List_put</name>
         <load_address>0x4762</load_address>
         <run_address>0x4762</run_address>
         <size>0x22</size>
         <input_file_ref idref="fl-18"/>
      </object_component>
      <object_component id="oc-7af">
         <name>.text:ClockP_add</name>
         <load_address>0x4784</load_address>
         <run_address>0x4784</run_address>
         <size>0x20</size>
         <input_file_ref idref="fl-30"/>
      </object_component>
      <object_component id="oc-900">
         <name>.text:NOROM_RFCAdi3VcoLdoVoltageMode</name>
         <load_address>0x47a4</load_address>
         <run_address>0x47a4</run_address>
         <size>0x20</size>
         <input_file_ref idref="fl-40"/>
      </object_component>
      <object_component id="oc-1c2">
         <name>.text:NOROM_SetupGetTrimForXoscHfCtl</name>
         <load_address>0x47c4</load_address>
         <run_address>0x47c4</run_address>
         <size>0x20</size>
         <input_file_ref idref="fl-42"/>
      </object_component>
      <object_component id="oc-604">
         <name>.text:PINCC26XX_setIoCfgMux</name>
         <load_address>0x47e4</load_address>
         <run_address>0x47e4</run_address>
         <size>0x20</size>
         <input_file_ref idref="fl-1f"/>
      </object_component>
      <object_component id="oc-4c7">
         <name>.text:RF_clkPowerUp</name>
         <load_address>0x4804</load_address>
         <run_address>0x4804</run_address>
         <size>0x20</size>
         <input_file_ref idref="fl-15"/>
      </object_component>
      <object_component id="oc-939">
         <name>.text:RF_hwiCpe0ChangePhy</name>
         <load_address>0x4824</load_address>
         <run_address>0x4824</run_address>
         <size>0x20</size>
         <input_file_ref idref="fl-15"/>
      </object_component>
      <object_component id="oc-8bd">
         <name>.text:RF_ratIsRunning</name>
         <load_address>0x4844</load_address>
         <run_address>0x4844</run_address>
         <size>0x20</size>
         <input_file_ref idref="fl-15"/>
      </object_component>
      <object_component id="oc-84e">
         <name>.text:PIN_close</name>
         <load_address>0x4864</load_address>
         <run_address>0x4864</run_address>
         <size>0x1e</size>
         <input_file_ref idref="fl-1f"/>
      </object_component>
      <object_component id="oc-9f2">
         <name>.text:Power_getTransitionLatency</name>
         <load_address>0x4882</load_address>
         <run_address>0x4882</run_address>
         <size>0x1e</size>
         <input_file_ref idref="fl-20"/>
      </object_component>
      <object_component id="oc-4a3">
         <name>.text:SemaphoreP_constructBinary</name>
         <load_address>0x48a0</load_address>
         <run_address>0x48a0</run_address>
         <size>0x1e</size>
         <input_file_ref idref="fl-2d"/>
      </object_component>
      <object_component id="oc-5d3">
         <name>.text:emptyClockFunc</name>
         <load_address>0x48be</load_address>
         <run_address>0x48be</run_address>
         <size>0x2</size>
         <input_file_ref idref="fl-20"/>
      </object_component>
      <object_component id="oc-3a8">
         <name>.text:CC1310_LAUNCHXL_initGeneral</name>
         <load_address>0x48c0</load_address>
         <run_address>0x48c0</run_address>
         <size>0x1c</size>
         <input_file_ref idref="fl-2"/>
      </object_component>
      <object_component id="oc-118">
         <name>.text:NOROM_ChipInfo_GetChipFamily</name>
         <load_address>0x48dc</load_address>
         <run_address>0x48dc</run_address>
         <size>0x1c</size>
         <input_file_ref idref="fl-3a"/>
      </object_component>
      <object_component id="oc-1a4">
         <name>.text:NOROM_SetupGetTrimForAmpcompTh2</name>
         <load_address>0x48f8</load_address>
         <run_address>0x48f8</run_address>
         <size>0x1c</size>
         <input_file_ref idref="fl-42"/>
      </object_component>
      <object_component id="oc-198">
         <name>.text:NOROM_SetupGetTrimForRcOscLfRtuneCtuneTrim</name>
         <load_address>0x4914</load_address>
         <run_address>0x4914</run_address>
         <size>0x1c</size>
         <input_file_ref idref="fl-42"/>
      </object_component>
      <object_component id="oc-610">
         <name>.text:PIN_hwi</name>
         <load_address>0x4930</load_address>
         <run_address>0x4930</run_address>
         <size>0x1c</size>
         <input_file_ref idref="fl-1f"/>
      </object_component>
      <object_component id="oc-682">
         <name>.text:QueueP_put</name>
         <load_address>0x494c</load_address>
         <run_address>0x494c</run_address>
         <size>0x1c</size>
         <input_file_ref idref="fl-35"/>
      </object_component>
      <object_component id="oc-4cd">
         <name>.text:RF_clkInactivityCallback</name>
         <load_address>0x4968</load_address>
         <run_address>0x4968</run_address>
         <size>0x1c</size>
         <input_file_ref idref="fl-15"/>
      </object_component>
      <object_component id="oc-8c8">
         <name>.text:RF_powerConstraintSet</name>
         <load_address>0x4984</load_address>
         <run_address>0x4984</run_address>
         <size>0x1c</size>
         <input_file_ref idref="fl-15"/>
      </object_component>
      <object_component id="oc-75b">
         <name>.text:SwiP_disable</name>
         <load_address>0x49a0</load_address>
         <run_address>0x49a0</run_address>
         <size>0x1c</size>
         <input_file_ref idref="fl-2e"/>
      </object_component>
      <object_component id="oc-6b7">
         <name>.text:SwiP_or</name>
         <load_address>0x49bc</load_address>
         <run_address>0x49bc</run_address>
         <size>0x1c</size>
         <input_file_ref idref="fl-2e"/>
      </object_component>
      <object_component id="oc-788">
         <name>.text:TimerP_dynamicStub</name>
         <load_address>0x49d8</load_address>
         <run_address>0x49d8</run_address>
         <size>0x1c</size>
         <input_file_ref idref="fl-31"/>
      </object_component>
      <object_component id="oc-976">
         <name>.text:enterGenfskCpePatch</name>
         <load_address>0x49f4</load_address>
         <run_address>0x49f4</run_address>
         <size>0x1c</size>
         <input_file_ref idref="fl-8"/>
      </object_component>
      <object_component id="oc-a71">
         <name>.text:QueueP_get</name>
         <load_address>0x4a10</load_address>
         <run_address>0x4a10</run_address>
         <size>0x1a</size>
         <input_file_ref idref="fl-35"/>
      </object_component>
      <object_component id="oc-7bb">
         <name>.text:ClockP_destruct</name>
         <load_address>0x4a2a</load_address>
         <run_address>0x4a2a</run_address>
         <size>0x18</size>
         <input_file_ref idref="fl-30"/>
      </object_component>
      <object_component id="oc-70a">
         <name>.text:ClockP_getTimeout</name>
         <load_address>0x4a42</load_address>
         <run_address>0x4a42</run_address>
         <size>0x18</size>
         <input_file_ref idref="fl-30"/>
      </object_component>
      <object_component id="oc-970">
         <name>.text:enterGenfskSysPatch</name>
         <load_address>0x4a5a</load_address>
         <run_address>0x4a5a</run_address>
         <size>0x2</size>
         <input_file_ref idref="fl-8"/>
      </object_component>
      <object_component id="oc-a95">
         <name>.text:HwiP_inISR</name>
         <load_address>0x4a5c</load_address>
         <run_address>0x4a5c</run_address>
         <size>0x18</size>
         <input_file_ref idref="fl-32"/>
      </object_component>
      <object_component id="oc-a2c">
         <name>.text:NOROM_AONRTCCurrentCompareValueGet</name>
         <load_address>0x4a74</load_address>
         <run_address>0x4a74</run_address>
         <size>0x18</size>
         <input_file_ref idref="fl-38"/>
      </object_component>
      <object_component id="oc-5f2">
         <name>.text:NOROM_ChipInfo_GetPackageType</name>
         <load_address>0x4a8c</load_address>
         <run_address>0x4a8c</run_address>
         <size>0x18</size>
         <input_file_ref idref="fl-3a"/>
      </object_component>
      <object_component id="oc-a38">
         <name>.text:NOROM_OSCHF_TurnOnXosc</name>
         <load_address>0x4aa4</load_address>
         <run_address>0x4aa4</run_address>
         <size>0x18</size>
         <input_file_ref idref="fl-3f"/>
      </object_component>
      <object_component id="oc-6be">
         <name>.text:NOROM_RFCCpeIntGetAndClear</name>
         <load_address>0x4abc</load_address>
         <run_address>0x4abc</run_address>
         <size>0x18</size>
         <input_file_ref idref="fl-40"/>
      </object_component>
      <object_component id="oc-1b6">
         <name>.text:NOROM_SetupGetTrimForAdcShModeEn</name>
         <load_address>0x4ad4</load_address>
         <run_address>0x4ad4</run_address>
         <size>0x18</size>
         <input_file_ref idref="fl-42"/>
      </object_component>
      <object_component id="oc-1bc">
         <name>.text:NOROM_SetupGetTrimForAdcShVbufEn</name>
         <load_address>0x4aec</load_address>
         <run_address>0x4aec</run_address>
         <size>0x18</size>
         <input_file_ref idref="fl-42"/>
      </object_component>
      <object_component id="oc-1aa">
         <name>.text:NOROM_SetupGetTrimForAmpcompTh1</name>
         <load_address>0x4b04</load_address>
         <run_address>0x4b04</run_address>
         <size>0x18</size>
         <input_file_ref idref="fl-42"/>
      </object_component>
      <object_component id="oc-1c8">
         <name>.text:NOROM_SetupGetTrimForDblrLoopFilterResetVoltage</name>
         <load_address>0x4b1c</load_address>
         <run_address>0x4b1c</run_address>
         <size>0x18</size>
         <input_file_ref idref="fl-42"/>
      </object_component>
      <object_component id="oc-1ce">
         <name>.text:NOROM_SetupGetTrimForRcOscLfIBiasTrim</name>
         <load_address>0x4b34</load_address>
         <run_address>0x4b34</run_address>
         <size>0x18</size>
         <input_file_ref idref="fl-42"/>
      </object_component>
      <object_component id="oc-1d4">
         <name>.text:NOROM_SetupGetTrimForXoscLfRegulatorAndCmirrwrRatio</name>
         <load_address>0x4b4c</load_address>
         <run_address>0x4b4c</run_address>
         <size>0x18</size>
         <input_file_ref idref="fl-42"/>
      </object_component>
      <object_component id="oc-9c7">
         <name>.text:Power_idleFunc</name>
         <load_address>0x4b64</load_address>
         <run_address>0x4b64</run_address>
         <size>0x18</size>
         <input_file_ref idref="fl-20"/>
      </object_component>
      <object_component id="oc-4af">
         <name>.text:RF_swiFsm</name>
         <load_address>0x4b7c</load_address>
         <run_address>0x4b7c</run_address>
         <size>0x18</size>
         <input_file_ref idref="fl-15"/>
      </object_component>
      <object_component id="oc-14a">
         <name>.text:_args_main</name>
         <load_address>0x4b94</load_address>
         <run_address>0x4b94</run_address>
         <size>0x18</size>
         <input_file_ref idref="fl-113"/>
      </object_component>
      <object_component id="oc-9ac">
         <name>.text</name>
         <load_address>0x4bac</load_address>
         <run_address>0x4bac</run_address>
         <size>0x18</size>
         <input_file_ref idref="fl-101"/>
      </object_component>
      <object_component id="oc-6c4">
         <name>.text:HwiP_setFunc</name>
         <load_address>0x4bc4</load_address>
         <run_address>0x4bc4</run_address>
         <size>0x16</size>
         <input_file_ref idref="fl-32"/>
      </object_component>
      <object_component id="oc-bb">
         <name>.text:NOROM_ThisLibraryIsFor_CC13x0_HwRev20AndLater_HaltIfViolated</name>
         <load_address>0x4bda</load_address>
         <run_address>0x4bda</run_address>
         <size>0x16</size>
         <input_file_ref idref="fl-3a"/>
      </object_component>
      <object_component id="oc-943">
         <name>.text:RF_restartClockTimeout</name>
         <load_address>0x4bf0</load_address>
         <run_address>0x4bf0</run_address>
         <size>0x16</size>
         <input_file_ref idref="fl-15"/>
      </object_component>
      <object_component id="oc-49d">
         <name>.text:List_clearList</name>
         <load_address>0x4c06</load_address>
         <run_address>0x4c06</run_address>
         <size>0x14</size>
         <input_file_ref idref="fl-18"/>
      </object_component>
      <object_component id="oc-3d">
         <name>.text:faultISR</name>
         <load_address>0x4c1a</load_address>
         <run_address>0x4c1a</run_address>
         <size>0x2</size>
         <input_file_ref idref="fl-34"/>
      </object_component>
      <object_component id="oc-719">
         <name>.text:NOROM_AONRTCCurrent64BitValueGet</name>
         <load_address>0x4c1c</load_address>
         <run_address>0x4c1c</run_address>
         <size>0x14</size>
         <input_file_ref idref="fl-38"/>
      </object_component>
      <object_component id="oc-a9b">
         <name>.text:Power_disablePolicy</name>
         <load_address>0x4c30</load_address>
         <run_address>0x4c30</run_address>
         <size>0x14</size>
         <input_file_ref idref="fl-20"/>
      </object_component>
      <object_component id="oc-3b0">
         <name>.text:RF_Params_init</name>
         <load_address>0x4c44</load_address>
         <run_address>0x4c44</run_address>
         <size>0x14</size>
         <input_file_ref idref="fl-15"/>
      </object_component>
      <object_component id="oc-930">
         <name>.text:RF_dbellSyncOnAck</name>
         <load_address>0x4c58</load_address>
         <run_address>0x4c58</run_address>
         <size>0x14</size>
         <input_file_ref idref="fl-15"/>
      </object_component>
      <object_component id="oc-6ab">
         <name>.text:RF_ratGetChannel</name>
         <load_address>0x4c6c</load_address>
         <run_address>0x4c6c</run_address>
         <size>0x14</size>
         <input_file_ref idref="fl-15"/>
      </object_component>
      <object_component id="oc-66d">
         <name>.text:SwiP_handleHwi</name>
         <load_address>0x4c80</load_address>
         <run_address>0x4c80</run_address>
         <size>0x14</size>
         <input_file_ref idref="fl-2e"/>
      </object_component>
      <object_component id="oc-782">
         <name>.text:TimerP_startup</name>
         <load_address>0x4c94</load_address>
         <run_address>0x4c94</run_address>
         <size>0x14</size>
         <input_file_ref idref="fl-31"/>
      </object_component>
      <object_component id="oc-80f">
         <name>.text:configureRFCoreClocks</name>
         <load_address>0x4ca8</load_address>
         <run_address>0x4ca8</run_address>
         <size>0x14</size>
         <input_file_ref idref="fl-20"/>
      </object_component>
      <object_component id="oc-28">
         <name>.text:resetISR</name>
         <load_address>0x4cbc</load_address>
         <run_address>0x4cbc</run_address>
         <size>0x14</size>
         <input_file_ref idref="fl-34"/>
      </object_component>
      <object_component id="oc-47f">
         <name>.text:HwiP_Params_init</name>
         <load_address>0x4cd0</load_address>
         <run_address>0x4cd0</run_address>
         <size>0x12</size>
         <input_file_ref idref="fl-32"/>
      </object_component>
      <object_component id="oc-43">
         <name>.text:intDefaultHandler</name>
         <load_address>0x4ce2</load_address>
         <run_address>0x4ce2</run_address>
         <size>0x2</size>
         <input_file_ref idref="fl-34"/>
      </object_component>
      <object_component id="oc-5b2">
         <name>.text:ClockP_Params_init</name>
         <load_address>0x4ce4</load_address>
         <run_address>0x4ce4</run_address>
         <size>0x10</size>
         <input_file_ref idref="fl-30"/>
      </object_component>
      <object_component id="oc-467">
         <name>.text:HwiP_disable</name>
         <load_address>0x4cf4</load_address>
         <run_address>0x4cf4</run_address>
         <size>0x10</size>
         <input_file_ref idref="fl-32"/>
      </object_component>
      <object_component id="oc-725">
         <name>.text:HwiP_enableInterrupt</name>
         <load_address>0x4d04</load_address>
         <run_address>0x4d04</run_address>
         <size>0x10</size>
         <input_file_ref idref="fl-32"/>
      </object_component>
      <object_component id="oc-949">
         <name>.text:HwiP_post</name>
         <load_address>0x4d14</load_address>
         <run_address>0x4d14</run_address>
         <size>0x10</size>
         <input_file_ref idref="fl-32"/>
      </object_component>
      <object_component id="oc-6e9">
         <name>.text:NOROM_RFCHwIntGetAndClear</name>
         <load_address>0x4d24</load_address>
         <run_address>0x4d24</run_address>
         <size>0x10</size>
         <input_file_ref idref="fl-40"/>
      </object_component>
      <object_component id="oc-92a">
         <name>.text:NOROM_RFCRfTrimSet</name>
         <load_address>0x4d34</load_address>
         <run_address>0x4d34</run_address>
         <size>0x10</size>
         <input_file_ref idref="fl-40"/>
      </object_component>
      <object_component id="oc-1e2">
         <name>.text:NOROM_SetupGetTrimForXoscHfFastStart</name>
         <load_address>0x4d44</load_address>
         <run_address>0x4d44</run_address>
         <size>0x10</size>
         <input_file_ref idref="fl-42"/>
      </object_component>
      <object_component id="oc-19e">
         <name>.text:NOROM_SetupGetTrimForXoscHfIbiastherm</name>
         <load_address>0x4d54</load_address>
         <run_address>0x4d54</run_address>
         <size>0x10</size>
         <input_file_ref idref="fl-42"/>
      </object_component>
      <object_component id="oc-5f8">
         <name>.text:PINCC26XX_getPinCount</name>
         <load_address>0x4d64</load_address>
         <run_address>0x4d64</run_address>
         <size>0x10</size>
         <input_file_ref idref="fl-1f"/>
      </object_component>
      <object_component id="oc-ace">
         <name>.text:PowerCC26XX_schedulerDisable</name>
         <load_address>0x4d74</load_address>
         <run_address>0x4d74</run_address>
         <size>0x10</size>
         <input_file_ref idref="fl-33"/>
      </object_component>
      <object_component id="oc-7b5">
         <name>.text:Power_enablePolicy</name>
         <load_address>0x4d84</load_address>
         <run_address>0x4d84</run_address>
         <size>0x10</size>
         <input_file_ref idref="fl-20"/>
      </object_component>
      <object_component id="oc-71f">
         <name>.text:RF_dbellSubmitCmdAsync</name>
         <load_address>0x4d94</load_address>
         <run_address>0x4d94</run_address>
         <size>0x10</size>
         <input_file_ref idref="fl-15"/>
      </object_component>
      <object_component id="oc-989">
         <name>.text:RF_isClientOwner</name>
         <load_address>0x4da4</load_address>
         <run_address>0x4da4</run_address>
         <size>0x10</size>
         <input_file_ref idref="fl-15"/>
      </object_component>
      <object_component id="oc-697">
         <name>.text:SemaphoreP_Params_init</name>
         <load_address>0x4db4</load_address>
         <run_address>0x4db4</run_address>
         <size>0x10</size>
         <input_file_ref idref="fl-2d"/>
      </object_component>
      <object_component id="oc-473">
         <name>.text:SwiP_Params_init</name>
         <load_address>0x4dc4</load_address>
         <run_address>0x4dc4</run_address>
         <size>0x10</size>
         <input_file_ref idref="fl-2e"/>
      </object_component>
      <object_component id="oc-537">
         <name>.text:TimerP_Params_init</name>
         <load_address>0x4dd4</load_address>
         <run_address>0x4dd4</run_address>
         <size>0x10</size>
         <input_file_ref idref="fl-31"/>
      </object_component>
      <object_component id="oc-745">
         <name>.text:applyGenfskPatch</name>
         <load_address>0x4de4</load_address>
         <run_address>0x4de4</run_address>
         <size>0x10</size>
         <input_file_ref idref="fl-8"/>
      </object_component>
      <object_component id="oc-9fe">
         <name>.text:NOROM_VIMSModeGet</name>
         <load_address>0x4df4</load_address>
         <run_address>0x4df4</run_address>
         <size>0xe</size>
         <input_file_ref idref="fl-44"/>
      </object_component>
      <object_component id="oc-a77">
         <name>.text:QueueP_empty</name>
         <load_address>0x4e02</load_address>
         <run_address>0x4e02</run_address>
         <size>0xe</size>
         <input_file_ref idref="fl-35"/>
      </object_component>
      <object_component id="oc-9d1">
         <name>.text:QueueP_remove</name>
         <load_address>0x4e10</load_address>
         <run_address>0x4e10</run_address>
         <size>0xe</size>
         <input_file_ref idref="fl-35"/>
      </object_component>
      <object_component id="oc-21">
         <name>.text:decompress:none:__TI_decompress_none</name>
         <load_address>0x4e1e</load_address>
         <run_address>0x4e1e</run_address>
         <size>0xe</size>
         <input_file_ref idref="fl-107"/>
      </object_component>
      <object_component id="oc-555">
         <name>.text:ClockP_doTick</name>
         <load_address>0x4e2c</load_address>
         <run_address>0x4e2c</run_address>
         <size>0xc</size>
         <input_file_ref idref="fl-30"/>
      </object_component>
      <object_component id="oc-6f">
         <name>.text:NOROM_CPUcpsid</name>
         <load_address>0x4e38</load_address>
         <run_address>0x4e38</run_address>
         <size>0xc</size>
         <input_file_ref idref="fl-3b"/>
      </object_component>
      <object_component id="oc-38c">
         <name>.text:NOROM_CPUcpsie</name>
[...]
         <name>TimerP_setThreshold</name>
         <value>0x4375</value>
         <object_component_ref idref="oc-ac2"/>
      </symbol>
      <symbol id="sm-c6f">
         <name>TimerP_dynamicStub</name>
         <value>0x49d9</value>
         <object_component_ref idref="oc-788"/>
      </symbol>
      <symbol id="sm-c70">
         <name>TimerP_getMaxTicks</name>
         <value>0x46d5</value>
         <object_component_ref idref="oc-543"/>
      </symbol>
      <symbol id="sm-c71">
         <name>TimerP_construct</name>
         <value>0x25d5</value>
         <object_component_ref idref="oc-53d"/>
      </symbol>
      <symbol id="sm-c72">
         <name>TimerP_getFreq</name>
         <value>0x4e99</value>
         <object_component_ref idref="oc-549"/>
      </symbol>
      <symbol id="sm-c73">
         <name>TimerP_initDevice</name>
         <value>0x421d</value>
         <object_component_ref idref="oc-77c"/>
      </symbol>
      <symbol id="sm-c74">
         <name>TimerP_startup</name>
         <value>0x4c95</value>
         <object_component_ref idref="oc-782"/>
      </symbol>
      <symbol id="sm-c75">
         <name>TimerP_start</name>
         <value>0x32f1</value>
         <object_component_ref idref="oc-99e"/>
      </symbol>
      <symbol id="sm-c76">
         <name>TimerP_Params_init</name>
         <value>0x4dd5</value>
         <object_component_ref idref="oc-537"/>
      </symbol>
      <symbol id="sm-cef">
         <name>HwiP_construct</name>
         <value>0x3121</value>
         <object_component_ref idref="oc-485"/>
      </symbol>
      <symbol id="sm-cf0">
         <name>HwiP_inISR</name>
         <value>0x4a5d</value>
         <object_component_ref idref="oc-a95"/>
      </symbol>
      <symbol id="sm-cf1">
         <name>HwiP_swiPIntNum</name>
         <value>0x20000764</value>
         <object_component_ref idref="oc-66a"/>
      </symbol>
      <symbol id="sm-cf2">
         <name>HwiP_Params_init</name>
         <value>0x4cd1</value>
         <object_component_ref idref="oc-47f"/>
      </symbol>
      <symbol id="sm-cf3">
         <name>HwiP_disable</name>
         <value>0x4cf5</value>
         <object_component_ref idref="oc-467"/>
      </symbol>
      <symbol id="sm-cf4">
         <name>HwiP_enableInterrupt</name>
         <value>0x4d05</value>
         <object_component_ref idref="oc-725"/>
      </symbol>
      <symbol id="sm-cf5">
         <name>HwiP_setFunc</name>
         <value>0x4bc5</value>
         <object_component_ref idref="oc-6c4"/>
      </symbol>
      <symbol id="sm-cf6">
         <name>HwiP_post</name>
         <value>0x4d15</value>
         <object_component_ref idref="oc-949"/>
      </symbol>
      <symbol id="sm-cf7">
         <name>HwiP_enable</name>
         <value>0x4ef5</value>
         <object_component_ref idref="oc-209"/>
      </symbol>
      <symbol id="sm-cf8">
         <name>HwiP_restore</name>
         <value>0x4ec1</value>
         <object_component_ref idref="oc-46d"/>
      </symbol>
      <symbol id="sm-d33">
         <name>PowerCC26XX_schedulerDisable</name>
         <value>0x4d75</value>
         <object_component_ref idref="oc-ace"/>
      </symbol>
      <symbol id="sm-d34">
         <name>PowerCC26XX_schedulerRestore</name>
         <value>0x4e5d</value>
         <object_component_ref idref="oc-ad4"/>
      </symbol>
      <symbol id="sm-d35">
         <name>PowerCC26XX_standbyPolicy</name>
         <value>0x18c5</value>
         <object_component_ref idref="oc-7e4"/>
      </symbol>
      <symbol id="sm-d66">
         <name>resetISR</name>
         <value>0x4cbd</value>
         <object_component_ref idref="oc-28"/>
      </symbol>
      <symbol id="sm-d67">
         <name>g_pfnVectors</name>
         <value>0x0</value>
         <object_component_ref idref="oc-18"/>
      </symbol>
      <symbol id="sm-da4">
         <name>QueueP_next</name>
         <value>0x4f05</value>
         <object_component_ref idref="oc-9b8"/>
      </symbol>
      <symbol id="sm-da5">
         <name>QueueP_put</name>
         <value>0x494d</value>
         <object_component_ref idref="oc-682"/>
      </symbol>
      <symbol id="sm-da6">
         <name>QueueP_remove</name>
         <value>0x4e11</value>
         <object_component_ref idref="oc-9d1"/>
      </symbol>
      <symbol id="sm-da7">
         <name>QueueP_head</name>
         <value>0x4f01</value>
         <object_component_ref idref="oc-9b2"/>
      </symbol>
      <symbol id="sm-da8">
         <name>QueueP_init</name>
         <value>0x4edd</value>
         <object_component_ref idref="oc-531"/>
      </symbol>
      <symbol id="sm-da9">
         <name>QueueP_empty</name>
         <value>0x4e03</value>
         <object_component_ref idref="oc-a77"/>
      </symbol>
      <symbol id="sm-daa">
         <name>QueueP_get</name>
         <value>0x4a11</value>
         <object_component_ref idref="oc-a71"/>
      </symbol>
      <symbol id="sm-dcb">
         <name>SafeHapiVoid</name>
         <value>0x45f9</value>
         <object_component_ref idref="oc-a26"/>
      </symbol>
      <symbol id="sm-dd8">
         <name>NOROM_AONBatMonTemperatureGetDegC</name>
         <value>0x4531</value>
         <object_component_ref idref="oc-af3"/>
      </symbol>
      <symbol id="sm-df7">
         <name>NOROM_AONRTCCurrentCompareValueGet</name>
         <value>0x4a75</value>
         <object_component_ref idref="oc-a2c"/>
      </symbol>
      <symbol id="sm-df8">
         <name>NOROM_AONRTCCurrent64BitValueGet</name>
         <value>0x4c1d</value>
         <object_component_ref idref="oc-719"/>
      </symbol>
      <symbol id="sm-e32">
         <name>NOROM_ChipInfo_GetChipType</name>
         <value>0x42b5</value>
         <object_component_ref idref="oc-5ec"/>
      </symbol>
      <symbol id="sm-e33">
         <name>NOROM_ChipInfo_GetHwRevision</name>
         <value>0x3e11</value>
         <object_component_ref idref="oc-11e"/>
      </symbol>
      <symbol id="sm-e34">
         <name>NOROM_ThisLibraryIsFor_CC13x0_HwRev20AndLater_HaltIfViolated</name>
         <value>0x4bdb</value>
         <object_component_ref idref="oc-bb"/>
      </symbol>
      <symbol id="sm-e35">
         <name>NOROM_ChipInfo_GetChipFamily</name>
         <value>0x48dd</value>
         <object_component_ref idref="oc-118"/>
      </symbol>
      <symbol id="sm-e36">
         <name>NOROM_ChipInfo_GetPackageType</name>
         <value>0x4a8d</value>
         <object_component_ref idref="oc-5f2"/>
      </symbol>
      <symbol id="sm-e4a">
         <name>NOROM_CPUdelay</name>
         <value>0x4ed7</value>
         <object_component_ref idref="oc-a58"/>
      </symbol>
      <symbol id="sm-e4b">
         <name>NOROM_CPUcpsie</name>
         <value>0x4e45</value>
         <object_component_ref idref="oc-38c"/>
      </symbol>
      <symbol id="sm-e4c">
         <name>NOROM_CPUcpsid</name>
         <value>0x4e39</value>
         <object_component_ref idref="oc-6f"/>
      </symbol>
      <symbol id="sm-e52">
         <name>driverlib_release_0_56883</name>
         <value>0x20000526</value>
      </symbol>
      <symbol id="sm-e6b">
         <name>NOROM_IntRegister</name>
         <value>0x4181</value>
         <object_component_ref idref="oc-675"/>
      </symbol>
      <symbol id="sm-e6c">
         <name>g_pfnRAMVectors</name>
         <value>0x20000c00</value>
         <object_component_ref idref="oc-89f"/>
      </symbol>
      <symbol id="sm-ecc">
         <name>NOROM_OSCHF_TurnOnXosc</name>
         <value>0x4aa5</value>
         <object_component_ref idref="oc-a38"/>
      </symbol>
      <symbol id="sm-ecd">
         <name>NOROM_OSC_HPOSCRelativeFrequencyOffsetToRFCoreFormatConvert</name>
         <value>0x4e51</value>
         <object_component_ref idref="oc-aff"/>
      </symbol>
      <symbol id="sm-ece">
         <name>NOROM_OSCHF_AttemptToSwitchToXosc</name>
         <value>0x3711</value>
         <object_component_ref idref="oc-7ff"/>
      </symbol>
      <symbol id="sm-ecf">
         <name>NOROM_OSCClockSourceSet</name>
         <value>0x383d</value>
         <object_component_ref idref="oc-1ee"/>
      </symbol>
      <symbol id="sm-ed0">
         <name>NOROM_OSCClockSourceGet</name>
         <value>0x442d</value>
         <object_component_ref idref="oc-1e8"/>
      </symbol>
      <symbol id="sm-ed1">
         <name>NOROM_OSCHF_SwitchToRcOscTurnOffXosc</name>
         <value>0x41b5</value>
         <object_component_ref idref="oc-a3e"/>
      </symbol>
      <symbol id="sm-ed2">
         <name>NOROM_OSC_HPOSCRelativeFrequencyOffsetGet</name>
         <value>0x3e91</value>
         <object_component_ref idref="oc-af9"/>
      </symbol>
      <symbol id="sm-f85">
         <name>NOROM_RFCDoorbellSendTo</name>
         <value>0x4559</value>
         <object_component_ref idref="oc-8e1"/>
      </symbol>
      <symbol id="sm-f86">
         <name>NOROM_RFCAdi3VcoLdoVoltageMode</name>
         <value>0x47a5</value>
         <object_component_ref idref="oc-900"/>
      </symbol>
      <symbol id="sm-f87">
         <name>NOROM_RFCSynthPowerDown</name>
         <value>0x3ecd</value>
         <object_component_ref idref="oc-906"/>
      </symbol>
      <symbol id="sm-f88">
         <name>NOROM_RFCCpePatchReset</name>
         <value>0x4459</value>
         <object_component_ref idref="oc-aa2"/>
      </symbol>
      <symbol id="sm-f89">
         <name>NOROM_RFCOverrideUpdate</name>
         <value>0x4ef9</value>
         <object_component_ref idref="oc-461"/>
      </symbol>
      <symbol id="sm-f8a">
         <name>NOROM_RFCOverrideSearch</name>
         <value>0x4581</value>
         <object_component_ref idref="oc-859"/>
      </symbol>
      <symbol id="sm-f8b">
         <name>NOROM_RFCRTrim</name>
         <value>0x1fd9</value>
         <object_component_ref idref="oc-64f"/>
      </symbol>
      <symbol id="sm-f8c">
         <name>NOROM_RFCRfTrimSet</name>
         <value>0x4d35</value>
         <object_component_ref idref="oc-92a"/>
      </symbol>
      <symbol id="sm-f8d">
         <name>NOROM_RFCRfTrimRead</name>
         <value>0x1d65</value>
         <object_component_ref idref="oc-924"/>
      </symbol>
      <symbol id="sm-f8e">
         <name>NOROM_RFCCpeIntGetAndClear</name>
         <value>0x4abd</value>
         <object_component_ref idref="oc-6be"/>
      </symbol>
      <symbol id="sm-f8f">
         <name>NOROM_RFCHwIntGetAndClear</name>
         <value>0x4d25</value>
         <object_component_ref idref="oc-6e9"/>
      </symbol>
      <symbol id="sm-fc3">
         <name>NOROM_SetupTrimDevice</name>
         <value>0x272d</value>
         <object_component_ref idref="oc-75"/>
      </symbol>
      <symbol id="sm-10d2">
         <name>NOROM_SetupGetTrimForRadcExtCfg</name>
         <value>0x4485</value>
         <object_component_ref idref="oc-1da"/>
      </symbol>
      <symbol id="sm-10d3">
         <name>NOROM_SetupGetTrimForAmpcompCtrl</name>
         <value>0x3439</value>
         <object_component_ref idref="oc-1b0"/>
      </symbol>
      <symbol id="sm-10d4">
         <name>NOROM_SetupSetAonRtcSubSecInc</name>
         <value>0x42e5</value>
         <object_component_ref idref="oc-1f4"/>
      </symbol>
      <symbol id="sm-10d5">
         <name>NOROM_SetupGetTrimForAnabypassValue1</name>
         <value>0x34a1</value>
         <object_component_ref idref="oc-18c"/>
      </symbol>
      <symbol id="sm-10d6">
         <name>NOROM_SetupGetTrimForXoscHfIbiastherm</name>
         <value>0x4d55</value>
         <object_component_ref idref="oc-19e"/>
      </symbol>
      <symbol id="sm-10d7">
         <name>NOROM_SetupGetTrimForRcOscLfIBiasTrim</name>
         <value>0x4b35</value>
         <object_component_ref idref="oc-1ce"/>
      </symbol>
      <symbol id="sm-10d8">
         <name>NOROM_SetupSetCacheModeAccordingToCcfgSetting</name>
         <value>0x3b75</value>
         <object_component_ref idref="oc-c1"/>
      </symbol>
      <symbol id="sm-10d9">
         <name>NOROM_SetupAfterColdResetWakeupFromShutDownCfg1</name>
         <value>0x287d</value>
         <object_component_ref idref="oc-126"/>
      </symbol>
      <symbol id="sm-10da">
         <name>NOROM_SetupAfterColdResetWakeupFromShutDownCfg3</name>
         <value>0x1451</value>
         <object_component_ref idref="oc-132"/>
      </symbol>
      <symbol id="sm-10db">
         <name>NOROM_SetupAfterColdResetWakeupFromShutDownCfg2</name>
         <value>0x19c5</value>
         <object_component_ref idref="oc-12c"/>
      </symbol>
      <symbol id="sm-10dc">
         <name>NOROM_SetupGetTrimForRcOscLfRtuneCtuneTrim</name>
         <value>0x4915</value>
         <object_component_ref idref="oc-198"/>
      </symbol>
      <symbol id="sm-10dd">
         <name>NOROM_SetupGetTrimForXoscHfFastStart</name>
         <value>0x4d45</value>
         <object_component_ref idref="oc-1e2"/>
      </symbol>
      <symbol id="sm-10de">
         <name>NOROM_SetupGetTrimForXoscLfRegulatorAndCmirrwrRatio</name>
         <value>0x4b4d</value>
         <object_component_ref idref="oc-1d4"/>
      </symbol>
      <symbol id="sm-10df">
         <name>NOROM_SetupGetTrimForXoscHfCtl</name>
         <value>0x47c5</value>
         <object_component_ref idref="oc-1c2"/>
      </symbol>
      <symbol id="sm-10e0">
         <name>NOROM_SetupGetTrimForDblrLoopFilterResetVoltage</name>
         <value>0x4b1d</value>
         <object_component_ref idref="oc-1c8"/>
      </symbol>
      <symbol id="sm-10e1">
         <name>NOROM_SetupGetTrimForAdcShModeEn</name>
         <value>0x4ad5</value>
         <object_component_ref idref="oc-1b6"/>
      </symbol>
      <symbol id="sm-10e2">
         <name>NOROM_SetupGetTrimForAdcShVbufEn</name>
         <value>0x4aed</value>
         <object_component_ref idref="oc-1bc"/>
      </symbol>
      <symbol id="sm-10e3">
         <name>NOROM_SetupSetVddrLevel</name>
         <value>0x320d</value>
         <object_component_ref idref="oc-185"/>
      </symbol>
      <symbol id="sm-10e4">
         <name>NOROM_SetupGetTrimForAmpcompTh1</name>
         <value>0x4b05</value>
         <object_component_ref idref="oc-1aa"/>
      </symbol>
      <symbol id="sm-10e5">
         <name>NOROM_SetupGetTrimForAmpcompTh2</name>
         <value>0x48f9</value>
         <object_component_ref idref="oc-1a4"/>
      </symbol>
      <symbol id="sm-1137">
         <name>NOROM_SysCtrl_DCDC_VoltageConditionalControl</name>
         <value>0x3571</value>
         <object_component_ref idref="oc-9e6"/>
      </symbol>
      <symbol id="sm-1138">
         <name>NOROM_SysCtrlAdjustRechargeAfterPowerDown</name>
         <value>0x3509</value>
         <object_component_ref idref="oc-ae6"/>
      </symbol>
      <symbol id="sm-1139">
         <name>NOROM_SysCtrlSetRechargeBeforePowerDown</name>
         <value>0x861</value>
         <object_component_ref idref="oc-ae0"/>
      </symbol>
      <symbol id="sm-1146">
         <name>NOROM_VIMSModeGet</name>
         <value>0x4df5</value>
         <object_component_ref idref="oc-9fe"/>
      </symbol>
      <symbol id="sm-1158">
         <name>NOROM_DDI32RegWrite</name>
         <value>0x4401</value>
         <object_component_ref idref="oc-192"/>
      </symbol>
      <symbol id="sm-1167">
         <name>__aeabi_lmul</name>
         <value>0x4bad</value>
         <object_component_ref idref="oc-9ac"/>
      </symbol>
      <symbol id="sm-1182">
         <name>memcpy</name>
         <value>0x2c3d</value>
         <object_component_ref idref="oc-57"/>
      </symbol>
      <symbol id="sm-1183">
         <name>__aeabi_memcpy</name>
         <value>0x2c3d</value>
         <object_component_ref idref="oc-57"/>
      </symbol>
      <symbol id="sm-1184">
         <name>__aeabi_memcpy8</name>
         <value>0x2c3d</value>
         <object_component_ref idref="oc-57"/>
      </symbol>
      <symbol id="sm-1185">
         <name>__aeabi_memcpy4</name>
         <value>0x2c3d</value>
         <object_component_ref idref="oc-57"/>
      </symbol>
      <symbol id="sm-1193">
         <name>__aeabi_uldivmod</name>
         <value>0x2e09</value>
         <object_component_ref idref="oc-3cc"/>
      </symbol>
      <symbol id="sm-11a2">
         <name>__aeabi_memset</name>
         <value>0x30a7</value>
         <object_component_ref idref="oc-af"/>
      </symbol>
      <symbol id="sm-11a3">
         <name>memset</name>
         <value>0x30ad</value>
         <object_component_ref idref="oc-af"/>
      </symbol>
      <symbol id="sm-11a4">
         <name>__aeabi_memset8</name>
         <value>0x30a7</value>
         <object_component_ref idref="oc-af"/>
      </symbol>
      <symbol id="sm-11a5">
         <name>__aeabi_memset4</name>
         <value>0x30a7</value>
         <object_component_ref idref="oc-af"/>
      </symbol>
      <symbol id="sm-11a6">
         <name>__aeabi_memclr8</name>
         <value>0x30a5</value>
         <object_component_ref idref="oc-af"/>
      </symbol>
      <symbol id="sm-11a7">
         <name>__aeabi_memclr4</name>
         <value>0x30a5</value>
         <object_component_ref idref="oc-af"/>
      </symbol>
      <symbol id="sm-11a8">
         <name>__aeabi_memclr</name>
         <value>0x30a5</value>
         <object_component_ref idref="oc-af"/>
      </symbol>
      <symbol id="sm-11ba">
         <name>__TI_zero_init</name>
         <value>0x4ea5</value>
         <object_component_ref idref="oc-69"/>
      </symbol>
      <symbol id="sm-11d1">
         <name>__TI_decompress_none</name>
         <value>0x4e1f</value>
         <object_component_ref idref="oc-21"/>
      </symbol>
      <symbol id="sm-11f4">
         <name>__TI_decompress_lzss</name>
         <value>0x3641</value>
         <object_component_ref idref="oc-1b"/>
      </symbol>
      <symbol id="sm-1209">
         <name>_sys_memory</name>
         <value>0x20000a58</value>
         <object_component_ref idref="oc-31"/>
      </symbol>
      <symbol id="sm-121d">
         <name>__stack</name>
         <value>0x20004c00</value>
         <object_component_ref idref="oc-34"/>
      </symbol>
      <symbol id="sm-121e">
         <name>_c_int00</name>
         <value>0x46f9</value>
         <object_component_ref idref="oc-e0"/>
      </symbol>
      <symbol id="sm-1228">
         <name>__aeabi_idiv0</name>
         <value>0x4f1b</value>
         <object_component_ref idref="oc-512"/>
      </symbol>
      <symbol id="sm-1229">
         <name>__aeabi_ldiv0</name>
         <value>0x4f1b</value>
         <object_component_ref idref="oc-512"/>
      </symbol>
      <symbol id="sm-1251">
         <name>__TI_auto_init_nobinit_nopinit</name>
         <value>0x3d8d</value>
         <object_component_ref idref="oc-234"/>
      </symbol>
      <symbol id="sm-125b">
         <name>_system_pre_init</name>
         <value>0x4f0d</value>
         <object_component_ref idref="oc-13a"/>
      </symbol>
      <symbol id="sm-1267">
         <name>C$$EXIT</name>
         <value>0x4f11</value>
         <object_component_ref idref="oc-228"/>
      </symbol>
      <symbol id="sm-1268">
         <name>abort</name>
         <value>0x4f11</value>
         <object_component_ref idref="oc-228"/>
      </symbol>
      <symbol id="sm-127d">
         <name>_args_main</name>
         <value>0x4b95</value>
         <object_component_ref idref="oc-14a"/>
      </symbol>
      <symbol id="sm-127e">
         <name>__TI_static_base__</name>
         <value>0x0</value>
      </symbol>
      <symbol id="sm-1281">
         <name>__mpu_init</name>
         <value>0x0</value>
      </symbol>
      <symbol id="sm-1282">
         <name>_system_post_cinit</name>
         <value>0x0</value>
      </symbol>
      <symbol id="sm-1283">
         <name>sleep</name>
         <value>0x4509</value>
      </symbol>
      <symbol id="sm-1284">
         <name>NoRTOS_start</name>
         <value>0x4ef5</value>
      </symbol>
   </symbol_table>
   <title>Link successful</title>
</link_info>
