<?xml version="1.0" encoding="ISO-8859-1" ?>
<link_info>
   <banner>TI ARM Linker Unix v20.2.5.LTS</banner>
   <copyright>Copyright (c) 1996-2018 Texas Instruments Incorporated</copyright>
   <link_time>0x6155ddb1</link_time>
   <link_errors>0x0</link_errors>
   <output_file>rfPacketTx_CC1310_LAUNCHXL_nortos_ccs.out</output_file>
   <entry_point>
      <name>resetISR</name>
      <address>0x4e65</address>
   </entry_point>
   <input_file_list>
      <input_file id="fl-2">
         <path>./</path>
         <kind>object</kind>
         <file>CC1310_LAUNCHXL.obj</file>
         <name>CC1310_LAUNCHXL.obj</name>
      </input_file>
      <input_file id="fl-3">
         <path>./</path>
         <kind>object</kind>
         <file>CC1310_LAUNCHXL_fxns.obj</file>
         <name>CC1310_LAUNCHXL_fxns.obj</name>
      </input_file>
      <input_file id="fl-4">
         <path>./</path>
         <kind>object</kind>
         <file>HardLink.obj</file>
         <name>HardLink.obj</name>
      </input_file>
      <input_file id="fl-5">
         <path>./</path>
         <kind>object</kind>
         <file>ccfg.obj</file>
         <name>ccfg.obj</name>
      </input_file>
      <input_file id="fl-6">
         <path>./</path>
         <kind>object</kind>
         <file>main_nortos.obj</file>
         <name>main_nortos.obj</name>
      </input_file>
      <input_file id="fl-7">
         <path>./</path>
         <kind>object</kind>
         <file>rfPacketTx.obj</file>
         <name>rfPacketTx.obj</name>
      </input_file>
      <input_file id="fl-8">
         <path>./smartrf_settings/</path>
         <kind>object</kind>
         <file>smartrf_settings.obj</file>
         <name>smartrf_settings.obj</name>
      </input_file>
      <input_file id="fl-13">
         <kind>object</kind>
         <file>&lt;internal&gt;</file>
         <name>&lt;internal&gt;</name>
      </input_file>
      <input_file id="fl-14">
         <path>/home/wpc/ti/simplelink_cc13x0_sdk_4_10_01_01/source/ti/display/lib/</path>
         <kind>archive</kind>
         <file>display.aem3</file>
         <name>DisplayUart.oem3</name>
      </input_file>
      <input_file id="fl-15">
         <path>/home/wpc/ti/simplelink_cc13x0_sdk_4_10_01_01/source/ti/drivers/rf/lib/</path>
         <kind>archive</kind>
         <file>rf_multiMode_cc13x0.aem3</file>
         <name>RFCC26XX_multiMode.oem3</name>
      </input_file>
      <input_file id="fl-16">
         <path>/home/wpc/ti/simplelink_cc13x0_sdk_4_10_01_01/source/ti/drivers/lib/</path>
         <kind>archive</kind>
         <file>drivers_cc13x0.aem3</file>
         <name>NVSSPI25X.oem3</name>
      </input_file>
      <input_file id="fl-17">
         <path>/home/wpc/ti/simplelink_cc13x0_sdk_4_10_01_01/source/ti/drivers/lib/</path>
         <kind>archive</kind>
         <file>drivers_cc13x0.aem3</file>
         <name>SDSPI.oem3</name>
      </input_file>
      <input_file id="fl-18">
         <path>/home/wpc/ti/simplelink_cc13x0_sdk_4_10_01_01/source/ti/drivers/lib/</path>
         <kind>archive</kind>
         <file>drivers_cc13x0.aem3</file>
         <name>List.oem3</name>
      </input_file>
      <input_file id="fl-19">
         <path>/home/wpc/ti/simplelink_cc13x0_sdk_4_10_01_01/source/ti/drivers/lib/</path>
         <kind>archive</kind>
         <file>drivers_cc13x0.aem3</file>
         <name>ADCCC26XX.oem3</name>
      </input_file>
      <input_file id="fl-1a">
         <path>/home/wpc/ti/simplelink_cc13x0_sdk_4_10_01_01/source/ti/drivers/lib/</path>
         <kind>archive</kind>
         <file>drivers_cc13x0.aem3</file>
         <name>ADCBufCC26XX.oem3</name>
      </input_file>
      <input_file id="fl-1b">
         <path>/home/wpc/ti/simplelink_cc13x0_sdk_4_10_01_01/source/ti/drivers/lib/</path>
         <kind>archive</kind>
         <file>drivers_cc13x0.aem3</file>
         <name>UDMACC26XX.oem3</name>
      </input_file>
      <input_file id="fl-1c">
         <path>/home/wpc/ti/simplelink_cc13x0_sdk_4_10_01_01/source/ti/drivers/lib/</path>
         <kind>archive</kind>
         <file>drivers_cc13x0.aem3</file>
         <name>GPIOCC26XX.oem3</name>
      </input_file>
      <input_file id="fl-1d">
         <path>/home/wpc/ti/simplelink_cc13x0_sdk_4_10_01_01/source/ti/drivers/lib/</path>
         <kind>archive</kind>
         <file>drivers_cc13x0.aem3</file>
         <name>I2CCC26XX.oem3</name>
      </input_file>
      <input_file id="fl-1e">
         <path>/home/wpc/ti/simplelink_cc13x0_sdk_4_10_01_01/source/ti/drivers/lib/</path>
         <kind>archive</kind>
         <file>drivers_cc13x0.aem3</file>
         <name>NVSCC26XX.oem3</name>
      </input_file>
      <input_file id="fl-1f">
         <path>/home/wpc/ti/simplelink_cc13x0_sdk_4_10_01_01/source/ti/drivers/lib/</path>
         <kind>archive</kind>
         <file>drivers_cc13x0.aem3</file>
         <name>PINCC26XX.oem3</name>
      </input_file>
      <input_file id="fl-20">
         <path>/home/wpc/ti/simplelink_cc13x0_sdk_4_10_01_01/source/ti/drivers/lib/</path>
         <kind>archive</kind>
         <file>drivers_cc13x0.aem3</file>
         <name>PowerCC26XX.oem3</name>
      </input_file>
      <input_file id="fl-21">
         <path>/home/wpc/ti/simplelink_cc13x0_sdk_4_10_01_01/source/ti/drivers/lib/</path>
         <kind>archive</kind>
         <file>drivers_cc13x0.aem3</file>
         <name>PowerCC26XX_calibrateRCOSC.oem3</name>
      </input_file>
      <input_file id="fl-22">
         <path>/home/wpc/ti/simplelink_cc13x0_sdk_4_10_01_01/source/ti/drivers/lib/</path>
         <kind>archive</kind>
         <file>drivers_cc13x0.aem3</file>
         <name>PWMTimerCC26XX.oem3</name>
      </input_file>
      <input_file id="fl-23">
         <path>/home/wpc/ti/simplelink_cc13x0_sdk_4_10_01_01/source/ti/drivers/lib/</path>
         <kind>archive</kind>
         <file>drivers_cc13x0.aem3</file>
         <name>SPI.oem3</name>
      </input_file>
      <input_file id="fl-24">
         <path>/home/wpc/ti/simplelink_cc13x0_sdk_4_10_01_01/source/ti/drivers/lib/</path>
         <kind>archive</kind>
         <file>drivers_cc13x0.aem3</file>
         <name>SPICC26XXDMA.oem3</name>
      </input_file>
      <input_file id="fl-25">
         <path>/home/wpc/ti/simplelink_cc13x0_sdk_4_10_01_01/source/ti/drivers/lib/</path>
         <kind>archive</kind>
         <file>drivers_cc13x0.aem3</file>
         <name>GPTimerCC26XX.oem3</name>
      </input_file>
      <input_file id="fl-26">
         <path>/home/wpc/ti/simplelink_cc13x0_sdk_4_10_01_01/source/ti/drivers/lib/</path>
         <kind>archive</kind>
         <file>drivers_cc13x0.aem3</file>
         <name>UART.oem3</name>
      </input_file>
      <input_file id="fl-27">
         <path>/home/wpc/ti/simplelink_cc13x0_sdk_4_10_01_01/source/ti/drivers/lib/</path>
         <kind>archive</kind>
         <file>drivers_cc13x0.aem3</file>
         <name>UARTCC26XX.oem3</name>
      </input_file>
      <input_file id="fl-28">
         <path>/home/wpc/ti/simplelink_cc13x0_sdk_4_10_01_01/source/ti/drivers/lib/</path>
         <kind>archive</kind>
         <file>drivers_cc13x0.aem3</file>
         <name>WatchdogCC26XX.oem3</name>
      </input_file>
      <input_file id="fl-29">
         <path>/home/wpc/ti/simplelink_cc13x0_sdk_4_10_01_01/source/ti/drivers/lib/</path>
         <kind>archive</kind>
         <file>drivers_cc13x0.aem3</file>
         <name>RingBuf.oem3</name>
      </input_file>
      <input_file id="fl-2a">
         <path>/home/wpc/ti/simplelink_cc13x0_sdk_4_10_01_01/source/ti/drivers/lib/</path>
         <kind>archive</kind>
         <file>drivers_cc13x0.aem3</file>
         <name>ADCBuf.oem3</name>
      </input_file>
      <input_file id="fl-2b">
         <path>/home/wpc/ti/simplelink_cc13x0_sdk_4_10_01_01/kernel/nortos/lib/</path>
         <kind>archive</kind>
         <file>nortos_cc13x0.aem3</file>
         <name>posix_sleep.oem3</name>
      </input_file>
      <input_file id="fl-2c">
         <path>/home/wpc/ti/simplelink_cc13x0_sdk_4_10_01_01/kernel/nortos/lib/</path>
         <kind>archive</kind>
         <file>nortos_cc13x0.aem3</file>
         <name>NoRTOS.oem3</name>
      </input_file>
      <input_file id="fl-2d">
         <path>/home/wpc/ti/simplelink_cc13x0_sdk_4_10_01_01/kernel/nortos/lib/</path>
         <kind>archive</kind>
         <file>nortos_cc13x0.aem3</file>
         <name>SemaphoreP_nortos.oem3</name>
      </input_file>
      <input_file id="fl-2e">
         <path>/home/wpc/ti/simplelink_cc13x0_sdk_4_10_01_01/kernel/nortos/lib/</path>
         <kind>archive</kind>
         <file>nortos_cc13x0.aem3</file>
         <name>SwiP_nortos.oem3</name>
      </input_file>
      <input_file id="fl-2f">
         <path>/home/wpc/ti/simplelink_cc13x0_sdk_4_10_01_01/kernel/nortos/lib/</path>
         <kind>archive</kind>
         <file>nortos_cc13x0.aem3</file>
         <name>SystemP_nortos.oem3</name>
      </input_file>
      <input_file id="fl-30">
         <path>/home/wpc/ti/simplelink_cc13x0_sdk_4_10_01_01/kernel/nortos/lib/</path>
         <kind>archive</kind>
         <file>nortos_cc13x0.aem3</file>
         <name>ClockPTimer_nortos.oem3</name>
      </input_file>
      <input_file id="fl-31">
         <path>/home/wpc/ti/simplelink_cc13x0_sdk_4_10_01_01/kernel/nortos/lib/</path>
         <kind>archive</kind>
         <file>nortos_cc13x0.aem3</file>
         <name>TimerPCC26XX_nortos.oem3</name>
      </input_file>
      <input_file id="fl-32">
         <path>/home/wpc/ti/simplelink_cc13x0_sdk_4_10_01_01/kernel/nortos/lib/</path>
         <kind>archive</kind>
         <file>nortos_cc13x0.aem3</file>
         <name>HwiPCC26XX_nortos.oem3</name>
      </input_file>
      <input_file id="fl-33">
         <path>/home/wpc/ti/simplelink_cc13x0_sdk_4_10_01_01/kernel/nortos/lib/</path>
         <kind>archive</kind>
         <file>nortos_cc13x0.aem3</file>
         <name>PowerCC26XX_nortos.oem3</name>
      </input_file>
      <input_file id="fl-34">
         <path>/home/wpc/ti/simplelink_cc13x0_sdk_4_10_01_01/kernel/nortos/lib/</path>
         <kind>archive</kind>
         <file>nortos_cc13x0.aem3</file>
         <name>startup_cc13xx_cc26xx_ccs.oem3</name>
      </input_file>
      <input_file id="fl-35">
         <path>/home/wpc/ti/simplelink_cc13x0_sdk_4_10_01_01/kernel/nortos/lib/</path>
         <kind>archive</kind>
         <file>nortos_cc13x0.aem3</file>
         <name>QueueP_nortos.oem3</name>
      </input_file>
      <input_file id="fl-36">
         <path>/home/wpc/ti/simplelink_cc13x0_sdk_4_10_01_01/source/ti/devices/cc13x0/driverlib/bin/ccs/</path>
         <kind>archive</kind>
         <file>driverlib.lib</file>
         <name>adi.obj</name>
      </input_file>
      <input_file id="fl-37">
         <path>/home/wpc/ti/simplelink_cc13x0_sdk_4_10_01_01/source/ti/devices/cc13x0/driverlib/bin/ccs/</path>
         <kind>archive</kind>
         <file>driverlib.lib</file>
         <name>aon_batmon.obj</name>
      </input_file>
      <input_file id="fl-38">
         <path>/home/wpc/ti/simplelink_cc13x0_sdk_4_10_01_01/source/ti/devices/cc13x0/driverlib/bin/ccs/</path>
         <kind>archive</kind>
         <file>driverlib.lib</file>
         <name>aon_rtc.obj</name>
      </input_file>
      <input_file id="fl-39">
         <path>/home/wpc/ti/simplelink_cc13x0_sdk_4_10_01_01/source/ti/devices/cc13x0/driverlib/bin/ccs/</path>
         <kind>archive</kind>
         <file>driverlib.lib</file>
         <name>aux_adc.obj</name>
      </input_file>
      <input_file id="fl-3a">
         <path>/home/wpc/ti/simplelink_cc13x0_sdk_4_10_01_01/source/ti/devices/cc13x0/driverlib/bin/ccs/</path>
         <kind>archive</kind>
         <file>driverlib.lib</file>
         <name>chipinfo.obj</name>
      </input_file>
      <input_file id="fl-3b">
         <path>/home/wpc/ti/simplelink_cc13x0_sdk_4_10_01_01/source/ti/devices/cc13x0/driverlib/bin/ccs/</path>
         <kind>archive</kind>
         <file>driverlib.lib</file>
         <name>cpu.obj</name>
      </input_file>
      <input_file id="fl-3c">
         <path>/home/wpc/ti/simplelink_cc13x0_sdk_4_10_01_01/source/ti/devices/cc13x0/driverlib/bin/ccs/</path>
         <kind>archive</kind>
         <file>driverlib.lib</file>
         <name>driverlib_release.obj</name>
      </input_file>
      <input_file id="fl-3d">
         <path>/home/wpc/ti/simplelink_cc13x0_sdk_4_10_01_01/source/ti/devices/cc13x0/driverlib/bin/ccs/</path>
         <kind>archive</kind>
         <file>driverlib.lib</file>
         <name>flash.obj</name>
      </input_file>
      <input_file id="fl-3e">
         <path>/home/wpc/ti/simplelink_cc13x0_sdk_4_10_01_01/source/ti/devices/cc13x0/driverlib/bin/ccs/</path>
         <kind>archive</kind>
         <file>driverlib.lib</file>
         <name>interrupt.obj</name>
      </input_file>
      <input_file id="fl-3f">
         <path>/home/wpc/ti/simplelink_cc13x0_sdk_4_10_01_01/source/ti/devices/cc13x0/driverlib/bin/ccs/</path>
         <kind>archive</kind>
         <file>driverlib.lib</file>
         <name>osc.obj</name>
      </input_file>
      <input_file id="fl-40">
         <path>/home/wpc/ti/simplelink_cc13x0_sdk_4_10_01_01/source/ti/devices/cc13x0/driverlib/bin/ccs/</path>
         <kind>archive</kind>
         <file>driverlib.lib</file>
         <name>rfc.obj</name>
      </input_file>
      <input_file id="fl-41">
         <path>/home/wpc/ti/simplelink_cc13x0_sdk_4_10_01_01/source/ti/devices/cc13x0/driverlib/bin/ccs/</path>
         <kind>archive</kind>
         <file>driverlib.lib</file>
         <name>setup.obj</name>
      </input_file>
      <input_file id="fl-42">
         <path>/home/wpc/ti/simplelink_cc13x0_sdk_4_10_01_01/source/ti/devices/cc13x0/driverlib/bin/ccs/</path>
         <kind>archive</kind>
         <file>driverlib.lib</file>
         <name>setup_rom.obj</name>
      </input_file>
      <input_file id="fl-43">
         <path>/home/wpc/ti/simplelink_cc13x0_sdk_4_10_01_01/source/ti/devices/cc13x0/driverlib/bin/ccs/</path>
         <kind>archive</kind>
         <file>driverlib.lib</file>
         <name>sys_ctrl.obj</name>
      </input_file>
      <input_file id="fl-44">
         <path>/home/wpc/ti/simplelink_cc13x0_sdk_4_10_01_01/source/ti/devices/cc13x0/driverlib/bin/ccs/</path>
         <kind>archive</kind>
         <file>driverlib.lib</file>
         <name>vims.obj</name>
      </input_file>
      <input_file id="fl-45">
         <path>/home/wpc/ti/simplelink_cc13x0_sdk_4_10_01_01/source/ti/devices/cc13x0/driverlib/bin/ccs/</path>
         <kind>archive</kind>
         <file>driverlib.lib</file>
         <name>ddi.obj</name>
      </input_file>
      <input_file id="fl-fb">
         <path>/home/wpc/UserSoftware/CCS/ccsv8/tools/compiler/ti-cgt-arm_20.2.5.LTS/lib/</path>
         <kind>archive</kind>
         <file>rtsv7M3_T_le_eabi.lib</file>
         <name>fd_add_t2.asm.obj</name>
      </input_file>
      <input_file id="fl-fc">
         <path>/home/wpc/UserSoftware/CCS/ccsv8/tools/compiler/ti-cgt-arm_20.2.5.LTS/lib/</path>
         <kind>archive</kind>
         <file>rtsv7M3_T_le_eabi.lib</file>
         <name>fd_cmp_t2.asm.obj</name>
      </input_file>
      <input_file id="fl-fd">
         <path>/home/wpc/UserSoftware/CCS/ccsv8/tools/compiler/ti-cgt-arm_20.2.5.LTS/lib/</path>
         <kind>archive</kind>
         <file>rtsv7M3_T_le_eabi.lib</file>
         <name>fd_mul_t2.asm.obj</name>
      </input_file>
      <input_file id="fl-fe">
         <path>/home/wpc/UserSoftware/CCS/ccsv8/tools/compiler/ti-cgt-arm_20.2.5.LTS/lib/</path>
         <kind>archive</kind>
         <file>rtsv7M3_T_le_eabi.lib</file>
         <name>fd_toi_t2.asm.obj</name>
      </input_file>
      <input_file id="fl-ff">
         <path>/home/wpc/UserSoftware/CCS/ccsv8/tools/compiler/ti-cgt-arm_20.2.5.LTS/lib/</path>
         <kind>archive</kind>
         <file>rtsv7M3_T_le_eabi.lib</file>
         <name>fd_tou_t2.asm.obj</name>
      </input_file>
      <input_file id="fl-100">
         <path>/home/wpc/UserSoftware/CCS/ccsv8/tools/compiler/ti-cgt-arm_20.2.5.LTS/lib/</path>
         <kind>archive</kind>
         <file>rtsv7M3_T_le_eabi.lib</file>
         <name>i_tofd_t2.asm.obj</name>
      </input_file>
      <input_file id="fl-101">
         <path>/home/wpc/UserSoftware/CCS/ccsv8/tools/compiler/ti-cgt-arm_20.2.5.LTS/lib/</path>
         <kind>archive</kind>
         <file>rtsv7M3_T_le_eabi.lib</file>
         <name>ll_mul_t2.asm.obj</name>
      </input_file>
      <input_file id="fl-102">
         <path>/home/wpc/UserSoftware/CCS/ccsv8/tools/compiler/ti-cgt-arm_20.2.5.LTS/lib/</path>
         <kind>archive</kind>
         <file>rtsv7M3_T_le_eabi.lib</file>
         <name>memcpy_t2.asm.obj</name>
      </input_file>
      <input_file id="fl-103">
         <path>/home/wpc/UserSoftware/CCS/ccsv8/tools/compiler/ti-cgt-arm_20.2.5.LTS/lib/</path>
         <kind>archive</kind>
         <file>rtsv7M3_T_le_eabi.lib</file>
         <name>u_divt2.asm.obj</name>
      </input_file>
      <input_file id="fl-104">
         <path>/home/wpc/UserSoftware/CCS/ccsv8/tools/compiler/ti-cgt-arm_20.2.5.LTS/lib/</path>
         <kind>archive</kind>
         <file>rtsv7M3_T_le_eabi.lib</file>
         <name>ull_div_t2.asm.obj</name>
      </input_file>
      <input_file id="fl-105">
         <path>/home/wpc/UserSoftware/CCS/ccsv8/tools/compiler/ti-cgt-arm_20.2.5.LTS/lib/</path>
         <kind>archive</kind>
         <file>rtsv7M3_T_le_eabi.lib</file>
         <name>memset_t2.asm.obj</name>
      </input_file>
      <input_file id="fl-106">
         <path>/home/wpc/UserSoftware/CCS/ccsv8/tools/compiler/ti-cgt-arm_20.2.5.LTS/lib/</path>
         <kind>archive</kind>
         <file>rtsv7M3_T_le_eabi.lib</file>
         <name>copy_zero_init.c.obj</name>
      </input_file>
      <input_file id="fl-107">
         <path>/home/wpc/UserSoftware/CCS/ccsv8/tools/compiler/ti-cgt-arm_20.2.5.LTS/lib/</path>
         <kind>archive</kind>
         <file>rtsv7M3_T_le_eabi.lib</file>
         <name>copy_decompress_none.c.obj</name>
      </input_file>
      <input_file id="fl-108">
         <path>/home/wpc/UserSoftware/CCS/ccsv8/tools/compiler/ti-cgt-arm_20.2.5.LTS/lib/</path>
         <kind>archive</kind>
         <file>rtsv7M3_T_le_eabi.lib</file>
         <name>copy_decompress_lzss.c.obj</name>
      </input_file>
      <input_file id="fl-109">
         <path>/home/wpc/UserSoftware/CCS/ccsv8/tools/compiler/ti-cgt-arm_20.2.5.LTS/lib/</path>
         <kind>archive</kind>
         <file>rtsv7M3_T_le_eabi.lib</file>
         <name>memory.c.obj</name>
      </input_file>
      <input_file id="fl-10a">
         <path>/home/wpc/UserSoftware/CCS/ccsv8/tools/compiler/ti-cgt-arm_20.2.5.LTS/lib/</path>
         <kind>archive</kind>
         <file>rtsv7M3_T_le_eabi.lib</file>
         <name>rand.c.obj</name>
      </input_file>
      <input_file id="fl-10b">
         <path>/home/wpc/UserSoftware/CCS/ccsv8/tools/compiler/ti-cgt-arm_20.2.5.LTS/lib/</path>
         <kind>archive</kind>
         <file>rtsv7M3_T_le_eabi.lib</file>
         <name>strlen.c.obj</name>
      </input_file>
      <input_file id="fl-10c">
         <path>/home/wpc/UserSoftware/CCS/ccsv8/tools/compiler/ti-cgt-arm_20.2.5.LTS/lib/</path>
         <kind>archive</kind>
         <file>rtsv7M3_T_le_eabi.lib</file>
         <name>boot_cortex_m.c.obj</name>
      </input_file>
      <input_file id="fl-10d">
         <path>/home/wpc/UserSoftware/CCS/ccsv8/tools/compiler/ti-cgt-arm_20.2.5.LTS/lib/</path>
         <kind>archive</kind>
         <file>rtsv7M3_T_le_eabi.lib</file>
         <name>div0.asm.obj</name>
      </input_file>
      <input_file id="fl-10e">
         <path>/home/wpc/UserSoftware/CCS/ccsv8/tools/compiler/ti-cgt-arm_20.2.5.LTS/lib/</path>
         <kind>archive</kind>
         <file>rtsv7M3_T_le_eabi.lib</file>
         <name>autoinit.c.obj</name>
      </input_file>
      <input_file id="fl-10f">
         <path>/home/wpc/UserSoftware/CCS/ccsv8/tools/compiler/ti-cgt-arm_20.2.5.LTS/lib/</path>
         <kind>archive</kind>
         <file>rtsv7M3_T_le_eabi.lib</file>
         <name>pre_init.c.obj</name>
      </input_file>
      <input_file id="fl-110">
         <path>/home/wpc/UserSoftware/CCS/ccsv8/tools/compiler/ti-cgt-arm_20.2.5.LTS/lib/</path>
         <kind>archive</kind>
         <file>rtsv7M3_T_le_eabi.lib</file>
         <name>cpy_tbl.c.obj</name>
      </input_file>
      <input_file id="fl-111">
         <path>/home/wpc/UserSoftware/CCS/ccsv8/tools/compiler/ti-cgt-arm_20.2.5.LTS/lib/</path>
         <kind>archive</kind>
         <file>rtsv7M3_T_le_eabi.lib</file>
         <name>exit.c.obj</name>
      </input_file>
      <input_file id="fl-112">
         <path>/home/wpc/UserSoftware/CCS/ccsv8/tools/compiler/ti-cgt-arm_20.2.5.LTS/lib/</path>
         <kind>archive</kind>
         <file>rtsv7M3_T_le_eabi.lib</file>
         <name>_lock.c.obj</name>
      </input_file>
      <input_file id="fl-113">
         <path>/home/wpc/UserSoftware/CCS/ccsv8/tools/compiler/ti-cgt-arm_20.2.5.LTS/lib/</path>
         <kind>archive</kind>
         <file>rtsv7M3_T_le_eabi.lib</file>
         <name>args_main.c.obj</name>
      </input_file>
   </input_file_list>
   <object_component_list>
      <object_component id="oc-18">
         <name>.intvecs</name>
         <load_address>0x0</load_address>
         <run_address>0x0</run_address>
         <size>0xc8</size>
         <input_file_ref idref="fl-34"/>
      </object_component>
      <object_component id="oc-6e6">
         <name>.text:RF_fsmActiveState</name>
         <load_address>0xc8</load_address>
         <run_address>0xc8</run_address>
         <size>0x48c</size>
         <input_file_ref idref="fl-15"/>
      </object_component>
      <object_component id="oc-a27">
         <name>.text:PowerCC26XX_auxISR</name>
         <load_address>0x554</load_address>
         <run_address>0x554</run_address>
         <size>0x30c</size>
         <input_file_ref idref="fl-21"/>
      </object_component>
      <object_component id="oc-aea">
         <name>.text:NOROM_SysCtrlSetRechargeBeforePowerDown</name>
         <load_address>0x860</load_address>
         <run_address>0x860</run_address>
         <size>0x238</size>
         <input_file_ref idref="fl-43"/>
      </object_component>
      <object_component id="oc-a02">
         <name>.text:Power_sleep</name>
         <load_address>0xa98</load_address>
         <run_address>0xa98</run_address>
         <size>0x224</size>
         <input_file_ref idref="fl-20"/>
      </object_component>
      <object_component id="oc-3ba">
         <name>.text:RF_open</name>
         <load_address>0xcbc</load_address>
         <run_address>0xcbc</run_address>
         <size>0x1d8</size>
         <input_file_ref idref="fl-15"/>
      </object_component>
      <object_component id="oc-20f">
         <name>.text:HardLink_init</name>
         <load_address>0xe94</load_address>
         <run_address>0xe94</run_address>
         <size>0x1d4</size>
         <input_file_ref idref="fl-4"/>
      </object_component>
      <object_component id="oc-455">
         <name>.text:PIN_init</name>
         <load_address>0x1068</load_address>
         <run_address>0x1068</run_address>
         <size>0x1b0</size>
         <input_file_ref idref="fl-1f"/>
      </object_component>
      <object_component id="oc-a15">
         <name>.text:PowerCC26XX_doCalibrate</name>
         <load_address>0x1218</load_address>
         <run_address>0x1218</run_address>
         <size>0x190</size>
         <input_file_ref idref="fl-21"/>
      </object_component>
      <object_component id="oc-73b">
         <name>.text:RF_fsmSetupState</name>
         <load_address>0x13a8</load_address>
         <run_address>0x13a8</run_address>
         <size>0x154</size>
         <input_file_ref idref="fl-15"/>
      </object_component>
      <object_component id="oc-51c">
         <name>.text:rf_patch_rfe_genfsk</name>
         <load_address>0x14fc</load_address>
         <run_address>0x14fc</run_address>
         <size>0x128</size>
         <input_file_ref idref="fl-8"/>
      </object_component>
      <object_component id="oc-132">
         <name>.text:NOROM_SetupAfterColdResetWakeupFromShutDownCfg3</name>
         <load_address>0x1624</load_address>
         <run_address>0x1624</run_address>
         <size>0x124</size>
         <input_file_ref idref="fl-42"/>
      </object_component>
      <object_component id="oc-6e0">
         <name>.text:RF_dispatchNextCmd</name>
         <load_address>0x1748</load_address>
         <run_address>0x1748</run_address>
         <size>0x124</size>
         <input_file_ref idref="fl-15"/>
      </object_component>
      <object_component id="oc-735">
         <name>.text:RF_radioOpDoneCb</name>
         <load_address>0x186c</load_address>
         <run_address>0x186c</run_address>
         <size>0x118</size>
         <input_file_ref idref="fl-15"/>
      </object_component>
      <object_component id="oc-44f">
         <name>.text:Power_init</name>
         <load_address>0x1984</load_address>
         <run_address>0x1984</run_address>
         <size>0x114</size>
         <input_file_ref idref="fl-20"/>
      </object_component>
      <object_component id="oc-7ee">
         <name>.text:PowerCC26XX_standbyPolicy</name>
         <load_address>0x1a98</load_address>
         <run_address>0x1a98</run_address>
         <size>0x100</size>
         <input_file_ref idref="fl-33"/>
      </object_component>
      <object_component id="oc-12c">
         <name>.text:NOROM_SetupAfterColdResetWakeupFromShutDownCfg2</name>
         <load_address>0x1b98</load_address>
         <run_address>0x1b98</run_address>
         <size>0xf0</size>
         <input_file_ref idref="fl-42"/>
      </object_component>
      <object_component id="oc-608">
         <name>.text:PINCC26XX_setIoCfg</name>
         <load_address>0x1c88</load_address>
         <run_address>0x1c88</run_address>
         <size>0xf0</size>
         <input_file_ref idref="fl-1f"/>
      </object_component>
      <object_component id="oc-4e6">
         <name>.text:RF_fsmPowerUpState</name>
         <load_address>0x1d78</load_address>
         <run_address>0x1d78</run_address>
         <size>0xe8</size>
         <input_file_ref idref="fl-15"/>
      </object_component>
      <object_component id="oc-483">
         <name>.text:SwiP_construct</name>
         <load_address>0x1e60</load_address>
         <run_address>0x1e60</run_address>
         <size>0xd8</size>
         <input_file_ref idref="fl-2e"/>
      </object_component>
      <object_component id="oc-92e">
         <name>.text:NOROM_RFCRfTrimRead</name>
         <load_address>0x1f38</load_address>
         <run_address>0x1f38</run_address>
         <size>0xd4</size>
         <input_file_ref idref="fl-40"/>
      </object_component>
      <object_component id="oc-509">
         <name>.text:RF_pendCmd</name>
         <load_address>0x200c</load_address>
         <run_address>0x200c</run_address>
         <size>0xd4</size>
         <input_file_ref idref="fl-15"/>
      </object_component>
      <object_component id="oc-215">
         <name>.text:HardLink_setFrequency</name>
         <load_address>0x20e0</load_address>
         <run_address>0x20e0</run_address>
         <size>0xcc</size>
         <input_file_ref idref="fl-4"/>
      </object_component>
      <object_component id="oc-659">
         <name>.text:NOROM_RFCRTrim</name>
         <load_address>0x21ac</load_address>
         <run_address>0x21ac</run_address>
         <size>0xcc</size>
         <input_file_ref idref="fl-40"/>
      </object_component>
      <object_component id="oc-4bf">
         <name>.text:RF_swiHw</name>
         <load_address>0x2278</load_address>
         <run_address>0x2278</run_address>
         <size>0xcc</size>
         <input_file_ref idref="fl-15"/>
      </object_component>
      <object_component id="oc-c7">
         <name>.text:TrimAfterColdResetWakeupFromShutDown</name>
         <load_address>0x2344</load_address>
         <run_address>0x2344</run_address>
         <size>0xc8</size>
         <input_file_ref idref="fl-41"/>
      </object_component>
      <object_component id="oc-21b">
         <name>.text:HardLink_send</name>
         <load_address>0x240c</load_address>
         <run_address>0x240c</run_address>
         <size>0xc0</size>
         <input_file_ref idref="fl-4"/>
      </object_component>
      <object_component id="oc-916">
         <name>.text:Power_releaseDependency</name>
         <load_address>0x24cc</load_address>
         <run_address>0x24cc</run_address>
         <size>0xbc</size>
         <input_file_ref idref="fl-20"/>
      </object_component>
      <object_component id="oc-503">
         <name>.text:RF_postCmd</name>
         <load_address>0x2588</load_address>
         <run_address>0x2588</run_address>
         <size>0xb8</size>
         <input_file_ref idref="fl-15"/>
      </object_component>
      <object_component id="oc-4a1">
         <name>.text:Power_setDependency</name>
         <load_address>0x2640</load_address>
         <run_address>0x2640</run_address>
         <size>0xb4</size>
         <input_file_ref idref="fl-20"/>
      </object_component>
      <object_component id="oc-6ec">
         <name>.text:RF_hwiCpe0Active</name>
         <load_address>0x26f4</load_address>
         <run_address>0x26f4</run_address>
         <size>0xb0</size>
         <input_file_ref idref="fl-15"/>
      </object_component>
      <object_component id="oc-547">
         <name>.text:TimerP_construct</name>
         <load_address>0x27a4</load_address>
         <run_address>0x27a4</run_address>
         <size>0xb0</size>
         <input_file_ref idref="fl-31"/>
      </object_component>
      <object_component id="oc-559">
         <name>.text:ClockP_workFuncDynamic</name>
         <load_address>0x2854</load_address>
         <run_address>0x2854</run_address>
         <size>0xa8</size>
         <input_file_ref idref="fl-30"/>
      </object_component>
      <object_component id="oc-75">
         <name>.text:NOROM_SetupTrimDevice</name>
         <load_address>0x28fc</load_address>
         <run_address>0x28fc</run_address>
         <size>0xa8</size>
         <input_file_ref idref="fl-41"/>
      </object_component>
      <object_component id="oc-6da">
         <name>.text:RF_ratRestartChannels</name>
         <load_address>0x29a4</load_address>
         <run_address>0x29a4</run_address>
         <size>0xa8</size>
         <input_file_ref idref="fl-15"/>
      </object_component>
      <object_component id="oc-126">
         <name>.text:NOROM_SetupAfterColdResetWakeupFromShutDownCfg1</name>
         <load_address>0x2a4c</load_address>
         <run_address>0x2a4c</run_address>
         <size>0xa4</size>
         <input_file_ref idref="fl-42"/>
      </object_component>
      <object_component id="oc-5e3">
         <name>.text:switchXOSCHFclockFunc</name>
         <load_address>0x2af0</load_address>
         <run_address>0x2af0</run_address>
         <size>0xa4</size>
         <input_file_ref idref="fl-20"/>
      </object_component>
      <object_component id="oc-84c">
         <name>.text:PIN_open</name>
         <load_address>0x2b94</load_address>
         <run_address>0x2b94</run_address>
         <size>0xa0</size>
         <input_file_ref idref="fl-1f"/>
      </object_component>
      <object_component id="oc-8a2">
         <name>.text:SwiP_dispatch</name>
         <load_address>0x2c34</load_address>
         <run_address>0x2c34</run_address>
         <size>0xa0</size>
         <input_file_ref idref="fl-2e"/>
      </object_component>
      <object_component id="oc-3f4">
         <name>.text:ClockP_startup</name>
         <load_address>0x2cd4</load_address>
         <run_address>0x2cd4</run_address>
         <size>0x9c</size>
         <input_file_ref idref="fl-30"/>
      </object_component>
      <object_component id="oc-904">
         <name>.text:RF_calculateDispatchTime</name>
         <load_address>0x2d70</load_address>
         <run_address>0x2d70</run_address>
         <size>0x9c</size>
         <input_file_ref idref="fl-15"/>
      </object_component>
      <object_component id="oc-57">
         <name>.text</name>
         <load_address>0x2e0c</load_address>
         <run_address>0x2e0c</run_address>
         <size>0x9c</size>
         <input_file_ref idref="fl-102"/>
      </object_component>
      <object_component id="oc-576">
         <name>.text:SemaphoreP_pend</name>
         <load_address>0x2ea8</load_address>
         <run_address>0x2ea8</run_address>
         <size>0x98</size>
         <input_file_ref idref="fl-2d"/>
      </object_component>
      <object_component id="oc-991">
         <name>.text:configureGenfskPatch</name>
         <load_address>0x2f40</load_address>
         <run_address>0x2f40</run_address>
         <size>0x98</size>
         <input_file_ref idref="fl-8"/>
      </object_component>
      <object_component id="oc-3dc">
         <name>.text</name>
         <load_address>0x2fd8</load_address>
         <run_address>0x2fd8</run_address>
         <size>0x96</size>
         <input_file_ref idref="fl-104"/>
      </object_component>
      <object_component id="oc-852">
         <name>.text:CC1310_LAUNCHXL_sendExtFlashByte</name>
         <load_address>0x306e</load_address>
         <run_address>0x306e</run_address>
         <size>0x84</size>
         <input_file_ref idref="fl-3"/>
      </object_component>
      <object_component id="oc-4ec">
         <name>.text:RF_defaultCallback</name>
         <load_address>0x30f2</load_address>
         <run_address>0x30f2</run_address>
         <size>0x2</size>
         <input_file_ref idref="fl-15"/>
      </object_component>
      <object_component id="oc-743">
         <name>.text:RF_issueRadioFreeCb</name>
         <load_address>0x30f4</load_address>
         <run_address>0x30f4</run_address>
         <size>0x84</size>
         <input_file_ref idref="fl-15"/>
      </object_component>
      <object_component id="oc-5d4">
         <name>.text:ClockP_start</name>
         <load_address>0x3178</load_address>
         <run_address>0x3178</run_address>
         <size>0x80</size>
         <input_file_ref idref="fl-30"/>
      </object_component>
      <object_component id="oc-6bb">
         <name>.text:RF_ratFreeChannel</name>
         <load_address>0x31f8</load_address>
         <run_address>0x31f8</run_address>
         <size>0x7c</size>
         <input_file_ref idref="fl-15"/>
      </object_component>
      <object_component id="oc-af">
         <name>.text</name>
         <load_address>0x3274</load_address>
         <run_address>0x3274</run_address>
         <size>0x7a</size>
         <input_file_ref idref="fl-105"/>
      </object_component>
      <object_component id="oc-57c">
         <name>.text:SemaphoreP_destruct</name>
         <load_address>0x32ee</load_address>
         <run_address>0x32ee</run_address>
         <size>0x2</size>
         <input_file_ref idref="fl-2d"/>
      </object_component>
      <object_component id="oc-48f">
         <name>.text:HwiP_construct</name>
         <load_address>0x32f0</load_address>
         <run_address>0x32f0</run_address>
         <size>0x78</size>
         <input_file_ref idref="fl-32"/>
      </object_component>
      <object_component id="oc-7a1">
         <name>.text:ClockP_walkQueueDynamic</name>
         <load_address>0x3368</load_address>
         <run_address>0x3368</run_address>
         <size>0x74</size>
         <input_file_ref idref="fl-30"/>
      </object_component>
      <object_component id="oc-185">
         <name>.text:NOROM_SetupSetVddrLevel</name>
         <load_address>0x33dc</load_address>
         <run_address>0x33dc</run_address>
         <size>0x74</size>
         <input_file_ref idref="fl-42"/>
      </object_component>
      <object_component id="oc-4cb">
         <name>.text:RF_hwiHw</name>
         <load_address>0x3450</load_address>
         <run_address>0x3450</run_address>
         <size>0x70</size>
         <input_file_ref idref="fl-15"/>
      </object_component>
      <object_component id="oc-9a8">
         <name>.text:TimerP_start</name>
         <load_address>0x34c0</load_address>
         <run_address>0x34c0</run_address>
         <size>0x70</size>
         <input_file_ref idref="fl-31"/>
      </object_component>
      <object_component id="oc-a1b">
         <name>.text:PowerCC26XX_initiateCalibration</name>
         <load_address>0x3530</load_address>
         <run_address>0x3530</run_address>
         <size>0x6c</size>
         <input_file_ref idref="fl-21"/>
      </object_component>
      <object_component id="oc-928">
         <name>.text:RF_initRadioSetup</name>
         <load_address>0x359c</load_address>
         <run_address>0x359c</run_address>
         <size>0x6c</size>
         <input_file_ref idref="fl-15"/>
      </object_component>
      <object_component id="oc-1b0">
         <name>.text:NOROM_SetupGetTrimForAmpcompCtrl</name>
         <load_address>0x3608</load_address>
         <run_address>0x3608</run_address>
         <size>0x68</size>
         <input_file_ref idref="fl-42"/>
      </object_component>
      <object_component id="oc-18c">
         <name>.text:NOROM_SetupGetTrimForAnabypassValue1</name>
         <load_address>0x3670</load_address>
         <run_address>0x3670</run_address>
         <size>0x68</size>
         <input_file_ref idref="fl-42"/>
      </object_component>
      <object_component id="oc-af0">
         <name>.text:NOROM_SysCtrlAdjustRechargeAfterPowerDown</name>
         <load_address>0x36d8</load_address>
         <run_address>0x36d8</run_address>
         <size>0x68</size>
         <input_file_ref idref="fl-43"/>
      </object_component>
      <object_component id="oc-9f0">
         <name>.text:NOROM_SysCtrl_DCDC_VoltageConditionalControl</name>
         <load_address>0x3740</load_address>
         <run_address>0x3740</run_address>
         <size>0x68</size>
         <input_file_ref idref="fl-43"/>
      </object_component>
      <object_component id="oc-7ae">
         <name>.text:SwiP_post</name>
         <load_address>0x37a8</load_address>
         <run_address>0x37a8</run_address>
         <size>0x68</size>
         <input_file_ref idref="fl-2e"/>
      </object_component>
      <object_component id="oc-1b">
         <name>.text:decompress:lzss:__TI_decompress_lzss</name>
         <load_address>0x3810</load_address>
         <run_address>0x3810</run_address>
         <size>0x68</size>
         <input_file_ref idref="fl-108"/>
      </object_component>
      <object_component id="oc-5e9">
         <name>.text:lfClockReadyCallback</name>
         <load_address>0x3878</load_address>
         <run_address>0x3878</run_address>
         <size>0x68</size>
         <input_file_ref idref="fl-20"/>
      </object_component>
      <object_component id="oc-809">
         <name>.text:NOROM_OSCHF_AttemptToSwitchToXosc</name>
         <load_address>0x38e0</load_address>
         <run_address>0x38e0</run_address>
         <size>0x64</size>
         <input_file_ref idref="fl-3f"/>
      </object_component>
      <object_component id="oc-700">
         <name>.text:RF_dispatchNextEvent</name>
         <load_address>0x3944</load_address>
         <run_address>0x3944</run_address>
         <size>0x64</size>
         <input_file_ref idref="fl-15"/>
      </object_component>
      <object_component id="oc-81f">
         <name>.text:configureXOSCHF</name>
         <load_address>0x39a8</load_address>
         <run_address>0x39a8</run_address>
         <size>0x64</size>
         <input_file_ref idref="fl-20"/>
      </object_component>
      <object_component id="oc-1ee">
         <name>.text:NOROM_OSCClockSourceSet</name>
         <load_address>0x3a0c</load_address>
         <run_address>0x3a0c</run_address>
         <size>0x60</size>
         <input_file_ref idref="fl-3f"/>
      </object_component>
      <object_component id="oc-7f4">
         <name>.text:PowerCC26XX_calibrate</name>
         <load_address>0x3a6c</load_address>
         <run_address>0x3a6c</run_address>
         <size>0x60</size>
         <input_file_ref idref="fl-20"/>
      </object_component>
      <object_component id="oc-b22">
         <name>.text:RF_getCurrentTime</name>
         <load_address>0x3acc</load_address>
         <run_address>0x3acc</run_address>
         <size>0x60</size>
         <input_file_ref idref="fl-15"/>
      </object_component>
      <object_component id="oc-a21">
         <name>.text:PowerCC26XX_RCOSC_clockFunc</name>
         <load_address>0x3b2c</load_address>
         <run_address>0x3b2c</run_address>
         <size>0x5c</size>
         <input_file_ref idref="fl-21"/>
      </object_component>
      <object_component id="oc-4c5">
         <name>.text:RF_hwiCpe0PowerFsm</name>
         <load_address>0x3b88</load_address>
         <run_address>0x3b88</run_address>
         <size>0x5c</size>
         <input_file_ref idref="fl-15"/>
      </object_component>
      <object_component id="oc-768">
         <name>.text:RF_syncCb</name>
         <load_address>0x3be4</load_address>
         <run_address>0x3be4</run_address>
         <size>0x5c</size>
         <input_file_ref idref="fl-15"/>
      </object_component>
      <object_component id="oc-a6f">
         <name>.text:PIN_remove</name>
         <load_address>0x3c40</load_address>
         <run_address>0x3c40</run_address>
         <size>0x58</size>
         <input_file_ref idref="fl-1f"/>
      </object_component>
      <object_component id="oc-8df">
         <name>.text:RF_cmdDispatchTime</name>
         <load_address>0x3c98</load_address>
         <run_address>0x3c98</run_address>
         <size>0x58</size>
         <input_file_ref idref="fl-15"/>
      </object_component>
      <object_component id="oc-922">
         <name>.text:RF_applyRfCorePatch</name>
         <load_address>0x3cf0</load_address>
         <run_address>0x3cf0</run_address>
         <size>0x54</size>
         <input_file_ref idref="fl-15"/>
      </object_component>
      <object_component id="oc-c1">
         <name>.text:NOROM_SetupSetCacheModeAccordingToCcfgSetting</name>
         <load_address>0x3d44</load_address>
         <run_address>0x3d44</run_address>
         <size>0x50</size>
         <input_file_ref idref="fl-42"/>
      </object_component>
      <object_component id="oc-972">
         <name>.text:RF_fsmXOSCState</name>
         <load_address>0x3d94</load_address>
         <run_address>0x3d94</run_address>
         <size>0x50</size>
         <input_file_ref idref="fl-15"/>
      </object_component>
      <object_component id="oc-4dd">
         <name>.text:RF_wakeupNotification</name>
         <load_address>0x3de4</load_address>
         <run_address>0x3de4</run_address>
         <size>0x50</size>
         <input_file_ref idref="fl-15"/>
      </object_component>
      <object_component id="oc-570">
         <name>.text:SemaphoreP_construct</name>
         <load_address>0x3e34</load_address>
         <run_address>0x3e34</run_address>
         <size>0x50</size>
         <input_file_ref idref="fl-2d"/>
      </object_component>
      <object_component id="oc-846">
         <name>.text:CC1310_LAUNCHXL_wakeUpExtFlash</name>
         <load_address>0x3e84</load_address>
         <run_address>0x3e84</run_address>
         <size>0x4c</size>
         <input_file_ref idref="fl-3"/>
      </object_component>
      <object_component id="oc-495">
         <name>.text:ClockP_construct</name>
         <load_address>0x3ed0</load_address>
         <run_address>0x3ed0</run_address>
         <size>0x48</size>
         <input_file_ref idref="fl-30"/>
      </object_component>
      <object_component id="oc-762">
         <name>.text:SwiP_restore</name>
         <load_address>0x3f18</load_address>
         <run_address>0x3f18</run_address>
         <size>0x44</size>
         <input_file_ref idref="fl-2e"/>
      </object_component>
      <object_component id="oc-238">
         <name>.text:__TI_auto_init_nobinit_nopinit:__TI_auto_init_nobinit_nopinit</name>
         <load_address>0x3f5c</load_address>
         <run_address>0x3f5c</run_address>
         <size>0x44</size>
         <input_file_ref idref="fl-10e"/>
      </object_component>
      <object_component id="oc-633">
         <name>.text:CC1310_LAUNCHXL_shutDownExtFlash</name>
         <load_address>0x3fa0</load_address>
         <run_address>0x3fa0</run_address>
         <size>0x40</size>
         <input_file_ref idref="fl-3"/>
      </object_component>
      <object_component id="oc-11e">
         <name>.text:NOROM_ChipInfo_GetHwRevision</name>
         <load_address>0x3fe0</load_address>
         <run_address>0x3fe0</run_address>
         <size>0x40</size>
         <input_file_ref idref="fl-3a"/>
      </object_component>
      <object_component id="oc-620">
         <name>.text:PIN_swi</name>
         <load_address>0x4020</load_address>
         <run_address>0x4020</run_address>
         <size>0x40</size>
         <input_file_ref idref="fl-1f"/>
      </object_component>
      <object_component id="oc-b03">
         <name>.text:NOROM_OSC_HPOSCRelativeFrequencyOffsetGet</name>
         <load_address>0x4060</load_address>
         <run_address>0x4060</run_address>
         <size>0x3c</size>
         <input_file_ref idref="fl-3f"/>
      </object_component>
      <object_component id="oc-910">
         <name>.text:NOROM_RFCSynthPowerDown</name>
         <load_address>0x409c</load_address>
         <run_address>0x409c</run_address>
         <size>0x3c</size>
         <input_file_ref idref="fl-40"/>
      </object_component>
      <object_component id="oc-966">
         <name>.text:PowerCC26XX_isStableXOSC_HF</name>
         <load_address>0x40d8</load_address>
         <run_address>0x40d8</run_address>
         <size>0x3c</size>
         <input_file_ref idref="fl-20"/>
      </object_component>
      <object_component id="oc-75c">
         <name>.text:RF_cmdGet</name>
         <load_address>0x4114</load_address>
         <run_address>0x4114</run_address>
         <size>0x3c</size>
         <input_file_ref idref="fl-15"/>
      </object_component>
      <object_component id="oc-6f9">
         <name>.text:RF_cmdStoreEvents</name>
         <load_address>0x4150</load_address>
         <run_address>0x4150</run_address>
         <size>0x3c</size>
         <input_file_ref idref="fl-15"/>
      </object_component>
      <object_component id="oc-91c">
         <name>.text:SemaphoreP_post</name>
         <load_address>0x418c</load_address>
         <run_address>0x418c</run_address>
         <size>0x3c</size>
         <input_file_ref idref="fl-2d"/>
      </object_component>
      <object_component id="oc-5c8">
         <name>.text:disableLfClkQualifiersEnableClkLoss</name>
         <load_address>0x41c8</load_address>
         <run_address>0x41c8</run_address>
         <size>0x3c</size>
         <input_file_ref idref="fl-20"/>
      </object_component>
      <object_component id="oc-a67">
         <name>.text:PIN_setConfig</name>
         <load_address>0x4204</load_address>
         <run_address>0x4204</run_address>
         <size>0x38</size>
         <input_file_ref idref="fl-1f"/>
      </object_component>
      <object_component id="oc-a5c">
         <name>.text:PIN_setOutputValue</name>
         <load_address>0x423c</load_address>
         <run_address>0x423c</run_address>
         <size>0x38</size>
         <input_file_ref idref="fl-1f"/>
      </object_component>
      <object_component id="oc-6d4">
         <name>.text:RF_checkCmdFsError</name>
         <load_address>0x4274</load_address>
         <run_address>0x4274</run_address>
         <size>0x38</size>
         <input_file_ref idref="fl-15"/>
      </object_component>
      <object_component id="oc-707">
         <name>.text:RF_powerConstraintRelease</name>
         <load_address>0x42ac</load_address>
         <run_address>0x42ac</run_address>
         <size>0x38</size>
         <input_file_ref idref="fl-15"/>
      </object_component>
      <object_component id="oc-140">
         <name>.text:main</name>
         <load_address>0x42e4</load_address>
         <run_address>0x42e4</run_address>
         <size>0x38</size>
         <input_file_ref idref="fl-6"/>
      </object_component>
      <object_component id="oc-9c9">
         <name>.text:TimerP_setNextTick</name>
         <load_address>0x431c</load_address>
         <run_address>0x431c</run_address>
         <size>0x36</size>
         <input_file_ref idref="fl-31"/>
      </object_component>
      <object_component id="oc-7cb">
         <name>.text:clkFxn</name>
         <load_address>0x4352</load_address>
         <run_address>0x4352</run_address>
         <size>0x2</size>
         <input_file_ref idref="fl-2d"/>
      </object_component>
      <object_component id="oc-9f6">
         <name>.text:ClockP_getTicksUntilInterrupt</name>
         <load_address>0x4354</load_address>
         <run_address>0x4354</run_address>
         <size>0x34</size>
         <input_file_ref idref="fl-30"/>
      </object_component>
      <object_component id="oc-67f">
         <name>.text:NOROM_IntRegister</name>
         <load_address>0x4388</load_address>
         <run_address>0x4388</run_address>
         <size>0x34</size>
         <input_file_ref idref="fl-3e"/>
      </object_component>
      <object_component id="oc-a48">
         <name>.text:NOROM_OSCHF_SwitchToRcOscTurnOffXosc</name>
         <load_address>0x43bc</load_address>
         <run_address>0x43bc</run_address>
         <size>0x34</size>
         <input_file_ref idref="fl-3f"/>
      </object_component>
      <object_component id="oc-810">
         <name>.text:Power_releaseConstraint</name>
         <load_address>0x43f0</load_address>
         <run_address>0x43f0</run_address>
         <size>0x34</size>
         <input_file_ref idref="fl-20"/>
      </object_component>
      <object_component id="oc-786">
         <name>.text:TimerP_initDevice</name>
         <load_address>0x4424</load_address>
         <run_address>0x4424</run_address>
         <size>0x34</size>
         <input_file_ref idref="fl-31"/>
      </object_component>
      <object_component id="oc-7fd">
         <name>.text:notify</name>
         <load_address>0x4458</load_address>
         <run_address>0x4458</run_address>
         <size>0x34</size>
         <input_file_ref idref="fl-20"/>
      </object_component>
      <object_component id="oc-5f6">
         <name>.text:NOROM_ChipInfo_GetChipType</name>
         <load_address>0x448c</load_address>
         <run_address>0x448c</run_address>
         <size>0x30</size>
         <input_file_ref idref="fl-3a"/>
      </object_component>
      <object_component id="oc-1f4">
         <name>.text:NOROM_SetupSetAonRtcSubSecInc</name>
         <load_address>0x44bc</load_address>
         <run_address>0x44bc</run_address>
         <size>0x30</size>
         <input_file_ref idref="fl-42"/>
      </object_component>
      <object_component id="oc-5c2">
         <name>.text:Power_setConstraint</name>
         <load_address>0x44ec</load_address>
         <run_address>0x44ec</run_address>
         <size>0x30</size>
         <input_file_ref idref="fl-20"/>
      </object_component>
      <object_component id="oc-79b">
         <name>.text:TimerP_getCurrentTick</name>
         <load_address>0x451c</load_address>
         <run_address>0x451c</run_address>
         <size>0x30</size>
         <input_file_ref idref="fl-31"/>
      </object_component>
      <object_component id="oc-acc">
         <name>.text:TimerP_setThreshold</name>
         <load_address>0x454c</load_address>
         <run_address>0x454c</run_address>
         <size>0x30</size>
         <input_file_ref idref="fl-31"/>
      </object_component>
      <object_component id="oc-685">
         <name>.text:HwiP_dispatch</name>
         <load_address>0x457c</load_address>
         <run_address>0x457c</run_address>
         <size>0x2c</size>
         <input_file_ref idref="fl-32"/>
      </object_component>
      <object_component id="oc-192">
         <name>.text:NOROM_DDI32RegWrite</name>
         <load_address>0x45a8</load_address>
         <run_address>0x45a8</run_address>
         <size>0x2c</size>
         <input_file_ref idref="fl-45"/>
      </object_component>
      <object_component id="oc-1e8">
         <name>.text:NOROM_OSCClockSourceGet</name>
         <load_address>0x45d4</load_address>
         <run_address>0x45d4</run_address>
         <size>0x2c</size>
         <input_file_ref idref="fl-3f"/>
      </object_component>
      <object_component id="oc-aac">
         <name>.text:NOROM_RFCCpePatchReset</name>
         <load_address>0x4600</load_address>
         <run_address>0x4600</run_address>
         <size>0x2c</size>
         <input_file_ref idref="fl-40"/>
      </object_component>
      <object_component id="oc-1da">
         <name>.text:NOROM_SetupGetTrimForRadcExtCfg</name>
         <load_address>0x462c</load_address>
         <run_address>0x462c</run_address>
         <size>0x2c</size>
         <input_file_ref idref="fl-42"/>
      </object_component>
      <object_component id="oc-a8f">
         <name>.text:RF_calculateDeltaTimeUs</name>
         <load_address>0x4658</load_address>
         <run_address>0x4658</run_address>
         <size>0x2c</size>
         <input_file_ref idref="fl-15"/>
      </object_component>
      <object_component id="oc-8d8">
         <name>.text:RF_executeDirectImmediateCmd</name>
         <load_address>0x4684</load_address>
         <run_address>0x4684</run_address>
         <size>0x2c</size>
         <input_file_ref idref="fl-15"/>
      </object_component>
      <object_component id="oc-221">
         <name>.text:ClockP_sleep</name>
         <load_address>0x46b0</load_address>
         <run_address>0x46b0</run_address>
         <size>0x28</size>
         <input_file_ref idref="fl-30"/>
      </object_component>
      <object_component id="oc-afd">
         <name>.text:NOROM_AONBatMonTemperatureGetDegC</name>
         <load_address>0x46d8</load_address>
         <run_address>0x46d8</run_address>
         <size>0x28</size>
         <input_file_ref idref="fl-37"/>
      </object_component>
      <object_component id="oc-8eb">
         <name>.text:NOROM_RFCDoorbellSendTo</name>
         <load_address>0x4700</load_address>
         <run_address>0x4700</run_address>
         <size>0x28</size>
         <input_file_ref idref="fl-40"/>
      </object_component>
      <object_component id="oc-863">
         <name>.text:NOROM_RFCOverrideSearch</name>
         <load_address>0x4728</load_address>
         <run_address>0x4728</run_address>
         <size>0x28</size>
         <input_file_ref idref="fl-40"/>
      </object_component>
      <object_component id="oc-49b">
         <name>.text:Power_registerNotify</name>
         <load_address>0x4750</load_address>
         <run_address>0x4750</run_address>
         <size>0x28</size>
         <input_file_ref idref="fl-20"/>
      </object_component>
      <object_component id="oc-3c0">
         <name>.text:RF_runCmd</name>
         <load_address>0x4778</load_address>
         <run_address>0x4778</run_address>
         <size>0x28</size>
         <input_file_ref idref="fl-15"/>
      </object_component>
      <object_component id="oc-a30">
         <name>.text:SafeHapiVoid</name>
         <load_address>0x47a0</load_address>
         <run_address>0x47a0</run_address>
         <size>0x28</size>
         <input_file_ref idref="fl-36"/>
      </object_component>
      <object_component id="oc-7e7">
         <name>.text:ClockP_getTicks</name>
         <load_address>0x47c8</load_address>
         <run_address>0x47c8</run_address>
         <size>0x24</size>
         <input_file_ref idref="fl-30"/>
      </object_component>
      <object_component id="oc-7a7">
         <name>.text:ClockP_scheduleNextTick</name>
         <load_address>0x47ec</load_address>
         <run_address>0x47ec</run_address>
         <size>0x24</size>
         <input_file_ref idref="fl-30"/>
      </object_component>
      <object_component id="oc-74f">
         <name>.text:RF_cmdAlloc</name>
         <load_address>0x4810</load_address>
         <run_address>0x4810</run_address>
         <size>0x24</size>
         <input_file_ref idref="fl-15"/>
      </object_component>
      <object_component id="oc-8f1">
         <name>.text:RF_invokeGlobalCallback</name>
         <load_address>0x4834</load_address>
         <run_address>0x4834</run_address>
         <size>0x24</size>
         <input_file_ref idref="fl-15"/>
      </object_component>
      <object_component id="oc-8f8">
         <name>.text:RF_isStateTransitionAllowed</name>
         <load_address>0x4858</load_address>
         <run_address>0x4858</run_address>
         <size>0x24</size>
         <input_file_ref idref="fl-15"/>
      </object_component>
      <object_component id="oc-54d">
         <name>.text:TimerP_getMaxTicks</name>
         <load_address>0x487c</load_address>
         <run_address>0x487c</run_address>
         <size>0x24</size>
         <input_file_ref idref="fl-31"/>
      </object_component>
      <object_component id="oc-e0">
         <name>.text:_c_int00:_c_int00</name>
         <load_address>0x48a0</load_address>
         <run_address>0x48a0</run_address>
         <size>0x24</size>
         <input_file_ref idref="fl-10c"/>
      </object_component>
      <object_component id="oc-3fa">
         <name>.text:sleepTicks</name>
         <load_address>0x48c4</load_address>
         <run_address>0x48c4</run_address>
         <size>0x24</size>
         <input_file_ref idref="fl-30"/>
      </object_component>
      <object_component id="oc-8e5">
         <name>.text:List_get</name>
         <load_address>0x48e8</load_address>
         <run_address>0x48e8</run_address>
         <size>0x22</size>
         <input_file_ref idref="fl-18"/>
      </object_component>
      <object_component id="oc-693">
         <name>.text:List_put</name>
         <load_address>0x490a</load_address>
         <run_address>0x490a</run_address>
         <size>0x22</size>
         <input_file_ref idref="fl-18"/>
      </object_component>
      <object_component id="oc-7b9">
         <name>.text:ClockP_add</name>
         <load_address>0x492c</load_address>
         <run_address>0x492c</run_address>
         <size>0x20</size>
         <input_file_ref idref="fl-30"/>
      </object_component>
      <object_component id="oc-90a">
         <name>.text:NOROM_RFCAdi3VcoLdoVoltageMode</name>
         <load_address>0x494c</load_address>
         <run_address>0x494c</run_address>
         <size>0x20</size>
         <input_file_ref idref="fl-40"/>
      </object_component>
      <object_component id="oc-1c2">
         <name>.text:NOROM_SetupGetTrimForXoscHfCtl</name>
         <load_address>0x496c</load_address>
         <run_address>0x496c</run_address>
         <size>0x20</size>
         <input_file_ref idref="fl-42"/>
      </object_component>
      <object_component id="oc-60e">
         <name>.text:PINCC26XX_setIoCfgMux</name>
         <load_address>0x498c</load_address>
         <run_address>0x498c</run_address>
         <size>0x20</size>
         <input_file_ref idref="fl-1f"/>
      </object_component>
      <object_component id="oc-4d1">
         <name>.text:RF_clkPowerUp</name>
         <load_address>0x49ac</load_address>
         <run_address>0x49ac</run_address>
         <size>0x20</size>
         <input_file_ref idref="fl-15"/>
      </object_component>
      <object_component id="oc-943">
         <name>.text:RF_hwiCpe0ChangePhy</name>
         <load_address>0x49cc</load_address>
         <run_address>0x49cc</run_address>
         <size>0x20</size>
         <input_file_ref idref="fl-15"/>
      </object_component>
      <object_component id="oc-8c7">
         <name>.text:RF_ratIsRunning</name>
         <load_address>0x49ec</load_address>
         <run_address>0x49ec</run_address>
         <size>0x20</size>
         <input_file_ref idref="fl-15"/>
      </object_component>
      <object_component id="oc-858">
         <name>.text:PIN_close</name>
         <load_address>0x4a0c</load_address>
         <run_address>0x4a0c</run_address>
         <size>0x1e</size>
         <input_file_ref idref="fl-1f"/>
      </object_component>
      <object_component id="oc-9fc">
         <name>.text:Power_getTransitionLatency</name>
         <load_address>0x4a2a</load_address>
         <run_address>0x4a2a</run_address>
         <size>0x1e</size>
         <input_file_ref idref="fl-20"/>
      </object_component>
      <object_component id="oc-4ad">
         <name>.text:SemaphoreP_constructBinary</name>
         <load_address>0x4a48</load_address>
         <run_address>0x4a48</run_address>
         <size>0x1e</size>
         <input_file_ref idref="fl-2d"/>
      </object_component>
      <object_component id="oc-5dd">
         <name>.text:emptyClockFunc</name>
         <load_address>0x4a66</load_address>
         <run_address>0x4a66</run_address>
         <size>0x2</size>
         <input_file_ref idref="fl-20"/>
      </object_component>
      <object_component id="oc-3ac">
         <name>.text:CC1310_LAUNCHXL_initGeneral</name>
         <load_address>0x4a68</load_address>
         <run_address>0x4a68</run_address>
         <size>0x1c</size>
         <input_file_ref idref="fl-2"/>
      </object_component>
      <object_component id="oc-118">
         <name>.text:NOROM_ChipInfo_GetChipFamily</name>
         <load_address>0x4a84</load_address>
         <run_address>0x4a84</run_address>
         <size>0x1c</size>
         <input_file_ref idref="fl-3a"/>
      </object_component>
      <object_component id="oc-1a4">
         <name>.text:NOROM_SetupGetTrimForAmpcompTh2</name>
         <load_address>0x4aa0</load_address>
         <run_address>0x4aa0</run_address>
         <size>0x1c</size>
         <input_file_ref idref="fl-42"/>
      </object_component>
      <object_component id="oc-198">
         <name>.text:NOROM_SetupGetTrimForRcOscLfRtuneCtuneTrim</name>
         <load_address>0x4abc</load_address>
         <run_address>0x4abc</run_address>
         <size>0x1c</size>
         <input_file_ref idref="fl-42"/>
      </object_component>
      <object_component id="oc-61a">
         <name>.text:PIN_hwi</name>
         <load_address>0x4ad8</load_address>
         <run_address>0x4ad8</run_address>
         <size>0x1c</size>
         <input_file_ref idref="fl-1f"/>
      </object_component>
      <object_component id="oc-68c">
         <name>.text:QueueP_put</name>
         <load_address>0x4af4</load_address>
         <run_address>0x4af4</run_address>
         <size>0x1c</size>
         <input_file_ref idref="fl-35"/>
      </object_component>
      <object_component id="oc-4d7">
         <name>.text:RF_clkInactivityCallback</name>
         <load_address>0x4b10</load_address>
         <run_address>0x4b10</run_address>
         <size>0x1c</size>
         <input_file_ref idref="fl-15"/>
      </object_component>
      <object_component id="oc-8d2">
         <name>.text:RF_powerConstraintSet</name>
         <load_address>0x4b2c</load_address>
         <run_address>0x4b2c</run_address>
         <size>0x1c</size>
         <input_file_ref idref="fl-15"/>
      </object_component>
      <object_component id="oc-756">
         <name>.text:SwiP_disable</name>
         <load_address>0x4b48</load_address>
         <run_address>0x4b48</run_address>
         <size>0x1c</size>
         <input_file_ref idref="fl-2e"/>
      </object_component>
      <object_component id="oc-6c1">
         <name>.text:SwiP_or</name>
         <load_address>0x4b64</load_address>
         <run_address>0x4b64</run_address>
         <size>0x1c</size>
         <input_file_ref idref="fl-2e"/>
      </object_component>
      <object_component id="oc-792">
         <name>.text:TimerP_dynamicStub</name>
         <load_address>0x4b80</load_address>
         <run_address>0x4b80</run_address>
         <size>0x1c</size>
         <input_file_ref idref="fl-31"/>
      </object_component>
      <object_component id="oc-98b">
         <name>.text:enterGenfskCpePatch</name>
         <load_address>0x4b9c</load_address>
         <run_address>0x4b9c</run_address>
         <size>0x1c</size>
         <input_file_ref idref="fl-8"/>
      </object_component>
      <object_component id="oc-a7b">
         <name>.text:QueueP_get</name>
         <load_address>0x4bb8</load_address>
         <run_address>0x4bb8</run_address>
         <size>0x1a</size>
         <input_file_ref idref="fl-35"/>
      </object_component>
      <object_component id="oc-7c5">
         <name>.text:ClockP_destruct</name>
         <load_address>0x4bd2</load_address>
         <run_address>0x4bd2</run_address>
         <size>0x18</size>
         <input_file_ref idref="fl-30"/>
      </object_component>
      <object_component id="oc-714">
         <name>.text:ClockP_getTimeout</name>
         <load_address>0x4bea</load_address>
         <run_address>0x4bea</run_address>
         <size>0x18</size>
         <input_file_ref idref="fl-30"/>
      </object_component>
      <object_component id="oc-985">
         <name>.text:enterGenfskSysPatch</name>
         <load_address>0x4c02</load_address>
         <run_address>0x4c02</run_address>
         <size>0x2</size>
         <input_file_ref idref="fl-8"/>
      </object_component>
      <object_component id="oc-a9f">
         <name>.text:HwiP_inISR</name>
         <load_address>0x4c04</load_address>
         <run_address>0x4c04</run_address>
         <size>0x18</size>
         <input_file_ref idref="fl-32"/>
      </object_component>
      <object_component id="oc-a36">
         <name>.text:NOROM_AONRTCCurrentCompareValueGet</name>
         <load_address>0x4c1c</load_address>
         <run_address>0x4c1c</run_address>
         <size>0x18</size>
         <input_file_ref idref="fl-38"/>
      </object_component>
      <object_component id="oc-5fc">
         <name>.text:NOROM_ChipInfo_GetPackageType</name>
         <load_address>0x4c34</load_address>
         <run_address>0x4c34</run_address>
         <size>0x18</size>
         <input_file_ref idref="fl-3a"/>
      </object_component>
      <object_component id="oc-a42">
         <name>.text:NOROM_OSCHF_TurnOnXosc</name>
         <load_address>0x4c4c</load_address>
         <run_address>0x4c4c</run_address>
         <size>0x18</size>
         <input_file_ref idref="fl-3f"/>
      </object_component>
      <object_component id="oc-6c8">
         <name>.text:NOROM_RFCCpeIntGetAndClear</name>
         <load_address>0x4c64</load_address>
         <run_address>0x4c64</run_address>
         <size>0x18</size>
         <input_file_ref idref="fl-40"/>
      </object_component>
      <object_component id="oc-1b6">
         <name>.text:NOROM_SetupGetTrimForAdcShModeEn</name>
         <load_address>0x4c7c</load_address>
         <run_address>0x4c7c</run_address>
         <size>0x18</size>
         <input_file_ref idref="fl-42"/>
      </object_component>
      <object_component id="oc-1bc">
         <name>.text:NOROM_SetupGetTrimForAdcShVbufEn</name>
         <load_address>0x4c94</load_address>
         <run_address>0x4c94</run_address>
         <size>0x18</size>
         <input_file_ref idref="fl-42"/>
      </object_component>
      <object_component id="oc-1aa">
         <name>.text:NOROM_SetupGetTrimForAmpcompTh1</name>
         <load_address>0x4cac</load_address>
         <run_address>0x4cac</run_address>
         <size>0x18</size>
         <input_file_ref idref="fl-42"/>
      </object_component>
      <object_component id="oc-1c8">
         <name>.text:NOROM_SetupGetTrimForDblrLoopFilterResetVoltage</name>
         <load_address>0x4cc4</load_address>
         <run_address>0x4cc4</run_address>
         <size>0x18</size>
         <input_file_ref idref="fl-42"/>
      </object_component>
      <object_component id="oc-1ce">
         <name>.text:NOROM_SetupGetTrimForRcOscLfIBiasTrim</name>
         <load_address>0x4cdc</load_address>
         <run_address>0x4cdc</run_address>
         <size>0x18</size>
         <input_file_ref idref="fl-42"/>
      </object_component>
      <object_component id="oc-1d4">
         <name>.text:NOROM_SetupGetTrimForXoscLfRegulatorAndCmirrwrRatio</name>
         <load_address>0x4cf4</load_address>
         <run_address>0x4cf4</run_address>
         <size>0x18</size>
         <input_file_ref idref="fl-42"/>
      </object_component>
      <object_component id="oc-9d1">
         <name>.text:Power_idleFunc</name>
         <load_address>0x4d0c</load_address>
         <run_address>0x4d0c</run_address>
         <size>0x18</size>
         <input_file_ref idref="fl-20"/>
      </object_component>
      <object_component id="oc-4b9">
         <name>.text:RF_swiFsm</name>
         <load_address>0x4d24</load_address>
         <run_address>0x4d24</run_address>
         <size>0x18</size>
         <input_file_ref idref="fl-15"/>
      </object_component>
      <object_component id="oc-14a">
         <name>.text:_args_main</name>
         <load_address>0x4d3c</load_address>
         <run_address>0x4d3c</run_address>
         <size>0x18</size>
         <input_file_ref idref="fl-113"/>
      </object_component>
      <object_component id="oc-9b6">
         <name>.text</name>
         <load_address>0x4d54</load_address>
         <run_address>0x4d54</run_address>
         <size>0x18</size>
         <input_file_ref idref="fl-101"/>
      </object_component>
      <object_component id="oc-6ce">
         <name>.text:HwiP_setFunc</name>
         <load_address>0x4d6c</load_address>
         <run_address>0x4d6c</run_address>
         <size>0x16</size>
         <input_file_ref idref="fl-32"/>
      </object_component>
      <object_component id="oc-bb">
         <name>.text:NOROM_ThisLibraryIsFor_CC13x0_HwRev20AndLater_HaltIfViolated</name>
         <load_address>0x4d82</load_address>
         <run_address>0x4d82</run_address>
         <size>0x16</size>
         <input_file_ref idref="fl-3a"/>
      </object_component>
      <object_component id="oc-94d">
         <name>.text:RF_restartClockTimeout</name>
         <load_address>0x4d98</load_address>
         <run_address>0x4d98</run_address>
         <size>0x16</size>
         <input_file_ref idref="fl-15"/>
      </object_component>
      <object_component id="oc-4a7">
         <name>.text:List_clearList</name>
         <load_address>0x4dae</load_address>
         <run_address>0x4dae</run_address>
         <size>0x14</size>
         <input_file_ref idref="fl-18"/>
      </object_component>
      <object_component id="oc-3d">
         <name>.text:faultISR</name>
         <load_address>0x4dc2</load_address>
         <run_address>0x4dc2</run_address>
         <size>0x2</size>
         <input_file_ref idref="fl-34"/>
      </object_component>
      <object_component id="oc-723">
         <name>.text:NOROM_AONRTCCurrent64BitValueGet</name>
         <load_address>0x4dc4</load_address>
         <run_address>0x4dc4</run_address>
         <size>0x14</size>
         <input_file_ref idref="fl-38"/>
      </object_component>
      <object_component id="oc-aa5">
         <name>.text:Power_disablePolicy</name>
         <load_address>0x4dd8</load_address>
         <run_address>0x4dd8</run_address>
         <size>0x14</size>
         <input_file_ref idref="fl-20"/>
      </object_component>
      <object_component id="oc-3b4">
         <name>.text:RF_Params_init</name>
         <load_address>0x4dec</load_address>
         <run_address>0x4dec</run_address>
         <size>0x14</size>
         <input_file_ref idref="fl-15"/>
      </object_component>
      <object_component id="oc-93a">
         <name>.text:RF_dbellSyncOnAck</name>
         <load_address>0x4e00</load_address>
         <run_address>0x4e00</run_address>
         <size>0x14</size>
         <input_file_ref idref="fl-15"/>
      </object_component>
      <object_component id="oc-6b5">
         <name>.text:RF_ratGetChannel</name>
         <load_address>0x4e14</load_address>
         <run_address>0x4e14</run_address>
         <size>0x14</size>
         <input_file_ref idref="fl-15"/>
      </object_component>
      <object_component id="oc-677">
         <name>.text:SwiP_handleHwi</name>
         <load_address>0x4e28</load_address>
         <run_address>0x4e28</run_address>
         <size>0x14</size>
         <input_file_ref idref="fl-2e"/>
      </object_component>
      <object_component id="oc-78c">
         <name>.text:TimerP_startup</name>
         <load_address>0x4e3c</load_address>
         <run_address>0x4e3c</run_address>
         <size>0x14</size>
         <input_file_ref idref="fl-31"/>
      </object_component>
      <object_component id="oc-819">
         <name>.text:configureRFCoreClocks</name>
         <load_address>0x4e50</load_address>
         <run_address>0x4e50</run_address>
         <size>0x14</size>
         <input_file_ref idref="fl-20"/>
      </object_component>
      <object_component id="oc-28">
         <name>.text:resetISR</name>
         <load_address>0x4e64</load_address>
         <run_address>0x4e64</run_address>
         <size>0x14</size>
         <input_file_ref idref="fl-34"/>
      </object_component>
      <object_component id="oc-489">
         <name>.text:HwiP_Params_init</name>
         <load_address>0x4e78</load_address>
         <run_address>0x4e78</run_address>
         <size>0x12</size>
         <input_file_ref idref="fl-32"/>
      </object_component>
      <object_component id="oc-43">
         <name>.text:intDefaultHandler</name>
         <load_address>0x4e8a</load_address>
         <run_address>0x4e8a</run_address>
         <size>0x2</size>
         <input_file_ref idref="fl-34"/>
      </object_component>
      <object_component id="oc-5bc">
         <name>.text:ClockP_Params_init</name>
         <load_address>0x4e8c</load_address>
         <run_address>0x4e8c</run_address>
         <size>0x10</size>
         <input_file_ref idref="fl-30"/>
      </object_component>
      <object_component id="oc-471">
         <name>.text:HwiP_disable</name>
         <load_address>0x4e9c</load_address>
         <run_address>0x4e9c</run_address>
         <size>0x10</size>
         <input_file_ref idref="fl-32"/>
      </object_component>
      <object_component id="oc-72f">
         <name>.text:HwiP_enableInterrupt</name>
         <load_address>0x4eac</load_address>
         <run_address>0x4eac</run_address>
         <size>0x10</size>
         <input_file_ref idref="fl-32"/>
      </object_component>
      <object_component id="oc-953">
         <name>.text:HwiP_post</name>
         <load_address>0x4ebc</load_address>
         <run_address>0x4ebc</run_address>
         <size>0x10</size>
         <input_file_ref idref="fl-32"/>
      </object_component>
      <object_component id="oc-6f3">
         <name>.text:NOROM_RFCHwIntGetAndClear</name>
         <load_address>0x4ecc</load_address>
         <run_address>0x4ecc</run_address>
         <size>0x10</size>
         <input_file_ref idref="fl-40"/>
      </object_component>
      <object_component id="oc-934">
         <name>.text:NOROM_RFCRfTrimSet</name>
         <load_address>0x4edc</load_address>
         <run_address>0x4edc</run_address>
         <size>0x10</size>
         <input_file_ref idref="fl-40"/>
      </object_component>
      <object_component id="oc-1e2">
         <name>.text:NOROM_SetupGetTrimForXoscHfFastStart</name>
         <load_address>0x4eec</load_address>
         <run_address>0x4eec</run_address>
         <size>0x10</size>
         <input_file_ref idref="fl-42"/>
      </object_component>
      <object_component id="oc-19e">
         <name>.text:NOROM_SetupGetTrimForXoscHfIbiastherm</name>
         <load_address>0x4efc</load_address>
         <run_address>0x4efc</run_address>
         <size>0x10</size>
         <input_file_ref idref="fl-42"/>
      </object_component>
      <object_component id="oc-602">
         <name>.text:PINCC26XX_getPinCount</name>
         <load_address>0x4f0c</load_address>
         <run_address>0x4f0c</run_address>
         <size>0x10</size>
         <input_file_ref idref="fl-1f"/>
      </object_component>
      <object_component id="oc-ad8">
         <name>.text:PowerCC26XX_schedulerDisable</name>
         <load_address>0x4f1c</load_address>
         <run_address>0x4f1c</run_address>
         <size>0x10</size>
         <input_file_ref idref="fl-33"/>
      </object_component>
      <object_component id="oc-7bf">
         <name>.text:Power_enablePolicy</name>
         <load_address>0x4f2c</load_address>
         <run_address>0x4f2c</run_address>
         <size>0x10</size>
         <input_file_ref idref="fl-20"/>
      </object_component>
      <object_component id="oc-729">
         <name>.text:RF_dbellSubmitCmdAsync</name>
         <load_address>0x4f3c</load_address>
         <run_address>0x4f3c</run_address>
         <size>0x10</size>
         <input_file_ref idref="fl-15"/>
      </object_component>
      <object_component id="oc-97c">
         <name>.text:RF_isClientOwner</name>
         <load_address>0x4f4c</load_address>
         <run_address>0x4f4c</run_address>
         <size>0x10</size>
         <input_file_ref idref="fl-15"/>
      </object_component>
      <object_component id="oc-6a1">
         <name>.text:SemaphoreP_Params_init</name>
         <load_address>0x4f5c</load_address>
         <run_address>0x4f5c</run_address>
         <size>0x10</size>
         <input_file_ref idref="fl-2d"/>
      </object_component>
      <object_component id="oc-47d">
         <name>.text:SwiP_Params_init</name>
         <load_address>0x4f6c</load_address>
         <run_address>0x4f6c</run_address>
         <size>0x10</size>
         <input_file_ref idref="fl-2e"/>
      </object_component>
      <object_component id="oc-541">
         <name>.text:TimerP_Params_init</name>
         <load_address>0x4f7c</load_address>
         <run_address>0x4f7c</run_address>
         <size>0x10</size>
         <input_file_ref idref="fl-31"/>
      </object_component>
      <object_component id="oc-76f">
         <name>.text:applyGenfskPatch</name>
         <load_address>0x4f8c</load_address>
         <run_address>0x4f8c</run_address>
         <size>0x10</size>
         <input_file_ref idref="fl-8"/>
      </object_component>
      <object_component id="oc-a08">
         <name>.text:NOROM_VIMSModeGet</name>
         <load_address>0x4f9c</load_address>
         <run_address>0x4f9c</run_address>
         <size>0xe</size>
         <input_file_ref idref="fl-44"/>
      </object_component>
      <object_component id="oc-a81">
         <name>.text:QueueP_empty</name>
         <load_address>0x4faa</load_address>
         <run_address>0x4faa</run_address>
         <size>0xe</size>
         <input_file_ref idref="fl-35"/>
      </object_component>
      <object_component id="oc-9db">
         <name>.text:QueueP_remove</name>
         <load_address>0x4fb8</load_address>
         <run_address>0x4fb8</run_address>
         <size>0xe</size>
         <input_file_ref idref="fl-35"/>
      </object_component>
      <object_component id="oc-21">
         <name>.text:decompress:none:__TI_decompress_none</name>
         <load_address>0x4fc6</load_address>
         <run_address>0x4fc6</run_address>
         <size>0xe</size>
         <input_file_ref idref="fl-107"/>
      </object_component>
      <object_component id="oc-55f">
         <name>.text:ClockP_doTick</name>
         <load_address>0x4fd4</load_address>
         <run_address>0x4fd4</run_address>
         <size>0xc</size>
         <input_file_ref idref="fl-30"/>
      </object_component>
      <object_component id="oc-6f">
         <name>.text:NOROM_CPUcpsid</name>
         <load_address>0x4fe0</load_address>
         <run_address>0x4fe0</run_address>
         <size>0xc</size>
         <input_file_ref idref="fl-3b"/>
      </object_component>
      <object_component id="oc-390">
         <name>.text:NOROM_CPUcpsie</name>
[...]
         <name>TimerP_setThreshold</name>
         <value>0x454d</value>
         <object_component_ref idref="oc-acc"/>
      </symbol>
      <symbol id="sm-c87">
         <name>TimerP_dynamicStub</name>
         <value>0x4b81</value>
         <object_component_ref idref="oc-792"/>
      </symbol>
      <symbol id="sm-c88">
         <name>TimerP_getMaxTicks</name>
         <value>0x487d</value>
         <object_component_ref idref="oc-54d"/>
      </symbol>
      <symbol id="sm-c89">
         <name>TimerP_construct</name>
         <value>0x27a5</value>
         <object_component_ref idref="oc-547"/>
      </symbol>
      <symbol id="sm-c8a">
         <name>TimerP_getFreq</name>
         <value>0x5041</value>
         <object_component_ref idref="oc-553"/>
      </symbol>
      <symbol id="sm-c8b">
         <name>TimerP_initDevice</name>
         <value>0x4425</value>
         <object_component_ref idref="oc-786"/>
      </symbol>
      <symbol id="sm-c8c">
         <name>TimerP_startup</name>
         <value>0x4e3d</value>
         <object_component_ref idref="oc-78c"/>
      </symbol>
      <symbol id="sm-c8d">
         <name>TimerP_start</name>
         <value>0x34c1</value>
         <object_component_ref idref="oc-9a8"/>
      </symbol>
      <symbol id="sm-c8e">
         <name>TimerP_Params_init</name>
         <value>0x4f7d</value>
         <object_component_ref idref="oc-541"/>
      </symbol>
      <symbol id="sm-d07">
         <name>HwiP_construct</name>
         <value>0x32f1</value>
         <object_component_ref idref="oc-48f"/>
      </symbol>
      <symbol id="sm-d08">
         <name>HwiP_inISR</name>
         <value>0x4c05</value>
         <object_component_ref idref="oc-a9f"/>
      </symbol>
      <symbol id="sm-d09">
         <name>HwiP_swiPIntNum</name>
         <value>0x20000824</value>
         <object_component_ref idref="oc-674"/>
      </symbol>
      <symbol id="sm-d0a">
         <name>HwiP_Params_init</name>
         <value>0x4e79</value>
         <object_component_ref idref="oc-489"/>
      </symbol>
      <symbol id="sm-d0b">
         <name>HwiP_disable</name>
         <value>0x4e9d</value>
         <object_component_ref idref="oc-471"/>
      </symbol>
      <symbol id="sm-d0c">
         <name>HwiP_enableInterrupt</name>
         <value>0x4ead</value>
         <object_component_ref idref="oc-72f"/>
      </symbol>
      <symbol id="sm-d0d">
         <name>HwiP_setFunc</name>
         <value>0x4d6d</value>
         <object_component_ref idref="oc-6ce"/>
      </symbol>
      <symbol id="sm-d0e">
         <name>HwiP_post</name>
         <value>0x4ebd</value>
         <object_component_ref idref="oc-953"/>
      </symbol>
      <symbol id="sm-d0f">
         <name>HwiP_enable</name>
         <value>0x509d</value>
         <object_component_ref idref="oc-209"/>
      </symbol>
      <symbol id="sm-d10">
         <name>HwiP_restore</name>
         <value>0x5069</value>
         <object_component_ref idref="oc-477"/>
      </symbol>
      <symbol id="sm-d4b">
         <name>PowerCC26XX_schedulerDisable</name>
         <value>0x4f1d</value>
         <object_component_ref idref="oc-ad8"/>
      </symbol>
      <symbol id="sm-d4c">
         <name>PowerCC26XX_schedulerRestore</name>
         <value>0x5005</value>
         <object_component_ref idref="oc-ade"/>
      </symbol>
      <symbol id="sm-d4d">
         <name>PowerCC26XX_standbyPolicy</name>
         <value>0x1a99</value>
         <object_component_ref idref="oc-7ee"/>
      </symbol>
      <symbol id="sm-d7e">
         <name>resetISR</name>
         <value>0x4e65</value>
         <object_component_ref idref="oc-28"/>
      </symbol>
      <symbol id="sm-d7f">
         <name>g_pfnVectors</name>
         <value>0x0</value>
         <object_component_ref idref="oc-18"/>
      </symbol>
      <symbol id="sm-dbc">
         <name>QueueP_next</name>
         <value>0x50ad</value>
         <object_component_ref idref="oc-9c2"/>
      </symbol>
      <symbol id="sm-dbd">
         <name>QueueP_put</name>
         <value>0x4af5</value>
         <object_component_ref idref="oc-68c"/>
      </symbol>
      <symbol id="sm-dbe">
         <name>QueueP_remove</name>
         <value>0x4fb9</value>
         <object_component_ref idref="oc-9db"/>
      </symbol>
      <symbol id="sm-dbf">
         <name>QueueP_head</name>
         <value>0x50a9</value>
         <object_component_ref idref="oc-9bc"/>
      </symbol>
      <symbol id="sm-dc0">
         <name>QueueP_init</name>
         <value>0x5085</value>
         <object_component_ref idref="oc-53b"/>
      </symbol>
      <symbol id="sm-dc1">
         <name>QueueP_empty</name>
         <value>0x4fab</value>
         <object_component_ref idref="oc-a81"/>
      </symbol>
      <symbol id="sm-dc2">
         <name>QueueP_get</name>
         <value>0x4bb9</value>
         <object_component_ref idref="oc-a7b"/>
      </symbol>
      <symbol id="sm-de3">
         <name>SafeHapiVoid</name>
         <value>0x47a1</value>
         <object_component_ref idref="oc-a30"/>
      </symbol>
      <symbol id="sm-df0">
         <name>NOROM_AONBatMonTemperatureGetDegC</name>
         <value>0x46d9</value>
         <object_component_ref idref="oc-afd"/>
      </symbol>
      <symbol id="sm-e0f">
         <name>NOROM_AONRTCCurrentCompareValueGet</name>
         <value>0x4c1d</value>
         <object_component_ref idref="oc-a36"/>
      </symbol>
      <symbol id="sm-e10">
         <name>NOROM_AONRTCCurrent64BitValueGet</name>
         <value>0x4dc5</value>
         <object_component_ref idref="oc-723"/>
      </symbol>
      <symbol id="sm-e4a">
         <name>NOROM_ChipInfo_GetChipType</name>
         <value>0x448d</value>
         <object_component_ref idref="oc-5f6"/>
      </symbol>
      <symbol id="sm-e4b">
         <name>NOROM_ChipInfo_GetHwRevision</name>
         <value>0x3fe1</value>
         <object_component_ref idref="oc-11e"/>
      </symbol>
      <symbol id="sm-e4c">
         <name>NOROM_ThisLibraryIsFor_CC13x0_HwRev20AndLater_HaltIfViolated</name>
         <value>0x4d83</value>
         <object_component_ref idref="oc-bb"/>
      </symbol>
      <symbol id="sm-e4d">
         <name>NOROM_ChipInfo_GetChipFamily</name>
         <value>0x4a85</value>
         <object_component_ref idref="oc-118"/>
      </symbol>
      <symbol id="sm-e4e">
         <name>NOROM_ChipInfo_GetPackageType</name>
         <value>0x4c35</value>
         <object_component_ref idref="oc-5fc"/>
      </symbol>
      <symbol id="sm-e62">
         <name>NOROM_CPUdelay</name>
         <value>0x507f</value>
         <object_component_ref idref="oc-a62"/>
      </symbol>
      <symbol id="sm-e63">
         <name>NOROM_CPUcpsie</name>
         <value>0x4fed</value>
         <object_component_ref idref="oc-390"/>
      </symbol>
      <symbol id="sm-e64">
         <name>NOROM_CPUcpsid</name>
         <value>0x4fe1</value>
         <object_component_ref idref="oc-6f"/>
      </symbol>
      <symbol id="sm-e6a">
         <name>driverlib_release_0_56883</name>
         <value>0x200005e6</value>
      </symbol>
      <symbol id="sm-e83">
         <name>NOROM_IntRegister</name>
         <value>0x4389</value>
         <object_component_ref idref="oc-67f"/>
      </symbol>
      <symbol id="sm-e84">
         <name>g_pfnRAMVectors</name>
         <value>0x20000d00</value>
         <object_component_ref idref="oc-8a9"/>
      </symbol>
      <symbol id="sm-ee4">
         <name>NOROM_OSCHF_TurnOnXosc</name>
         <value>0x4c4d</value>
         <object_component_ref idref="oc-a42"/>
      </symbol>
      <symbol id="sm-ee5">
         <name>NOROM_OSC_HPOSCRelativeFrequencyOffsetToRFCoreFormatConvert</name>
         <value>0x4ff9</value>
         <object_component_ref idref="oc-b09"/>
      </symbol>
      <symbol id="sm-ee6">
         <name>NOROM_OSCHF_AttemptToSwitchToXosc</name>
         <value>0x38e1</value>
         <object_component_ref idref="oc-809"/>
      </symbol>
      <symbol id="sm-ee7">
         <name>NOROM_OSCClockSourceSet</name>
         <value>0x3a0d</value>
         <object_component_ref idref="oc-1ee"/>
      </symbol>
      <symbol id="sm-ee8">
         <name>NOROM_OSCClockSourceGet</name>
         <value>0x45d5</value>
         <object_component_ref idref="oc-1e8"/>
      </symbol>
      <symbol id="sm-ee9">
         <name>NOROM_OSCHF_SwitchToRcOscTurnOffXosc</name>
         <value>0x43bd</value>
         <object_component_ref idref="oc-a48"/>
      </symbol>
      <symbol id="sm-eea">
         <name>NOROM_OSC_HPOSCRelativeFrequencyOffsetGet</name>
         <value>0x4061</value>
         <object_component_ref idref="oc-b03"/>
      </symbol>
      <symbol id="sm-f9d">
         <name>NOROM_RFCDoorbellSendTo</name>
         <value>0x4701</value>
         <object_component_ref idref="oc-8eb"/>
      </symbol>
      <symbol id="sm-f9e">
         <name>NOROM_RFCAdi3VcoLdoVoltageMode</name>
         <value>0x494d</value>
         <object_component_ref idref="oc-90a"/>
      </symbol>
      <symbol id="sm-f9f">
         <name>NOROM_RFCSynthPowerDown</name>
         <value>0x409d</value>
         <object_component_ref idref="oc-910"/>
      </symbol>
      <symbol id="sm-fa0">
         <name>NOROM_RFCCpePatchReset</name>
         <value>0x4601</value>
         <object_component_ref idref="oc-aac"/>
      </symbol>
      <symbol id="sm-fa1">
         <name>NOROM_RFCOverrideUpdate</name>
         <value>0x50a1</value>
         <object_component_ref idref="oc-46b"/>
      </symbol>
      <symbol id="sm-fa2">
         <name>NOROM_RFCOverrideSearch</name>
         <value>0x4729</value>
         <object_component_ref idref="oc-863"/>
      </symbol>
      <symbol id="sm-fa3">
         <name>NOROM_RFCRTrim</name>
         <value>0x21ad</value>
         <object_component_ref idref="oc-659"/>
      </symbol>
      <symbol id="sm-fa4">
         <name>NOROM_RFCRfTrimSet</name>
         <value>0x4edd</value>
         <object_component_ref idref="oc-934"/>
      </symbol>
      <symbol id="sm-fa5">
         <name>NOROM_RFCRfTrimRead</name>
         <value>0x1f39</value>
         <object_component_ref idref="oc-92e"/>
      </symbol>
      <symbol id="sm-fa6">
         <name>NOROM_RFCCpeIntGetAndClear</name>
         <value>0x4c65</value>
         <object_component_ref idref="oc-6c8"/>
      </symbol>
      <symbol id="sm-fa7">
         <name>NOROM_RFCHwIntGetAndClear</name>
         <value>0x4ecd</value>
         <object_component_ref idref="oc-6f3"/>
      </symbol>
      <symbol id="sm-fdb">
         <name>NOROM_SetupTrimDevice</name>
         <value>0x28fd</value>
         <object_component_ref idref="oc-75"/>
      </symbol>
      <symbol id="sm-10ea">
         <name>NOROM_SetupGetTrimForRadcExtCfg</name>
         <value>0x462d</value>
         <object_component_ref idref="oc-1da"/>
      </symbol>
      <symbol id="sm-10eb">
         <name>NOROM_SetupGetTrimForAmpcompCtrl</name>
         <value>0x3609</value>
         <object_component_ref idref="oc-1b0"/>
      </symbol>
      <symbol id="sm-10ec">
         <name>NOROM_SetupSetAonRtcSubSecInc</name>
         <value>0x44bd</value>
         <object_component_ref idref="oc-1f4"/>
      </symbol>
      <symbol id="sm-10ed">
         <name>NOROM_SetupGetTrimForAnabypassValue1</name>
         <value>0x3671</value>
         <object_component_ref idref="oc-18c"/>
      </symbol>
      <symbol id="sm-10ee">
         <name>NOROM_SetupGetTrimForXoscHfIbiastherm</name>
         <value>0x4efd</value>
         <object_component_ref idref="oc-19e"/>
      </symbol>
      <symbol id="sm-10ef">
         <name>NOROM_SetupGetTrimForRcOscLfIBiasTrim</name>
         <value>0x4cdd</value>
         <object_component_ref idref="oc-1ce"/>
      </symbol>
      <symbol id="sm-10f0">
         <name>NOROM_SetupSetCacheModeAccordingToCcfgSetting</name>
         <value>0x3d45</value>
         <object_component_ref idref="oc-c1"/>
      </symbol>
      <symbol id="sm-10f1">
         <name>NOROM_SetupAfterColdResetWakeupFromShutDownCfg1</name>
         <value>0x2a4d</value>
         <object_component_ref idref="oc-126"/>
      </symbol>
      <symbol id="sm-10f2">
         <name>NOROM_SetupAfterColdResetWakeupFromShutDownCfg3</name>
         <value>0x1625</value>
         <object_component_ref idref="oc-132"/>
      </symbol>
      <symbol id="sm-10f3">
         <name>NOROM_SetupAfterColdResetWakeupFromShutDownCfg2</name>
         <value>0x1b99</value>
         <object_component_ref idref="oc-12c"/>
      </symbol>
      <symbol id="sm-10f4">
         <name>NOROM_SetupGetTrimForRcOscLfRtuneCtuneTrim</name>
         <value>0x4abd</value>
         <object_component_ref idref="oc-198"/>
      </symbol>
      <symbol id="sm-10f5">
         <name>NOROM_SetupGetTrimForXoscHfFastStart</name>
         <value>0x4eed</value>
         <object_component_ref idref="oc-1e2"/>
      </symbol>
      <symbol id="sm-10f6">
         <name>NOROM_SetupGetTrimForXoscLfRegulatorAndCmirrwrRatio</name>
         <value>0x4cf5</value>
         <object_component_ref idref="oc-1d4"/>
      </symbol>
      <symbol id="sm-10f7">
         <name>NOROM_SetupGetTrimForXoscHfCtl</name>
         <value>0x496d</value>
         <object_component_ref idref="oc-1c2"/>
      </symbol>
      <symbol id="sm-10f8">
         <name>NOROM_SetupGetTrimForDblrLoopFilterResetVoltage</name>
         <value>0x4cc5</value>
         <object_component_ref idref="oc-1c8"/>
      </symbol>
      <symbol id="sm-10f9">
         <name>NOROM_SetupGetTrimForAdcShModeEn</name>
         <value>0x4c7d</value>
         <object_component_ref idref="oc-1b6"/>
      </symbol>
      <symbol id="sm-10fa">
         <name>NOROM_SetupGetTrimForAdcShVbufEn</name>
         <value>0x4c95</value>
         <object_component_ref idref="oc-1bc"/>
      </symbol>
      <symbol id="sm-10fb">
         <name>NOROM_SetupSetVddrLevel</name>
         <value>0x33dd</value>
         <object_component_ref idref="oc-185"/>
      </symbol>
      <symbol id="sm-10fc">
         <name>NOROM_SetupGetTrimForAmpcompTh1</name>
         <value>0x4cad</value>
         <object_component_ref idref="oc-1aa"/>
      </symbol>
      <symbol id="sm-10fd">
         <name>NOROM_SetupGetTrimForAmpcompTh2</name>
         <value>0x4aa1</value>
         <object_component_ref idref="oc-1a4"/>
      </symbol>
      <symbol id="sm-114f">
         <name>NOROM_SysCtrl_DCDC_VoltageConditionalControl</name>
         <value>0x3741</value>
         <object_component_ref idref="oc-9f0"/>
      </symbol>
      <symbol id="sm-1150">
         <name>NOROM_SysCtrlAdjustRechargeAfterPowerDown</name>
         <value>0x36d9</value>
         <object_component_ref idref="oc-af0"/>
      </symbol>
      <symbol id="sm-1151">
         <name>NOROM_SysCtrlSetRechargeBeforePowerDown</name>
         <value>0x861</value>
         <object_component_ref idref="oc-aea"/>
      </symbol>
      <symbol id="sm-115e">
         <name>NOROM_VIMSModeGet</name>
         <value>0x4f9d</value>
         <object_component_ref idref="oc-a08"/>
      </symbol>
      <symbol id="sm-1170">
         <name>NOROM_DDI32RegWrite</name>
         <value>0x45a9</value>
         <object_component_ref idref="oc-192"/>
      </symbol>
      <symbol id="sm-117f">
         <name>__aeabi_lmul</name>
         <value>0x4d55</value>
         <object_component_ref idref="oc-9b6"/>
      </symbol>
      <symbol id="sm-119a">
         <name>memcpy</name>
         <value>0x2e0d</value>
         <object_component_ref idref="oc-57"/>
      </symbol>
      <symbol id="sm-119b">
         <name>__aeabi_memcpy</name>
         <value>0x2e0d</value>
         <object_component_ref idref="oc-57"/>
      </symbol>
      <symbol id="sm-119c">
         <name>__aeabi_memcpy8</name>
         <value>0x2e0d</value>
         <object_component_ref idref="oc-57"/>
      </symbol>
      <symbol id="sm-119d">
         <name>__aeabi_memcpy4</name>
         <value>0x2e0d</value>
         <object_component_ref idref="oc-57"/>
      </symbol>
      <symbol id="sm-11ab">
         <name>__aeabi_uldivmod</name>
         <value>0x2fd9</value>
         <object_component_ref idref="oc-3dc"/>
      </symbol>
      <symbol id="sm-11ba">
         <name>__aeabi_memset</name>
         <value>0x3277</value>
         <object_component_ref idref="oc-af"/>
      </symbol>
      <symbol id="sm-11bb">
         <name>memset</name>
         <value>0x327d</value>
         <object_component_ref idref="oc-af"/>
      </symbol>
      <symbol id="sm-11bc">
         <name>__aeabi_memset8</name>
         <value>0x3277</value>
         <object_component_ref idref="oc-af"/>
      </symbol>
      <symbol id="sm-11bd">
         <name>__aeabi_memset4</name>
         <value>0x3277</value>
         <object_component_ref idref="oc-af"/>
      </symbol>
      <symbol id="sm-11be">
         <name>__aeabi_memclr8</name>
         <value>0x3275</value>
         <object_component_ref idref="oc-af"/>
      </symbol>
      <symbol id="sm-11bf">
         <name>__aeabi_memclr4</name>
         <value>0x3275</value>
         <object_component_ref idref="oc-af"/>
      </symbol>
      <symbol id="sm-11c0">
         <name>__aeabi_memclr</name>
         <value>0x3275</value>
         <object_component_ref idref="oc-af"/>
      </symbol>
      <symbol id="sm-11d2">
         <name>__TI_zero_init</name>
         <value>0x504d</value>
         <object_component_ref idref="oc-69"/>
      </symbol>
      <symbol id="sm-11e9">
         <name>__TI_decompress_none</name>
         <value>0x4fc7</value>
         <object_component_ref idref="oc-21"/>
      </symbol>
      <symbol id="sm-120c">
         <name>__TI_decompress_lzss</name>
         <value>0x3811</value>
         <object_component_ref idref="oc-1b"/>
      </symbol>
      <symbol id="sm-1221">
         <name>_sys_memory</name>
         <value>0x20000b18</value>
         <object_component_ref idref="oc-31"/>
      </symbol>
      <symbol id="sm-1235">
         <name>__stack</name>
         <value>0x20004c00</value>
         <object_component_ref idref="oc-34"/>
      </symbol>
      <symbol id="sm-1236">
         <name>_c_int00</name>
         <value>0x48a1</value>
         <object_component_ref idref="oc-e0"/>
      </symbol>
      <symbol id="sm-1240">
         <name>__aeabi_idiv0</name>
         <value>0x50c3</value>
         <object_component_ref idref="oc-52d"/>
      </symbol>
      <symbol id="sm-1241">
         <name>__aeabi_ldiv0</name>
         <value>0x50c3</value>
         <object_component_ref idref="oc-52d"/>
      </symbol>
      <symbol id="sm-1269">
         <name>__TI_auto_init_nobinit_nopinit</name>
         <value>0x3f5d</value>
         <object_component_ref idref="oc-238"/>
      </symbol>
      <symbol id="sm-1273">
         <name>_system_pre_init</name>
         <value>0x50b5</value>
         <object_component_ref idref="oc-13a"/>
      </symbol>
      <symbol id="sm-127f">
         <name>C$$EXIT</name>
         <value>0x50b9</value>
         <object_component_ref idref="oc-22c"/>
      </symbol>
      <symbol id="sm-1280">
         <name>abort</name>
         <value>0x50b9</value>
         <object_component_ref idref="oc-22c"/>
      </symbol>
      <symbol id="sm-1295">
         <name>_args_main</name>
         <value>0x4d3d</value>
         <object_component_ref idref="oc-14a"/>
      </symbol>
      <symbol id="sm-1296">
         <name>__TI_static_base__</name>
         <value>0x0</value>
      </symbol>
      <symbol id="sm-1299">
         <name>__mpu_init</name>
         <value>0x0</value>
      </symbol>
      <symbol id="sm-129a">
         <name>_system_post_cinit</name>
         <value>0x0</value>
      </symbol>
      <symbol id="sm-129b">
         <name>sleep</name>
         <value>0x46b1</value>
      </symbol>
      <symbol id="sm-129c">
         <name>NoRTOS_start</name>
         <value>0x509d</value>
      </symbol>
   </symbol_table>
   <title>Link successful</title>
</link_info>
